D/AudioMTKPolicyManager( 3983): loadHwModule() loading input primary
D/AudioMTKPolicyManager( 3983): loadSamplingRates() adding rate 8000
D/AudioMTKPolicyManager( 3983): loadSamplingRates() adding rate 16000
D/AudioMTKPolicyManager( 3983): loadSamplingRates() adding rate 32000
D/AudioMTKPolicyManager( 3983): loadSamplingRates() adding rate 44100
D/AudioMTKPolicyManager( 3983): loadSamplingRates() adding rate 48000
D/AudioMTKPolicyManager( 3983): loadInChannels() AUDIO_CHANNEL_IN_MONO
D/AudioMTKPolicyManager( 3983): stringToEnum() found AUDIO_CHANNEL_IN_MONO
D/AudioMTKPolicyManager( 3983): loadInChannels() adding channelMask 0010
D/AudioMTKPolicyManager( 3983): stringToEnum() found AUDIO_CHANNEL_IN_STEREO
D/AudioMTKPolicyManager( 3983): loadInChannels() adding channelMask 000c
D/AudioMTKPolicyManager( 3983): stringToEnum() found AUDIO_FORMAT_PCM_16_BIT
D/AudioMTKPolicyManager( 3983): stringToEnum() found AUDIO_DEVICE_IN_BUILTIN_MIC
D/AudioMTKPolicyManager( 3983): stringToEnum() found AUDIO_DEVICE_IN_WIRED_HEADSET
D/AudioMTKPolicyManager( 3983): stringToEnum() found AUDIO_DEVICE_IN_AUX_DIGITAL
D/AudioMTKPolicyManager( 3983): stringToEnum() found AUDIO_DEVICE_IN_MATV
D/AudioMTKPolicyManager( 3983): stringToEnum() found AUDIO_DEVICE_IN_VOICE_CALL
D/AudioMTKPolicyManager( 3983): stringToEnum() found AUDIO_DEVICE_IN_BACK_MIC
D/AudioMTKPolicyManager( 3983): stringToEnum() found AUDIO_DEVICE_IN_ALL_SCO
D/AudioMTKPolicyManager( 3983): stringToEnum() found AUDIO_DEVICE_IN_FM
D/AudioMTKPolicyManager( 3983): loadInput() adding input mSupportedDevices 890000fc
D/AudioMTKPolicyManager( 3983): loadHwModules() loading module a2dp
D/AudioMTKPolicyManager( 3983): loadHwModule() loading output a2dp
D/AudioMTKPolicyManager( 3983): loadSamplingRates() adding rate 44100
D/AudioMTKPolicyManager( 3983): loadOutChannels() AUDIO_CHANNEL_OUT_STEREO
D/AudioMTKPolicyManager( 3983): stringToEnum() found AUDIO_CHANNEL_OUT_STEREO
D/AudioMTKPolicyManager( 3983): stringToEnum() found AUDIO_FORMAT_PCM_16_BIT
D/AudioMTKPolicyManager( 3983): stringToEnum() found AUDIO_DEVICE_OUT_ALL_A2DP
D/AudioMTKPolicyManager( 3983): loadOutput() adding output mSupportedDevices 0380, mFlags 0000
D/AudioMTKPolicyManager( 3983): loadHwModules() loading module usb
D/AudioMTKPolicyManager( 3983): loadHwModule() loading output usb_accessory
D/AudioMTKPolicyManager( 3983): loadSamplingRates() adding rate 44100
D/AudioMTKPolicyManager( 3983): loadOutChannels() AUDIO_CHANNEL_OUT_STEREO
D/AudioMTKPolicyManager( 3983): stringToEnum() found AUDIO_CHANNEL_OUT_STEREO
D/AudioMTKPolicyManager( 3983): stringToEnum() found AUDIO_FORMAT_PCM_16_BIT
D/AudioMTKPolicyManager( 3983): stringToEnum() found AUDIO_DEVICE_OUT_USB_ACCESSORY
D/AudioMTKPolicyManager( 3983): loadOutput() adding output mSupportedDevices 2000, mFlags 0000
D/AudioMTKPolicyManager( 3983): loadHwModule() loading output usb_device
I/Netd    ( 3982): execIptablesCommand android_fork_execvp exit
D/AudioMTKPolicyManager( 3983): loadSamplingRates() adding rate 44100
D/AudioMTKPolicyManager( 3983): loadOutChannels() AUDIO_CHANNEL_OUT_STEREO
D/AudioMTKPolicyManager( 3983): stringToEnum() found AUDIO_CHANNEL_OUT_STEREO
D/AudioMTKPolicyManager( 3983): stringToEnum() found AUDIO_FORMAT_PCM_16_BIT
D/AudioMTKPolicyManager( 3983): stringToEnum() found AUDIO_DEVICE_OUT_USB_DEVICE
D/AudioMTKPolicyManager( 3983): loadOutput() adding output mSupportedDevices 4000, mFlags 0000
D/AudioMTKPolicyManager( 3983): loadHwModules() loading module r_submix
D/AudioMTKPolicyManager( 3983): loadHwModule() loading output r_submix
D/AudioMTKPolicyManager( 3983): loadSamplingRates() adding rate 48000
D/AudioMTKPolicyManager( 3983): loadOutChannels() AUDIO_CHANNEL_OUT_STEREO
I/Netd    ( 3982): execIptablesCommand android_fork_execvp enter
D/AudioMTKPolicyManager( 3983): stringToEnum() found AUDIO_CHANNEL_OUT_STEREO
D/AudioMTKPolicyManager( 3983): stringToEnum() found AUDIO_FORMAT_PCM_16_BIT
D/AudioMTKPolicyManager( 3983): stringToEnum() found AUDIO_DEVICE_OUT_REMOTE_SUBMIX
D/AudioMTKPolicyManager( 3983): loadOutput() adding output mSupportedDevices 8000, mFlags 0000
D/AudioMTKPolicyManager( 3983): loadHwModule() loading input r_submix
D/AudioMTKPolicyManager( 3983): loadSamplingRates() adding rate 48000
D/AudioMTKPolicyManager( 3983): loadInChannels() AUDIO_CHANNEL_IN_STEREO
D/AudioMTKPolicyManager( 3983): stringToEnum() found AUDIO_CHANNEL_IN_STEREO
D/AudioMTKPolicyManager( 3983): loadInChannels() adding channelMask 000c
D/AudioMTKPolicyManager( 3983): stringToEnum() found AUDIO_FORMAT_PCM_16_BIT
D/AudioMTKPolicyManager( 3983): stringToEnum() found AUDIO_DEVICE_IN_REMOTE_SUBMIX
D/AudioMTKPolicyManager( 3983): loadInput() adding input mSupportedDevices 80000100
I/AudioMTKPolicyManager( 3983): loadAudioPolicyConfig() loaded /system/etc/audio_policy.conf
D/AudioFlinger( 3983): registerClient() client 0xb87a7eb0, pid 3983
W/AudioHardwareInterface( 3983): Creating Vendor Specific AudioHardware
D/AudioALSADriverUtility( 3983): AudioALSADriverUtility()
D/AudioALSADriverUtility( 3983): mMixer = 0xb87a8190
D/AudioALSAHardwareResourceManager( 3983): AudioALSAHardwareResourceManager()
D/AudioALSACodecDeviceBase( 3983): AudioALSACodecDeviceBase()
D/AudioALSACodecDeviceOutEarphonePMIC( 3983): AudioALSACodecDeviceOutEarphonePMIC()
D/AudioALSACodecDeviceOutEarphonePMIC( 3983): DeviceDoDcCalibrate()
D/AudioCustParam( 3983): GetDcCalibrationParamFromNV()
D/AudioCustParam( 3983): audioReadNVRamFile(), file_lid = 44, pBuf = 0xb87ae800, gUseBinderToAccessNVRam = 1
V/NVRAM   ( 3983): get_boot_mode: the mode=0
D/NVRAM   (  255): readFile
D/NVRAM   (  255): NVM_GetFileDesc ++
D/NVRAM   (  255): NVM_GetCfgFileTable : file_lid = 44
D/NVRAM   (  255): NVM_GetCfgFileTable done
D/NVRAM   (  255): Open /data/nvram/APCFG/APRDCL/Audio_Buffer_DC_Calibration_Param,LID:44
D/NVRAM   (  255): NVM_CmpFileVerNo 44  
D/NVRAM   (  255): NVM_GetCfgFileTable : file_lid = 44
D/NVRAM   (  255): NVM_CheckVerFile: 0
D/NVRAM   (  255): New version info file
D/NVRAM   (  255): Load File Version: 000, NvRam File Version: 000
D/NVRAM   (  255): no need to enc/dnc
D/NVRAM   (  255): NVM_CheckFileSize : 44 ++
D/NVRAM   (  255): iCustomBeginLID = 27
D/NVRAM   (  255): NVM_CheckVerFile: 1
D/NVRAM   (  255): NVM_GetCfgFileTable : file_lid = 44
D/NVRAM   (  255): NVM_CheckFileSize:stat_size:10,size in table:8
D/NVRAM   (  255): NVM_ProtectUserData
D/NVRAM   (  255): NVM_ProtectUserData:Check File
D/NVRAM   (  255): NVM_CheckFile: File is correct!
D/NVRAM   (  255): NVM_ProtectUserData:Check Success
D/NVRAM   (  255): NVM_GetFileDesc ProtectDataFile Check Success!!
D/NVRAM   (  255): NVM_GetFileDesc --
D/NVRAM   (  255): RecNum is :1
D/NVRAM   (  255): no need to enc/dnc
D/NVRAM   (  255): NVM_CloseFileDesc: Open by Readonly, no need to check when close
D/NVRAM   (  255): Read Done!Size is 8
D/NVRAM   (  255): readFile done!
D/dalvikvm( 3981): GC_EXPLICIT freed 28K (467), 4% free 897K/928K (before 926K/928K), paused 0ms+0ms, total 1ms
D/AudioCustParam( 3983): audioReadNVRamFile(), data = 0xb87ae858, read_size = 8
D/AudioALSACodecDeviceOutEarphonePMIC( 3983): cali_flag = 1 cali_val_hp_left = 2049 cali_val_hp_right = 2047 
D/AudioCustParam( 3983): GetDcCalibrationParamFromNV()
D/AudioCustParam( 3983): audioReadNVRamFile(), file_lid = 44, pBuf = 0xb87ae800, gUseBinderToAccessNVRam = 1
V/NVRAM   ( 3983): get_boot_mode: the mode=0
D/NVRAM   (  255): readFile
D/NVRAM   (  255): NVM_GetFileDesc ++
I/Netd    ( 3982): execIptablesCommand android_fork_execvp exit
I/Netd    ( 3982): execIptablesCommand android_fork_execvp enter
D/NVRAM   (  255): NVM_GetCfgFileTable : file_lid = 44
D/NVRAM   (  255): NVM_GetCfgFileTable done
D/NVRAM   (  255): Open /data/nvram/APCFG/APRDCL/Audio_Buffer_DC_Calibration_Param,LID:44
D/NVRAM   (  255): NVM_CmpFileVerNo 44  
D/NVRAM   (  255): NVM_GetCfgFileTable : file_lid = 44
D/NVRAM   (  255): NVM_CheckVerFile: 0
D/NVRAM   (  255): New version info file
D/NVRAM   (  255): Load File Version: 000, NvRam File Version: 000
D/NVRAM   (  255): no need to enc/dnc
D/NVRAM   (  255): NVM_CheckFileSize : 44 ++
D/NVRAM   (  255): iCustomBeginLID = 27
D/NVRAM   (  255): NVM_CheckVerFile: 1
D/NVRAM   (  255): NVM_GetCfgFileTable : file_lid = 44
D/NVRAM   (  255): NVM_CheckFileSize:stat_size:10,size in table:8
D/NVRAM   (  255): NVM_ProtectUserData
D/NVRAM   (  255): NVM_ProtectUserData:Check File
D/NVRAM   (  255): NVM_CheckFile: File is correct!
D/NVRAM   (  255): NVM_ProtectUserData:Check Success
D/NVRAM   (  255): NVM_GetFileDesc ProtectDataFile Check Success!!
D/NVRAM   (  255): NVM_GetFileDesc --
D/NVRAM   (  255): RecNum is :1
D/NVRAM   (  255): no need to enc/dnc
D/NVRAM   (  255): NVM_CloseFileDesc: Open by Readonly, no need to check when close
D/NVRAM   (  255): Read Done!Size is 8
D/NVRAM   (  255): readFile done!
D/AudioCustParam( 3983): audioReadNVRamFile(), data = 0xb87ae858, read_size = 8
D/AudioALSACodecDeviceOutEarphonePMIC( 3983): cali_flag = 1 cali_val_hp_left = 2049 cali_val_hp_right = 2047 
D/AudioALSACodecDeviceBase( 3983): AudioALSACodecDeviceBase()
D/AudioALSACodecDeviceOutSpeakerNXP( 3983): AudioALSACodecDeviceOutSpeakerNXP()
D/        ( 3983): Tfa98xx: +MTK_Tfa98xx_SetBypassDspIncall, bypass= 1
D/TFA9890 ( 3983): [tfa9890_set_bypass_dsp_incall: 970]bypass: 1
D/        ( 3983): Tfa98xx: -MTK_Tfa98xx_SetBypassDspIncall
D/AudioALSACodecDeviceOutSpeakerNXP( 3983): +open(), mClientCount = 0, SampleRate = 44100
D/AudioALSACodecDeviceOutSpeakerNXP( 3983): +open(), Audio_i2s0_hd_Switch on
D/AudioALSACodecDeviceOutSpeakerNXP( 3983): +open(), Audio_I2S0dl1_hd_Switch on
D/AudioALSACodecDeviceOutSpeakerNXP( 3983): CheckResetState()
D/        ( 3983): Tfa98xx: +MTK_Tfa98xx_SetSampleRate, samplerate=44100
I/TFA9890 ( 3983): tfa9890_setSamplerate samplerate:44100 +
I/TFA9890 ( 3983): tfa9890_setSamplerate -
D/        ( 3983): Tfa98xx: -MTK_Tfa98xx_SetSampleRate
D/        ( 3983): Tfa98xx: +MTK_Tfa98xx_SetEQ, mode=0
I/TFA9890 ( 3983): tfa9890_EQset mode: 0 -> 0+
I/TFA9890 ( 3983): tfa9890_EQset -
D/        ( 3983): Tfa98xx: -MTK_Tfa98xx_SetEQ
D/        ( 3983): Tfa98xx: +MTK_Tfa98xx_SpeakerOn, nxp_init_flag= 0
D/        ( 3983): Tfa98xx: +MTK_Tfa98xx_Init
I/TFA9890 ( 3983): tfa9890_init +
E/TFA9890 ( 3983): parse_eq_preset_filename(): open config file failed No such file or directory, Use default config for speaker AAC
D/TFA9890 ( 3983): [tfa9890_hard_reset: 495] Hard reset chip
I/Netd    ( 3982): execIptablesCommand android_fork_execvp exit
I/Netd    ( 3982): execIptablesCommand android_fork_execvp enter
D/TFA9890 ( 3983): [coldStartup: 719]Waiting for IC to start up
I/Netd    ( 3982): execIptablesCommand android_fork_execvp exit
I/Netd    ( 3982): execIptablesCommand android_fork_execvp enter
D/TFA9890 ( 3983): [coldStartup: 757]status: 0x8a5f, tries: 0
D/TextLayoutCache( 3981): Using debug level = 0 - Debug Enabled = 0
D/TFA9890 ( 3983): [coldStartup: 774]ready: 0x0001, tries: 0, err: 0
D/TFA9890 ( 3983): [dspPatch: 497]Loading patch file /etc/tfa98xx/coldboot.patch
D/dalvikvm( 3981): GC_EXPLICIT freed 20K (274), 3% free 935K/956K (before 955K/956K), paused 0ms+0ms, total 1ms
D/TFA9890 ( 3983): [dspPatch: 497]Loading patch file /etc/tfa98xx/TFA9890_N1C3_1_7_1.patch
I/Netd    ( 3982): execIptablesCommand android_fork_execvp exit
I/Netd    ( 3982): execIptablesCommand android_fork_execvp enter
I/Netd    ( 3982): execIptablesCommand android_fork_execvp exit
I/Netd    ( 3982): execIptablesCommand android_fork_execvp enter
I/dalvikvm( 3981): threadid=1: recursive native library load attempt (/system/lib/libmedia_jni.so)
D/MtpDeviceJNI( 3981): register_android_mtp_MtpDevice
I/dalvikvm( 3981): threadid=1: recursive native library load attempt (/system/lib/libmedia_jni.so)
I/dalvikvm( 3981): threadid=1: recursive native library load attempt (/system/lib/libmedia_jni.so)
I/dalvikvm( 3981): threadid=1: recursive native library load attempt (/system/lib/libmedia_jni.so)
I/Netd    ( 3982): execIptablesCommand android_fork_execvp exit
I/Netd    ( 3982): execIptablesCommand android_fork_execvp enter
W/MediaProfiles( 3981): could not find media config xml file
I/MediaProfiles( 3981): getChipName success = 9
I/Netd    ( 3982): execIptablesCommand android_fork_execvp exit
I/Netd    ( 3982): execIptablesCommand android_fork_execvp enter
I/MediaProfiles( 3981): MediaProfiles::createDefaultH264VideoEncoderCap for slow motion
E/VDO_LOG ( 3981): venc eFuse dev open fail, limit to 720P
I/MediaProfiles( 3981): checkVideoCapability, format=3,support maxwidth=1280,maxheight=720, bitrate 30000000, framerate 30
I/MediaProfiles( 3981): [ createDefaultM4vVideoEncoderCap ], support maxwidth=1280,maxheight=720, bitrate 30000000, framerate 30
E/MediaProfiles( 3981): FrontCameraLevels Setting
D/dalvikvm( 3981): GC_EXPLICIT freed 14K (271), 2% free 973K/992K (before 988K/992K), paused 1ms+0ms, total 2ms
I/Netd    ( 3982): execIptablesCommand android_fork_execvp exit
I/Netd    ( 3982): execIptablesCommand android_fork_execvp enter
D/dalvikvm( 3981): GC_EXPLICIT freed 15K (291), 2% free 1019K/1040K (before 1035K/1040K), paused 0ms+0ms, total 2ms
I/Netd    ( 3982): execIptablesCommand android_fork_execvp exit
I/Netd    ( 3982): execIptablesCommand android_fork_execvp enter
I/Netd    ( 3982): execIptablesCommand android_fork_execvp exit
I/Netd    ( 3982): execIptablesCommand android_fork_execvp enter
I/VIDEO_EDITOR( 3981): JNI_OnLoad()
I/VIDEO_EDITOR( 3981): videoEditor_registerManualEditMethods()
I/VIDEO_EDITOR_CLASSES( 3981): videoEditClasses_init()
I/VIDEO_EDITOR_JAVA( 3981): videoEditJava_initConstantClass(android/media/videoeditor/MediaArtistNativeHelper$AudioEffect)
I/VIDEO_EDITOR_JAVA( 3981): videoEditJava_getClass(android/media/videoeditor/MediaArtistNativeHelper$AudioEffect)
I/VIDEO_EDITOR_JAVA( 3981): videoEditJava_getStaticIntField(NONE)
I/VIDEO_EDITOR_JAVA( 3981): videoEditJava_getStaticIntField, NONE = 0
I/VIDEO_EDITOR_JAVA( 3981): videoEditJava_getStaticIntField(FADE_IN)
I/VIDEO_EDITOR_JAVA( 3981): videoEditJava_getStaticIntField, FADE_IN = 8
I/VIDEO_EDITOR_JAVA( 3981): videoEditJava_getStaticIntField(FADE_OUT)
I/VIDEO_EDITOR_JAVA( 3981): videoEditJava_getStaticIntField, FADE_OUT = 16
I/VIDEO_EDITOR_JAVA( 3981): videoEditJava_initConstantClass(android/media/videoeditor/MediaArtistNativeHelper$AudioFormat)
I/VIDEO_EDITOR_JAVA( 3981): videoEditJava_getClass(android/media/videoeditor/MediaArtistNativeHelper$AudioFormat)
I/VIDEO_EDITOR_JAVA( 3981): videoEditJava_getStaticIntField(NO_AUDIO)
I/VIDEO_EDITOR_JAVA( 3981): videoEditJava_getStaticIntField, NO_AUDIO = 0
I/VIDEO_EDITOR_JAVA( 3981): videoEditJava_getStaticIntField(AMR_NB)
I/VIDEO_EDITOR_JAVA( 3981): videoEditJava_getStaticIntField, AMR_NB = 1
I/VIDEO_EDITOR_JAVA( 3981): videoEditJava_getStaticIntField(AAC)
I/VIDEO_EDITOR_JAVA( 3981): videoEditJava_getStaticIntField, AAC = 2
I/VIDEO_EDITOR_JAVA( 3981): videoEditJava_getStaticIntField(AAC_PLUS)
I/VIDEO_EDITOR_JAVA( 3981): videoEditJava_getStaticIntField, AAC_PLUS = 3
I/VIDEO_EDITOR_JAVA( 3981): videoEditJava_getStaticIntField(ENHANCED_AAC_PLUS)
I/VIDEO_EDITOR_JAVA( 3981): videoEditJava_getStaticIntField, ENHANCED_AAC_PLUS = 4
I/VIDEO_EDITOR_JAVA( 3981): videoEditJava_getStaticIntField(MP3)
I/VIDEO_EDITOR_JAVA( 3981): videoEditJava_getStaticIntField, MP3 = 5
I/VIDEO_EDITOR_JAVA( 3981): videoEditJava_getStaticIntField(EVRC)
I/VIDEO_EDITOR_JAVA( 3981): videoEditJava_getStaticIntField, EVRC = 6
I/VIDEO_EDITOR_JAVA( 3981): videoEditJava_getStaticIntField(PCM)
I/VIDEO_EDITOR_JAVA( 3981): videoEditJava_getStaticIntField, PCM = 7
I/VIDEO_EDITOR_JAVA( 3981): videoEditJava_getStaticIntField(NULL_AUDIO)
I/VIDEO_EDITOR_JAVA( 3981): videoEditJava_getStaticIntField, NULL_AUDIO = 254
I/VIDEO_EDITOR_JAVA( 3981): videoEditJava_getStaticIntField(UNSUPPORTED_AUDIO)
I/VIDEO_EDITOR_JAVA( 3981): videoEditJava_getStaticIntField, UNSUPPORTED_AUDIO = 255
I/VIDEO_EDITOR_JAVA( 3981): videoEditJava_initConstantClass(android/media/videoeditor/MediaArtistNativeHelper$AudioSamplingFrequency)
I/VIDEO_EDITOR_JAVA( 3981): videoEditJava_getClass(android/media/videoeditor/MediaArtistNativeHelper$AudioSamplingFrequency)
I/VIDEO_EDITOR_JAVA( 3981): videoEditJava_getStaticIntField(FREQ_DEFAULT)
I/VIDEO_EDITOR_JAVA( 3981): videoEditJava_getStaticIntField, FREQ_DEFAULT = 0
I/VIDEO_EDITOR_JAVA( 3981): videoEditJava_getStaticIntField(FREQ_8000)
I/VIDEO_EDITOR_JAVA( 3981): videoEditJava_getStaticIntField, FREQ_8000 = 8000
I/VIDEO_EDITOR_JAVA( 3981): videoEditJava_getStaticIntField(FREQ_16000)
I/VIDEO_EDITOR_JAVA( 3981): videoEditJava_getStaticIntField, FREQ_16000 = 16000
I/VIDEO_EDITOR_JAVA( 3981): videoEditJava_getStaticIntField(FREQ_22050)
I/VIDEO_EDITOR_JAVA( 3981): videoEditJava_getStaticIntField, FREQ_22050 = 22050
I/VIDEO_EDITOR_JAVA( 3981): videoEditJava_getStaticIntField(FREQ_24000)
I/VIDEO_EDITOR_JAVA( 3981): videoEditJava_getStaticIntField, FREQ_24000 = 24000
I/VIDEO_EDITOR_JAVA( 3981): videoEditJava_getStaticIntField(FREQ_32000)
I/VIDEO_EDITOR_JAVA( 3981): videoEditJava_getStaticIntField, FREQ_32000 = 32000
I/VIDEO_EDITOR_JAVA( 3981): videoEditJava_getStaticIntField(FREQ_44100)
I/VIDEO_EDITOR_JAVA( 3981): videoEditJava_getStaticIntField, FREQ_44100 = 44100
I/VIDEO_EDITOR_JAVA( 3981): videoEditJava_getStaticIntField(FREQ_48000)
I/VIDEO_EDITOR_JAVA( 3981): videoEditJava_getStaticIntField, FREQ_48000 = 48000
I/VIDEO_EDITOR_JAVA( 3981): videoEditJava_initConstantClass(android/media/videoeditor/MediaArtistNativeHelper$AudioTransition)
I/VIDEO_EDITOR_JAVA( 3981): videoEditJava_getClass(android/media/videoeditor/MediaArtistNativeHelper$AudioTransition)
I/VIDEO_EDITOR_JAVA( 3981): videoEditJava_getStaticIntField(NONE)
I/VIDEO_EDITOR_JAVA( 3981): videoEditJava_getStaticIntField, NONE = 0
I/VIDEO_EDITOR_JAVA( 3981): videoEditJava_getStaticIntField(CROSS_FADE)
I/VIDEO_EDITOR_JAVA( 3981): videoEditJava_getStaticIntField, CROSS_FADE = 1
I/VIDEO_EDITOR_JAVA( 3981): videoEditJava_initConstantClass(android/media/videoeditor/MediaArtistNativeHelper$Bitrate)
I/VIDEO_EDITOR_JAVA( 3981): videoEditJava_getClass(android/media/videoeditor/MediaArtistNativeHelper$Bitrate)
I/VIDEO_EDITOR_JAVA( 3981): videoEditJava_getStaticIntField(VARIABLE)
I/VIDEO_EDITOR_JAVA( 3981): videoEditJava_getStaticIntField, VARIABLE = -1
I/VIDEO_EDITOR_JAVA( 3981): videoEditJava_getStaticIntField(UNDEFINED)
I/VIDEO_EDITOR_JAVA( 3981): videoEditJava_getStaticIntField, UNDEFINED = 0
I/VIDEO_EDITOR_JAVA( 3981): videoEditJava_getStaticIntField(BR_9_2_KBPS)
I/VIDEO_EDITOR_JAVA( 3981): videoEditJava_getStaticIntField, BR_9_2_KBPS = 9200
I/VIDEO_EDITOR_JAVA( 3981): videoEditJava_getStaticIntField(BR_12_2_KBPS)
I/VIDEO_EDITOR_JAVA( 3981): videoEditJava_getStaticIntField, BR_12_2_KBPS = 12200
I/VIDEO_EDITOR_JAVA( 3981): videoEditJava_getStaticIntField(BR_16_KBPS)
I/VIDEO_EDITOR_JAVA( 3981): videoEditJava_getStaticIntField, BR_16_KBPS = 16000
I/VIDEO_EDITOR_JAVA( 3981): videoEditJava_getStaticIntField(BR_24_KBPS)
I/VIDEO_EDITOR_JAVA( 3981): videoEditJava_getStaticIntField, BR_24_KBPS = 24000
I/VIDEO_EDITOR_JAVA( 3981): videoEditJava_getStaticIntField(BR_32_KBPS)
I/VIDEO_EDITOR_JAVA( 3981): videoEditJava_getStaticIntField, BR_32_KBPS = 32000
I/VIDEO_EDITOR_JAVA( 3981): videoEditJava_getStaticIntField(BR_48_KBPS)
I/VIDEO_EDITOR_JAVA( 3981): videoEditJava_getStaticIntField, BR_48_KBPS = 48000
I/VIDEO_EDITOR_JAVA( 3981): videoEditJava_getStaticIntField(BR_64_KBPS)
I/VIDEO_EDITOR_JAVA( 3981): videoEditJava_getStaticIntField, BR_64_KBPS = 64000
I/VIDEO_EDITOR_JAVA( 3981): videoEditJava_getStaticIntField(BR_96_KBPS)
I/VIDEO_EDITOR_JAVA( 3981): videoEditJava_getStaticIntField, BR_96_KBPS = 96000
I/VIDEO_EDITOR_JAVA( 3981): videoEditJava_getStaticIntField(BR_128_KBPS)
I/VIDEO_EDITOR_JAVA( 3981): videoEditJava_getStaticIntField, BR_128_KBPS = 128000
I/VIDEO_EDITOR_JAVA( 3981): videoEditJava_getStaticIntField(BR_192_KBPS)
I/VIDEO_EDITOR_JAVA( 3981): videoEditJava_getStaticIntField, BR_192_KBPS = 192000
I/VIDEO_EDITOR_JAVA( 3981): videoEditJava_getStaticIntField(BR_256_KBPS)
I/VIDEO_EDITOR_JAVA( 3981): videoEditJava_getStaticIntField, BR_256_KBPS = 256000
I/VIDEO_EDITOR_JAVA( 3981): videoEditJava_getStaticIntField(BR_288_KBPS)
I/VIDEO_EDITOR_JAVA( 3981): videoEditJava_getStaticIntField, BR_288_KBPS = 288000
I/VIDEO_EDITOR_JAVA( 3981): videoEditJava_getStaticIntField(BR_384_KBPS)
I/VIDEO_EDITOR_JAVA( 3981): videoEditJava_getStaticIntField, BR_384_KBPS = 384000
I/VIDEO_EDITOR_JAVA( 3981): videoEditJava_getStaticIntField(BR_512_KBPS)
I/VIDEO_EDITOR_JAVA( 3981): videoEditJava_getStaticIntField, BR_512_KBPS = 512000
I/VIDEO_EDITOR_JAVA( 3981): videoEditJava_getStaticIntField(BR_800_KBPS)
I/VIDEO_EDITOR_JAVA( 3981): videoEditJava_getStaticIntField, BR_800_KBPS = 800000
I/VIDEO_EDITOR_JAVA( 3981): videoEditJava_getStaticIntField(BR_2_MBPS)
I/VIDEO_EDITOR_JAVA( 3981): videoEditJava_getStaticIntField, BR_2_MBPS = 2000000
I/VIDEO_EDITOR_JAVA( 3981): videoEditJava_getStaticIntField(BR_5_MBPS)
I/VIDEO_EDITOR_JAVA( 3981): videoEditJava_getStaticIntField, BR_5_MBPS = 5000000
I/VIDEO_EDITOR_JAVA( 3981): videoEditJava_getStaticIntField(BR_8_MBPS)
I/VIDEO_EDITOR_JAVA( 3981): videoEditJava_getStaticIntField, BR_8_MBPS = 8000000
I/VIDEO_EDITOR_JAVA( 3981): videoEditJava_initConstantClass(android/media/videoeditor/MediaArtistNativeHelper$FileType)
I/VIDEO_EDITOR_JAVA( 3981): videoEditJava_getClass(android/media/videoeditor/MediaArtistNativeHelper$FileType)
I/VIDEO_EDITOR_JAVA( 3981): videoEditJava_getStaticIntField(THREE_GPP)
I/VIDEO_EDITOR_JAVA( 3981): videoEditJava_getStaticIntField, THREE_GPP = 0
I/VIDEO_EDITOR_JAVA( 3981): videoEditJava_getStaticIntField(MP4)
I/VIDEO_EDITOR_JAVA( 3981): videoEditJava_getStaticIntField, MP4 = 1
I/VIDEO_EDITOR_JAVA( 3981): videoEditJava_getStaticIntField(AMR)
I/VIDEO_EDITOR_JAVA( 3981): videoEditJava_getStaticIntField, AMR = 2
I/VIDEO_EDITOR_JAVA( 3981): videoEditJava_getStaticIntField(MP3)
I/VIDEO_EDITOR_JAVA( 3981): videoEditJava_getStaticIntField, MP3 = 3
I/VIDEO_EDITOR_JAVA( 3981): videoEditJava_getStaticIntField(PCM)
I/VIDEO_EDITOR_JAVA( 3981): videoEditJava_getStaticIntField, PCM = 4
I/VIDEO_EDITOR_JAVA( 3981): videoEditJava_getStaticIntField(JPG)
I/VIDEO_EDITOR_JAVA( 3981): videoEditJava_getStaticIntField, JPG = 5
I/VIDEO_EDITOR_JAVA( 3981): videoEditJava_getStaticIntField(PNG)
I/VIDEO_EDITOR_JAVA( 3981): videoEditJava_getStaticIntField, PNG = 8
I/VIDEO_EDITOR_JAVA( 3981): videoEditJava_getStaticIntField(M4V)
I/VIDEO_EDITOR_JAVA( 3981): videoEditJava_getStaticIntField, M4V = 10
I/VIDEO_EDITOR_JAVA( 3981): videoEditJava_getStaticIntField(UNSUPPORTED)
I/VIDEO_EDITOR_JAVA( 3981): videoEditJava_getStaticIntField, UNSUPPORTED = 255
I/VIDEO_EDITOR_JAVA( 3981): videoEditJava_initConstantClass(android/media/videoeditor/MediaArtistNativeHelper)
I/VIDEO_EDITOR_JAVA( 3981): videoEditJava_getClass(android/media/videoeditor/MediaArtistNativeHelper)
I/VIDEO_EDITOR_JAVA( 3981): videoEditJava_getStaticIntField(TASK_LOADING_SETTINGS)
I/VIDEO_EDITOR_JAVA( 3981): videoEditJava_getStaticIntField, TASK_LOADING_SETTINGS = 1
I/VIDEO_EDITOR_JAVA( 3981): videoEditJava_getStaticIntField(TASK_ENCODING)
I/VIDEO_EDITOR_JAVA( 3981): videoEditJava_getStaticIntField, TASK_ENCODING = 2
I/VIDEO_EDITOR_JAVA( 3981): videoEditJava_initConstantClass(android/media/videoeditor/MediaArtistNativeHelper$Result)
I/VIDEO_EDITOR_JAVA( 3981): videoEditJava_getClass(android/media/videoeditor/MediaArtistNativeHelper$Result)
I/VIDEO_EDITOR_JAVA( 3981): videoEditJava_getStaticIntField(WAR_TIMESCALE_TOO_BIG)
I/VIDEO_EDITOR_JAVA( 3981): videoEditJava_getStaticIntField, WAR_TIMESCALE_TOO_BIG = 55
I/VIDEO_EDITOR_JAVA( 3981): videoEditJava_getStaticIntField(ERR_CLOCK_BAD_REF_YEAR)
I/VIDEO_EDITOR_JAVA( 3981): videoEditJava_getStaticIntField, ERR_CLOCK_BAD_REF_YEAR = 56
I/VIDEO_EDITOR_JAVA( 3981): videoEditJava_getStaticIntField(ERR_FILE_NOT_FOUND)
I/VIDEO_EDITOR_JAVA( 3981): videoEditJava_getStaticIntField, ERR_FILE_NOT_FOUND = 1
I/VIDEO_EDITOR_JAVA( 3981): videoEditJava_getStaticIntField(WAR_TRANSCODING_NECESSARY)
I/VIDEO_EDITOR_JAVA( 3981): videoEditJava_getStaticIntField, WAR_TRANSCODING_NECESSARY = 53
I/VIDEO_EDITOR_JAVA( 3981): videoEditJava_getStaticIntField(WAR_MAX_OUTPUT_SIZE_EXCEEDED)
I/VIDEO_EDITOR_JAVA( 3981): videoEditJava_getStaticIntField, WAR_MAX_OUTPUT_SIZE_EXCEEDED = 54
I/VIDEO_EDITOR_JAVA( 3981): videoEditJava_getStaticIntField(ERR_BUFFER_OUT_TOO_SMALL)
I/VIDEO_EDITOR_JAVA( 3981): videoEditJava_getStaticIntField, ERR_BUFFER_OUT_TOO_SMALL = 2
I/VIDEO_EDITOR_JAVA( 3981): videoEditJava_getStaticIntField(ERR_NOMORE_SPACE_FOR_FILE)
I/VIDEO_EDITOR_JAVA( 3981): videoEditJava_getStaticIntField, ERR_NOMORE_SPACE_FOR_FILE = 136
I/VIDEO_EDITOR_JAVA( 3981): videoEditJava_getStaticIntField(ERR_INVALID_FILE_TYPE)
I/VIDEO_EDITOR_JAVA( 3981): videoEditJava_getStaticIntField, ERR_INVALID_FILE_TYPE = 3
I/VIDEO_EDITOR_JAVA( 3981): videoEditJava_getStaticIntField(ERR_INVALID_EFFECT_KIND)
I/VIDEO_EDITOR_JAVA( 3981): videoEditJava_getStaticIntField, ERR_INVALID_EFFECT_KIND = 4
I/VIDEO_EDITOR_JAVA( 3981): videoEditJava_getStaticIntField(ERR_INVALID_VIDEO_EFFECT_TYPE)
I/VIDEO_EDITOR_JAVA( 3981): videoEditJava_getStaticIntField, ERR_INVALID_VIDEO_EFFECT_TYPE = 5
I/VIDEO_EDITOR_JAVA( 3981): videoEditJava_getStaticIntField(ERR_INVALID_AUDIO_EFFECT_TYPE)
I/VIDEO_EDITOR_JAVA( 3981): videoEditJava_getStaticIntField, ERR_INVALID_AUDIO_EFFECT_TYPE = 6
I/VIDEO_EDITOR_JAVA( 3981): videoEditJava_getStaticIntField(ERR_INVALID_VIDEO_TRANSITION_TYPE)
I/VIDEO_EDITOR_JAVA( 3981): videoEditJava_getStaticIntField, ERR_INVALID_VIDEO_TRANSITION_TYPE = 7
I/VIDEO_EDITOR_JAVA( 3981): videoEditJava_getStaticIntField(ERR_INVALID_AUDIO_TRANSITION_TYPE)
I/VIDEO_EDITOR_JAVA( 3981): videoEditJava_getStaticIntField, ERR_INVALID_AUDIO_TRANSITION_TYPE = 8
I/VIDEO_EDITOR_JAVA( 3981): videoEditJava_getStaticIntField(ERR_INVALID_VIDEO_ENCODING_FRAME_RATE)
I/VIDEO_EDITOR_JAVA( 3981): videoEditJava_getStaticIntField, ERR_INVALID_VIDEO_ENCODING_FRAME_RATE = 9
I/VIDEO_EDITOR_JAVA( 3981): videoEditJava_getStaticIntField(ERR_EXTERNAL_EFFECT_NULL)
I/VIDEO_EDITOR_JAVA( 3981): videoEditJava_getStaticIntField, ERR_EXTERNAL_EFFECT_NULL = 10
I/VIDEO_EDITOR_JAVA( 3981): videoEditJava_getStaticIntField(ERR_EXTERNAL_TRANSITION_NULL)
I/VIDEO_EDITOR_JAVA( 3981): videoEditJava_getStaticIntField, ERR_EXTERNAL_TRANSITION_NULL = 11
I/VIDEO_EDITOR_JAVA( 3981): videoEditJava_getStaticIntField(ERR_BEGIN_CUT_LARGER_THAN_DURATION)
I/VIDEO_EDITOR_JAVA( 3981): videoEditJava_getStaticIntField, ERR_BEGIN_CUT_LARGER_THAN_DURATION = 12
I/VIDEO_EDITOR_JAVA( 3981): videoEditJava_getStaticIntField(ERR_BEGIN_CUT_LARGER_THAN_END_CUT)
I/VIDEO_EDITOR_JAVA( 3981): videoEditJava_getStaticIntField, ERR_BEGIN_CUT_LARGER_THAN_END_CUT = 13
I/VIDEO_EDITOR_JAVA( 3981): videoEditJava_getStaticIntField(ERR_OVERLAPPING_TRANSITIONS)
I/VIDEO_EDITOR_JAVA( 3981): videoEditJava_getStaticIntField, ERR_OVERLAPPING_TRANSITIONS = 14
I/VIDEO_EDITOR_JAVA( 3981): videoEditJava_getStaticIntField(ERR_INVALID_3GPP_FILE)
I/VIDEO_EDITOR_JAVA( 3981): videoEditJava_getStaticIntField, ERR_INVALID_3GPP_FILE = 16
I/VIDEO_EDITOR_JAVA( 3981): videoEditJava_getStaticIntField(ERR_UNSUPPORTED_INPUT_VIDEO_FORMAT)
I/VIDEO_EDITOR_JAVA( 3981): videoEditJava_getStaticIntField, ERR_UNSUPPORTED_INPUT_VIDEO_FORMAT = 17
I/VIDEO_EDITOR_JAVA( 3981): videoEditJava_getStaticIntField(ERR_UNSUPPORTED_INPUT_AUDIO_FORMAT)
I/VIDEO_EDITOR_JAVA( 3981): videoEditJava_getStaticIntField, ERR_UNSUPPORTED_INPUT_AUDIO_FORMAT = 18
I/VIDEO_EDITOR_JAVA( 3981): videoEditJava_getStaticIntField(ERR_AMR_EDITING_UNSUPPORTED)
I/VIDEO_EDITOR_JAVA( 3981): videoEditJava_getStaticIntField, ERR_AMR_EDITING_UNSUPPORTED = 19
I/VIDEO_EDITOR_JAVA( 3981): videoEditJava_getStaticIntField(ERR_INPUT_VIDEO_AU_TOO_LARGE)
I/VIDEO_EDITOR_JAVA( 3981): videoEditJava_getStaticIntField, ERR_INPUT_VIDEO_AU_TOO_LARGE = 20
I/VIDEO_EDITOR_JAVA( 3981): videoEditJava_getStaticIntField(ERR_INPUT_AUDIO_AU_TOO_LARGE)
I/VIDEO_EDITOR_JAVA( 3981): videoEditJava_getStaticIntField, ERR_INPUT_AUDIO_AU_TOO_LARGE = 21
I/VIDEO_EDITOR_JAVA( 3981): videoEditJava_getStaticIntField(ERR_INPUT_AUDIO_CORRUPTED_AU)
I/VIDEO_EDITOR_JAVA( 3981): videoEditJava_getStaticIntField, ERR_INPUT_AUDIO_CORRUPTED_AU = 22
I/VIDEO_EDITOR_JAVA( 3981): videoEditJava_getStaticIntField(ERR_ENCODER_ACCES_UNIT_ERROR)
I/VIDEO_EDITOR_JAVA( 3981): videoEditJava_getStaticIntField, ERR_ENCODER_ACCES_UNIT_ERROR = 23
I/VIDEO_EDITOR_JAVA( 3981): videoEditJava_getStaticIntField(ERR_EDITING_UNSUPPORTED_VIDEO_FORMAT)
I/VIDEO_EDITOR_JAVA( 3981): videoEditJava_getStaticIntField, ERR_EDITING_UNSUPPORTED_VIDEO_FORMAT = 24
I/VIDEO_EDITOR_JAVA( 3981): videoEditJava_getStaticIntField(ERR_EDITING_UNSUPPORTED_H263_PROFILE)
I/VIDEO_EDITOR_JAVA( 3981): videoEditJava_getStaticIntField, ERR_EDITING_UNSUPPORTED_H263_PROFILE = 25
I/VIDEO_EDITOR_JAVA( 3981): videoEditJava_getStaticIntField(ERR_EDITING_UNSUPPORTED_MPEG4_PROFILE)
I/VIDEO_EDITOR_JAVA( 3981): videoEditJava_getStaticIntField, ERR_EDITING_UNSUPPORTED_MPEG4_PROFILE = 26
I/VIDEO_EDITOR_JAVA( 3981): videoEditJava_getStaticIntField(ERR_EDITING_UNSUPPORTED_MPEG4_RVLC)
I/VIDEO_EDITOR_JAVA( 3981): videoEditJava_getStaticIntField, ERR_EDITING_UNSUPPORTED_MPEG4_RVLC = 27
I/VIDEO_EDITOR_JAVA( 3981): videoEditJava_getStaticIntField(ERR_EDITING_UNSUPPORTED_AUDIO_FORMAT)
I/VIDEO_EDITOR_JAVA( 3981): videoEditJava_getStaticIntField, ERR_EDITING_UNSUPPORTED_AUDIO_FORMAT = 28
I/VIDEO_EDITOR_JAVA( 3981): videoEditJava_getStaticIntField(ERR_EDITING_NO_SUPPORTED_STREAM_IN_FILE)
I/VIDEO_EDITOR_JAVA( 3981): videoEditJava_getStaticIntField, ERR_EDITING_NO_SUPPORTED_STREAM_IN_FILE = 29
I/VIDEO_EDITOR_JAVA( 3981): videoEditJava_getStaticIntField(ERR_EDITING_NO_SUPPORTED_VIDEO_STREAM_IN_FILE)
I/VIDEO_EDITOR_JAVA( 3981): videoEditJava_getStaticIntField, ERR_EDITING_NO_SUPPORTED_VIDEO_STREAM_IN_FILE = 30
I/VIDEO_EDITOR_JAVA( 3981): videoEditJava_getStaticIntField(ERR_INVALID_CLIP_ANALYSIS_VERSION)
I/VIDEO_EDITOR_JAVA( 3981): videoEditJava_getStaticIntField, ERR_INVALID_CLIP_ANALYSIS_VERSION = 31
I/VIDEO_EDITOR_JAVA( 3981): videoEditJava_getStaticIntField(ERR_INCOMPATIBLE_VIDEO_FORMAT)
I/VIDEO_EDITOR_JAVA( 3981): videoEditJava_getStaticIntField, ERR_INCOMPATIBLE_VIDEO_FORMAT = 33
I/VIDEO_EDITOR_JAVA( 3981): videoEditJava_getStaticIntField(ERR_INCOMPATIBLE_VIDEO_FRAME_SIZE)
I/VIDEO_EDITOR_JAVA( 3981): videoEditJava_getStaticIntField, ERR_INCOMPATIBLE_VIDEO_FRAME_SIZE = 34
I/VIDEO_EDITOR_JAVA( 3981): videoEditJava_getStaticIntField(ERR_INCOMPATIBLE_VIDEO_TIME_SCALE)
I/VIDEO_EDITOR_JAVA( 3981): videoEditJava_getStaticIntField, ERR_INCOMPATIBLE_VIDEO_TIME_SCALE = 35
I/VIDEO_EDITOR_JAVA( 3981): videoEditJava_getStaticIntField(ERR_INCOMPATIBLE_VIDEO_DATA_PARTITIONING)
I/VIDEO_EDITOR_JAVA( 3981): videoEditJava_getStaticIntField, ERR_INCOMPATIBLE_VIDEO_DATA_PARTITIONING = 36
I/VIDEO_EDITOR_JAVA( 3981): videoEditJava_getStaticIntField(ERR_UNSUPPORTED_MP3_ASSEMBLY)
I/VIDEO_EDITOR_JAVA( 3981): videoEditJava_getStaticIntField, ERR_UNSUPPORTED_MP3_ASSEMBLY = 37
I/VIDEO_EDITOR_JAVA( 3981): videoEditJava_getStaticIntField(ERR_NO_SUPPORTED_STREAM_IN_FILE)
I/VIDEO_EDITOR_JAVA( 3981): videoEditJava_getStaticIntField, ERR_NO_SUPPORTED_STREAM_IN_FILE = 38
I/VIDEO_EDITOR_JAVA( 3981): videoEditJava_getStaticIntField(ERR_ADDVOLUME_EQUALS_ZERO)
I/VIDEO_EDITOR_JAVA( 3981): videoEditJava_getStaticIntField, ERR_ADDVOLUME_EQUALS_ZERO = 39
I/VIDEO_EDITOR_JAVA( 3981): videoEditJava_getStaticIntField(ERR_ADDCTS_HIGHER_THAN_VIDEO_DURATION)
I/VIDEO_EDITOR_JAVA( 3981): videoEditJava_getStaticIntField, ERR_ADDCTS_HIGHER_THAN_VIDEO_DURATION = 40
I/VIDEO_EDITOR_JAVA( 3981): videoEditJava_getStaticIntField(ERR_UNDEFINED_AUDIO_TRACK_FILE_FORMAT)
I/VIDEO_EDITOR_JAVA( 3981): videoEditJava_getStaticIntField, ERR_UNDEFINED_AUDIO_TRACK_FILE_FORMAT = 41
I/VIDEO_EDITOR_JAVA( 3981): videoEditJava_getStaticIntField(ERR_UNSUPPORTED_ADDED_AUDIO_STREAM)
I/VIDEO_EDITOR_JAVA( 3981): videoEditJava_getStaticIntField, ERR_UNSUPPORTED_ADDED_AUDIO_STREAM = 42
I/VIDEO_EDITOR_JAVA( 3981): videoEditJava_getStaticIntField(ERR_AUDIO_MIXING_UNSUPPORTED)
I/VIDEO_EDITOR_JAVA( 3981): videoEditJava_getStaticIntField, ERR_AUDIO_MIXING_UNSUPPORTED = 43
I/VIDEO_EDITOR_JAVA( 3981): videoEditJava_getStaticIntField(ERR_FEATURE_UNSUPPORTED_WITH_AUDIO_TRACK)
I/VIDEO_EDITOR_JAVA( 3981): videoEditJava_getStaticIntField, ERR_FEATURE_UNSUPPORTED_WITH_AUDIO_TRACK = 45
I/VIDEO_EDITOR_JAVA( 3981): videoEditJava_getStaticIntField(ERR_AUDIO_CANNOT_BE_MIXED)
I/VIDEO_EDITOR_JAVA( 3981): videoEditJava_getStaticIntField, ERR_AUDIO_CANNOT_BE_MIXED = 47
I/VIDEO_EDITOR_JAVA( 3981): videoEditJava_getStaticIntField(ERR_H263_PROFILE_NOT_SUPPORTED)
I/VIDEO_EDITOR_JAVA( 3981): videoEditJava_getStaticIntField, ERR_H263_PROFILE_NOT_SUPPORTED = 51
I/VIDEO_EDITOR_JAVA( 3981): videoEditJava_getStaticIntField(ERR_NO_SUPPORTED_VIDEO_STREAM_IN_FILE)
I/VIDEO_EDITOR_JAVA( 3981): videoEditJava_getStaticIntField, ERR_NO_SUPPORTED_VIDEO_STREAM_IN_FILE = 52
I/VIDEO_EDITOR_JAVA( 3981): videoEditJava_getStaticIntField(ERR_INTERNAL)
I/VIDEO_EDITOR_JAVA( 3981): videoEditJava_getStaticIntField, ERR_INTERNAL = 255
I/VIDEO_EDITOR_JAVA( 3981): videoEditJava_initConstantClass(android/media/videoeditor/MediaArtistNativeHelper$FileType)
I/VIDEO_EDITOR_JAVA( 3981): videoEditJava_getClass(android/media/videoeditor/MediaArtistNativeHelper$FileType)
I/VIDEO_EDITOR_JAVA( 3981): videoEditJava_getStaticIntField(THREE_GPP)
I/VIDEO_EDITOR_JAVA( 3981): videoEditJava_getStaticIntField, THREE_GPP = 0
I/VIDEO_EDITOR_JAVA( 3981): videoEditJava_getStaticIntField(MP4)
I/VIDEO_EDITOR_JAVA( 3981): videoEditJava_getStaticIntField, MP4 = 1
I/VIDEO_EDITOR_JAVA( 3981): videoEditJava_getStaticIntField(AMR)
I/VIDEO_EDITOR_JAVA( 3981): videoEditJava_getStaticIntField, AMR = 2
I/VIDEO_EDITOR_JAVA( 3981): videoEditJava_getStaticIntField(MP3)
I/VIDEO_EDITOR_JAVA( 3981): videoEditJava_getStaticIntField, MP3 = 3
I/VIDEO_EDITOR_JAVA( 3981): videoEditJava_getStaticIntField(PCM)
I/VIDEO_EDITOR_JAVA( 3981): videoEditJava_getStaticIntField, PCM = 4
I/VIDEO_EDITOR_JAVA( 3981): videoEditJava_getStaticIntField(JPG)
I/VIDEO_EDITOR_JAVA( 3981): videoEditJava_getStaticIntField, JPG = 5
I/VIDEO_EDITOR_JAVA( 3981): videoEditJava_getStaticIntField(GIF)
I/VIDEO_EDITOR_JAVA( 3981): videoEditJava_getStaticIntField, GIF = 7
I/VIDEO_EDITOR_JAVA( 3981): videoEditJava_getStaticIntField(PNG)
I/VIDEO_EDITOR_JAVA( 3981): videoEditJava_getStaticIntField, PNG = 8
I/VIDEO_EDITOR_JAVA( 3981): videoEditJava_getStaticIntField(M4V)
I/VIDEO_EDITOR_JAVA( 3981): videoEditJava_getStaticIntField, M4V = 10
I/VIDEO_EDITOR_JAVA( 3981): videoEditJava_getStaticIntField(UNSUPPORTED)
I/VIDEO_EDITOR_JAVA( 3981): videoEditJava_getStaticIntField, UNSUPPORTED = 255
I/VIDEO_EDITOR_JAVA( 3981): videoEditJava_initConstantClass(android/media/videoeditor/MediaArtistNativeHelper$MediaRendering)
I/VIDEO_EDITOR_JAVA( 3981): videoEditJava_getClass(android/media/videoeditor/MediaArtistNativeHelper$MediaRendering)
I/VIDEO_EDITOR_JAVA( 3981): videoEditJava_getStaticIntField(RESIZING)
I/VIDEO_EDITOR_JAVA( 3981): videoEditJava_getStaticIntField, RESIZING = 0
I/VIDEO_EDITOR_JAVA( 3981): videoEditJava_getStaticIntField(CROPPING)
I/VIDEO_EDITOR_JAVA( 3981): videoEditJava_getStaticIntField, CROPPING = 1
I/VIDEO_EDITOR_JAVA( 3981): videoEditJava_getStaticIntField(BLACK_BORDERS)
I/VIDEO_EDITOR_JAVA( 3981): videoEditJava_getStaticIntField, BLACK_BORDERS = 2
I/VIDEO_EDITOR_JAVA( 3981): videoEditJava_initConstantClass(android/media/videoeditor/MediaArtistNativeHelper$SlideDirection)
I/VIDEO_EDITOR_JAVA( 3981): videoEditJava_getClass(android/media/videoeditor/MediaArtistNativeHelper$SlideDirection)
I/VIDEO_EDITOR_JAVA( 3981): videoEditJava_getStaticIntField(RIGHT_OUT_LEFT_IN)
I/VIDEO_EDITOR_JAVA( 3981): videoEditJava_getStaticIntField, RIGHT_OUT_LEFT_IN = 0
I/VIDEO_EDITOR_JAVA( 3981): videoEditJava_getStaticIntField(LEFT_OUT_RIGTH_IN)
I/VIDEO_EDITOR_JAVA( 3981): videoEditJava_getStaticIntField, LEFT_OUT_RIGTH_IN = 1
I/VIDEO_EDITOR_JAVA( 3981): videoEditJava_getStaticIntField(TOP_OUT_BOTTOM_IN)
I/VIDEO_EDITOR_JAVA( 3981): videoEditJava_getStaticIntField, TOP_OUT_BOTTOM_IN = 2
I/VIDEO_EDITOR_JAVA( 3981): videoEditJava_getStaticIntField(BOTTOM_OUT_TOP_IN)
I/VIDEO_EDITOR_JAVA( 3981): videoEditJava_getStaticIntField, BOTTOM_OUT_TOP_IN = 3
I/VIDEO_EDITOR_JAVA( 3981): videoEditJava_initConstantClass(android/media/videoeditor/MediaArtistNativeHelper$TransitionBehaviour)
I/VIDEO_EDITOR_JAVA( 3981): videoEditJava_getClass(android/media/videoeditor/MediaArtistNativeHelper$TransitionBehaviour)
I/VIDEO_EDITOR_JAVA( 3981): videoEditJava_getStaticIntField(SPEED_UP)
I/VIDEO_EDITOR_JAVA( 3981): videoEditJava_getStaticIntField, SPEED_UP = 0
I/VIDEO_EDITOR_JAVA( 3981): videoEditJava_getStaticIntField(LINEAR)
I/VIDEO_EDITOR_JAVA( 3981): videoEditJava_getStaticIntField, LINEAR = 1
I/VIDEO_EDITOR_JAVA( 3981): videoEditJava_getStaticIntField(SPEED_DOWN)
I/VIDEO_EDITOR_JAVA( 3981): videoEditJava_getStaticIntField, SPEED_DOWN = 2
I/VIDEO_EDITOR_JAVA( 3981): videoEditJava_getStaticIntField(SLOW_MIDDLE)
I/VIDEO_EDITOR_JAVA( 3981): videoEditJava_getStaticIntField, SLOW_MIDDLE = 3
I/VIDEO_EDITOR_JAVA( 3981): videoEditJava_getStaticIntField(FAST_MIDDLE)
I/VIDEO_EDITOR_JAVA( 3981): videoEditJava_getStaticIntField, FAST_MIDDLE = 4
I/VIDEO_EDITOR_JAVA( 3981): videoEditJava_initConstantClass(android/media/videoeditor/MediaArtistNativeHelper$VideoEffect)
I/VIDEO_EDITOR_JAVA( 3981): videoEditJava_getClass(android/media/videoeditor/MediaArtistNativeHelper$VideoEffect)
I/VIDEO_EDITOR_JAVA( 3981): videoEditJava_getStaticIntField(NONE)
I/VIDEO_EDITOR_JAVA( 3981): videoEditJava_getStaticIntField, NONE = 0
I/VIDEO_EDITOR_JAVA( 3981): videoEditJava_getStaticIntField(FADE_FROM_BLACK)
I/VIDEO_EDITOR_JAVA( 3981): videoEditJava_getStaticIntField, FADE_FROM_BLACK = 8
I/VIDEO_EDITOR_JAVA( 3981): videoEditJava_getStaticIntField(FADE_TO_BLACK)
I/VIDEO_EDITOR_JAVA( 3981): videoEditJava_getStaticIntField, FADE_TO_BLACK = 16
I/VIDEO_EDITOR_JAVA( 3981): videoEditJava_getStaticIntField(EXTERNAL)
I/VIDEO_EDITOR_JAVA( 3981): videoEditJava_getStaticIntField, EXTERNAL = 256
I/VIDEO_EDITOR_JAVA( 3981): videoEditJava_getStaticIntField(BLACK_AND_WHITE)
I/VIDEO_EDITOR_JAVA( 3981): videoEditJava_getStaticIntField, BLACK_AND_WHITE = 257
I/VIDEO_EDITOR_JAVA( 3981): videoEditJava_getStaticIntField(PINK)
I/VIDEO_EDITOR_JAVA( 3981): videoEditJava_getStaticIntField, PINK = 258
I/VIDEO_EDITOR_JAVA( 3981): videoEditJava_getStaticIntField(GREEN)
I/VIDEO_EDITOR_JAVA( 3981): videoEditJava_getStaticIntField, GREEN = 259
I/VIDEO_EDITOR_JAVA( 3981): videoEditJava_getStaticIntField(SEPIA)
I/VIDEO_EDITOR_JAVA( 3981): videoEditJava_getStaticIntField, SEPIA = 260
I/VIDEO_EDITOR_JAVA( 3981): videoEditJava_getStaticIntField(NEGATIVE)
I/VIDEO_EDITOR_JAVA( 3981): videoEditJava_getStaticIntField, NEGATIVE = 261
I/VIDEO_EDITOR_JAVA( 3981): videoEditJava_getStaticIntField(FRAMING)
I/VIDEO_EDITOR_JAVA( 3981): videoEditJava_getStaticIntField, FRAMING = 262
I/VIDEO_EDITOR_JAVA( 3981): videoEditJava_getStaticIntField(TEXT)
I/VIDEO_EDITOR_JAVA( 3981): videoEditJava_getStaticIntField, TEXT = 263
I/VIDEO_EDITOR_JAVA( 3981): videoEditJava_getStaticIntField(ZOOM_IN)
I/VIDEO_EDITOR_JAVA( 3981): videoEditJava_getStaticIntField, ZOOM_IN = 264
I/VIDEO_EDITOR_JAVA( 3981): videoEditJava_getStaticIntField(ZOOM_OUT)
I/VIDEO_EDITOR_JAVA( 3981): videoEditJava_getStaticIntField, ZOOM_OUT = 265
I/VIDEO_EDITOR_JAVA( 3981): videoEditJava_getStaticIntField(FIFTIES)
I/VIDEO_EDITOR_JAVA( 3981): videoEditJava_getStaticIntField, FIFTIES = 266
I/VIDEO_EDITOR_JAVA( 3981): videoEditJava_getStaticIntField(COLORRGB16)
I/VIDEO_EDITOR_JAVA( 3981): videoEditJava_getStaticIntField, COLORRGB16 = 267
I/VIDEO_EDITOR_JAVA( 3981): videoEditJava_getStaticIntField(GRADIENT)
I/VIDEO_EDITOR_JAVA( 3981): videoEditJava_getStaticIntField, GRADIENT = 268
I/VIDEO_EDITOR_JAVA( 3981): videoEditJava_initConstantClass(android/media/videoeditor/MediaArtistNativeHelper$VideoFormat)
I/VIDEO_EDITOR_JAVA( 3981): videoEditJava_getClass(android/media/videoeditor/MediaArtistNativeHelper$VideoFormat)
I/VIDEO_EDITOR_JAVA( 3981): videoEditJava_getStaticIntField(NO_VIDEO)
I/VIDEO_EDITOR_JAVA( 3981): videoEditJava_getStaticIntField, NO_VIDEO = 0
I/VIDEO_EDITOR_JAVA( 3981): videoEditJava_getStaticIntField(H263)
I/VIDEO_EDITOR_JAVA( 3981): videoEditJava_getStaticIntField, H263 = 1
I/VIDEO_EDITOR_JAVA( 3981): videoEditJava_getStaticIntField(MPEG4)
I/VIDEO_EDITOR_JAVA( 3981): videoEditJava_getStaticIntField, MPEG4 = 3
I/VIDEO_EDITOR_JAVA( 3981): videoEditJava_getStaticIntField(H264)
I/VIDEO_EDITOR_JAVA( 3981): videoEditJava_getStaticIntField, H264 = 2
I/VIDEO_EDITOR_JAVA( 3981): videoEditJava_getStaticIntField(NULL_VIDEO)
I/VIDEO_EDITOR_JAVA( 3981): videoEditJava_getStaticIntField, NULL_VIDEO = 254
I/VIDEO_EDITOR_JAVA( 3981): videoEditJava_getStaticIntField(UNSUPPORTED)
I/VIDEO_EDITOR_JAVA( 3981): videoEditJava_getStaticIntField, UNSUPPORTED = 255
I/VIDEO_EDITOR_JAVA( 3981): videoEditJava_initConstantClass(android/media/videoeditor/MediaArtistNativeHelper$VideoFrameRate)
I/VIDEO_EDITOR_JAVA( 3981): videoEditJava_getClass(android/media/videoeditor/MediaArtistNativeHelper$VideoFrameRate)
I/VIDEO_EDITOR_JAVA( 3981): videoEditJava_getStaticIntField(FR_5_FPS)
I/VIDEO_EDITOR_JAVA( 3981): videoEditJava_getStaticIntField, FR_5_FPS = 0
I/VIDEO_EDITOR_JAVA( 3981): videoEditJava_getStaticIntField(FR_7_5_FPS)
I/VIDEO_EDITOR_JAVA( 3981): videoEditJava_getStaticIntField, FR_7_5_FPS = 1
I/VIDEO_EDITOR_JAVA( 3981): videoEditJava_getStaticIntField(FR_10_FPS)
I/VIDEO_EDITOR_JAVA( 3981): videoEditJava_getStaticIntField, FR_10_FPS = 2
I/VIDEO_EDITOR_JAVA( 3981): videoEditJava_getStaticIntField(FR_12_5_FPS)
I/VIDEO_EDITOR_JAVA( 3981): videoEditJava_getStaticIntField, FR_12_5_FPS = 3
I/VIDEO_EDITOR_JAVA( 3981): videoEditJava_getStaticIntField(FR_15_FPS)
I/VIDEO_EDITOR_JAVA( 3981): videoEditJava_getStaticIntField, FR_15_FPS = 4
I/VIDEO_EDITOR_JAVA( 3981): videoEditJava_getStaticIntField(FR_20_FPS)
I/VIDEO_EDITOR_JAVA( 3981): videoEditJava_getStaticIntField, FR_20_FPS = 5
I/VIDEO_EDITOR_JAVA( 3981): videoEditJava_getStaticIntField(FR_25_FPS)
I/VIDEO_EDITOR_JAVA( 3981): videoEditJava_getStaticIntField, FR_25_FPS = 6
I/VIDEO_EDITOR_JAVA( 3981): videoEditJava_getStaticIntField(FR_30_FPS)
I/VIDEO_EDITOR_JAVA( 3981): videoEditJava_getStaticIntField, FR_30_FPS = 7
I/VIDEO_EDITOR_JAVA( 3981): videoEditJava_initConstantClass(android/media/videoeditor/MediaArtistNativeHelper$VideoFrameSize)
I/VIDEO_EDITOR_JAVA( 3981): videoEditJava_getClass(android/media/videoeditor/MediaArtistNativeHelper$VideoFrameSize)
I/VIDEO_EDITOR_JAVA( 3981): videoEditJava_getStaticIntField(SQCIF)
I/VIDEO_EDITOR_JAVA( 3981): videoEditJava_getStaticIntField, SQCIF = 0
I/VIDEO_EDITOR_JAVA( 3981): videoEditJava_getStaticIntField(QQVGA)
I/VIDEO_EDITOR_JAVA( 3981): videoEditJava_getStaticIntField, QQVGA = 1
I/VIDEO_EDITOR_JAVA( 3981): videoEditJava_getStaticIntField(QCIF)
I/VIDEO_EDITOR_JAVA( 3981): videoEditJava_getStaticIntField, QCIF = 2
I/VIDEO_EDITOR_JAVA( 3981): videoEditJava_getStaticIntField(QVGA)
I/VIDEO_EDITOR_JAVA( 3981): videoEditJava_getStaticIntField, QVGA = 3
I/VIDEO_EDITOR_JAVA( 3981): videoEditJava_getStaticIntField(CIF)
I/VIDEO_EDITOR_JAVA( 3981): videoEditJava_getStaticIntField, CIF = 4
I/VIDEO_EDITOR_JAVA( 3981): videoEditJava_getStaticIntField(VGA)
I/VIDEO_EDITOR_JAVA( 3981): videoEditJava_getStaticIntField, VGA = 5
I/VIDEO_EDITOR_JAVA( 3981): videoEditJava_getStaticIntField(WVGA)
I/VIDEO_EDITOR_JAVA( 3981): videoEditJava_getStaticIntField, WVGA = 6
I/VIDEO_EDITOR_JAVA( 3981): videoEditJava_getStaticIntField(NTSC)
I/VIDEO_EDITOR_JAVA( 3981): videoEditJava_getStaticIntField, NTSC = 7
I/VIDEO_EDITOR_JAVA( 3981): videoEditJava_getStaticIntField(nHD)
I/VIDEO_EDITOR_JAVA( 3981): videoEditJava_getStaticIntField, nHD = 8
I/VIDEO_EDITOR_JAVA( 3981): videoEditJava_getStaticIntField(WVGA16x9)
I/VIDEO_EDITOR_JAVA( 3981): videoEditJava_getStaticIntField, WVGA16x9 = 9
I/VIDEO_EDITOR_JAVA( 3981): videoEditJava_getStaticIntField(V720p)
I/VIDEO_EDITOR_JAVA( 3981): videoEditJava_getStaticIntField, V720p = 10
I/VIDEO_EDITOR_JAVA( 3981): videoEditJava_getStaticIntField(W720p)
I/VIDEO_EDITOR_JAVA( 3981): videoEditJava_getStaticIntField, W720p = 11
I/VIDEO_EDITOR_JAVA( 3981): videoEditJava_getStaticIntField(S720p)
I/VIDEO_EDITOR_JAVA( 3981): videoEditJava_getStaticIntField, S720p = 12
I/VIDEO_EDITOR_JAVA( 3981): videoEditJava_getStaticIntField(V1080p)
I/VIDEO_EDITOR_JAVA( 3981): videoEditJava_getStaticIntField, V1080p = 13
I/VIDEO_EDITOR_JAVA( 3981): videoEditJava_initConstantClass(android/media/videoeditor/MediaArtistNativeHelper$VideoTransition)
I/VIDEO_EDITOR_JAVA( 3981): videoEditJava_getClass(android/media/videoeditor/MediaArtistNativeHelper$VideoTransition)
I/VIDEO_EDITOR_JAVA( 3981): videoEditJava_getStaticIntField(NONE)
I/VIDEO_EDITOR_JAVA( 3981): videoEditJava_getStaticIntField, NONE = 0
I/VIDEO_EDITOR_JAVA( 3981): videoEditJava_getStaticIntField(CROSS_FADE)
I/VIDEO_EDITOR_JAVA( 3981): videoEditJava_getStaticIntField, CROSS_FADE = 1
I/VIDEO_EDITOR_JAVA( 3981): videoEditJava_getStaticIntField(EXTERNAL)
I/VIDEO_EDITOR_JAVA( 3981): videoEditJava_getStaticIntField, EXTERNAL = 256
I/VIDEO_EDITOR_JAVA( 3981): videoEditJava_getStaticIntField(ALPHA_MAGIC)
I/VIDEO_EDITOR_JAVA( 3981): videoEditJava_getStaticIntField, ALPHA_MAGIC = 257
I/VIDEO_EDITOR_JAVA( 3981): videoEditJava_getStaticIntField(SLIDE_TRANSITION)
I/VIDEO_EDITOR_JAVA( 3981): videoEditJava_getStaticIntField, SLIDE_TRANSITION = 258
I/VIDEO_EDITOR_JAVA( 3981): videoEditJava_getStaticIntField(FADE_BLACK)
I/VIDEO_EDITOR_JAVA( 3981): videoEditJava_getStaticIntField, FADE_BLACK = 259
I/VIDEO_EDITOR_JAVA( 3981): videoEditJava_initFieldClass(android/media/videoeditor/MediaArtistNativeHelper$AlphaMagicSettings)
I/VIDEO_EDITOR_JAVA( 3981): videoEditJava_getClass(android/media/videoeditor/MediaArtistNativeHelper$AlphaMagicSettings)
I/VIDEO_EDITOR_JAVA( 3981): videoEditJava_getFieldId(file,Ljava/lang/String;)
I/VIDEO_EDITOR_JAVA( 3981): videoEditJava_getFieldId(blendingPercent,I)
I/VIDEO_EDITOR_JAVA( 3981): videoEditJava_getFieldId(invertRotation,Z)
I/VIDEO_EDITOR_JAVA( 3981): videoEditJava_getFieldId(rgbWidth,I)
I/VIDEO_EDITOR_JAVA( 3981): videoEditJava_getFieldId(rgbHeight,I)
I/VIDEO_EDITOR_JAVA( 3981): videoEditJava_initFieldClass(android/media/videoeditor/MediaArtistNativeHelper$BackgroundMusicSettings)
I/VIDEO_EDITOR_JAVA( 3981): videoEditJava_getClass(android/media/videoeditor/MediaArtistNativeHelper$BackgroundMusicSettings)
I/VIDEO_EDITOR_JAVA( 3981): videoEditJava_getFieldId(file,Ljava/lang/String;)
I/VIDEO_EDITOR_JAVA( 3981): videoEditJava_getFieldId(fileType,I)
I/VIDEO_EDITOR_JAVA( 3981): videoEditJava_getFieldId(insertionTime,J)
I/VIDEO_EDITOR_JAVA( 3981): videoEditJava_getFieldId(volumePercent,I)
I/VIDEO_EDITOR_JAVA( 3981): videoEditJava_getFieldId(beginLoop,J)
I/VIDEO_EDITOR_JAVA( 3981): videoEditJava_getFieldId(endLoop,J)
I/VIDEO_EDITOR_JAVA( 3981): videoEditJava_getFieldId(enableDucking,Z)
I/VIDEO_EDITOR_JAVA( 3981): videoEditJava_getFieldId(duckingThreshold,I)
I/VIDEO_EDITOR_JAVA( 3981): videoEditJava_getFieldId(lowVolume,I)
I/VIDEO_EDITOR_JAVA( 3981): videoEditJava_getFieldId(isLooping,Z)
I/VIDEO_EDITOR_JAVA( 3981): videoEditJava_initFieldClass(android/media/videoeditor/MediaArtistNativeHelper$ClipSettings)
I/VIDEO_EDITOR_JAVA( 3981): videoEditJava_getClass(android/media/videoeditor/MediaArtistNativeHelper$ClipSettings)
I/VIDEO_EDITOR_JAVA( 3981): videoEditJava_getFieldId(clipPath,Ljava/lang/String;)
I/VIDEO_EDITOR_JAVA( 3981): videoEditJava_getFieldId(fileType,I)
I/VIDEO_EDITOR_JAVA( 3981): videoEditJava_getFieldId(beginCutTime,I)
I/VIDEO_EDITOR_JAVA( 3981): videoEditJava_getFieldId(endCutTime,I)
I/VIDEO_EDITOR_JAVA( 3981): videoEditJava_getFieldId(beginCutPercent,I)
I/VIDEO_EDITOR_JAVA( 3981): videoEditJava_getFieldId(endCutPercent,I)
I/VIDEO_EDITOR_JAVA( 3981): videoEditJava_getFieldId(panZoomEnabled,Z)
I/VIDEO_EDITOR_JAVA( 3981): videoEditJava_getFieldId(panZoomPercentStart,I)
I/VIDEO_EDITOR_JAVA( 3981): videoEditJava_getFieldId(panZoomTopLeftXStart,I)
I/VIDEO_EDITOR_JAVA( 3981): videoEditJava_getFieldId(panZoomTopLeftYStart,I)
I/VIDEO_EDITOR_JAVA( 3981): videoEditJava_getFieldId(panZoomPercentEnd,I)
I/VIDEO_EDITOR_JAVA( 3981): videoEditJava_getFieldId(panZoomTopLeftXEnd,I)
I/VIDEO_EDITOR_JAVA( 3981): videoEditJava_getFieldId(panZoomTopLeftYEnd,I)
I/VIDEO_EDITOR_JAVA( 3981): videoEditJava_getFieldId(mediaRendering,I)
I/VIDEO_EDITOR_JAVA( 3981): videoEditJava_getFieldId(rgbWidth,I)
I/VIDEO_EDITOR_JAVA( 3981): videoEditJava_getFieldId(rgbHeight,I)
I/VIDEO_EDITOR_JAVA( 3981): videoEditJava_getFieldId(rotationDegree,I)
I/VIDEO_EDITOR_JAVA( 3981): videoEditJava_initFieldClass(android/media/videoeditor/MediaArtistNativeHelper$EditSettings)
I/VIDEO_EDITOR_JAVA( 3981): videoEditJava_getClass(android/media/videoeditor/MediaArtistNativeHelper$EditSettings)
I/VIDEO_EDITOR_JAVA( 3981): videoEditJava_getFieldId(clipSettingsArray,[Landroid/media/videoeditor/MediaArtistNativeHelper$ClipSettings;)
I/VIDEO_EDITOR_JAVA( 3981): videoEditJava_getFieldId(transitionSettingsArray,[Landroid/media/videoeditor/MediaArtistNativeHelper$TransitionSettings;)
I/VIDEO_EDITOR_JAVA( 3981): videoEditJava_getFieldId(effectSettingsArray,[Landroid/media/videoeditor/MediaArtistNativeHelper$EffectSettings;)
I/VIDEO_EDITOR_JAVA( 3981): videoEditJava_getFieldId(videoFrameRate,I)
I/VIDEO_EDITOR_JAVA( 3981): videoEditJava_getFieldId(outputFile,Ljava/lang/String;)
I/VIDEO_EDITOR_JAVA( 3981): videoEditJava_getFieldId(videoFrameSize,I)
I/VIDEO_EDITOR_JAVA( 3981): videoEditJava_getFieldId(videoFormat,I)
I/VIDEO_EDITOR_JAVA( 3981): videoEditJava_getFieldId(videoProfile,I)
I/VIDEO_EDITOR_JAVA( 3981): videoEditJava_getFieldId(videoLevel,I)
I/VIDEO_EDITOR_JAVA( 3981): videoEditJava_getFieldId(audioFormat,I)
I/VIDEO_EDITOR_JAVA( 3981): videoEditJava_getFieldId(audioSamplingFreq,I)
I/VIDEO_EDITOR_JAVA( 3981): videoEditJava_getFieldId(maxFileSize,I)
I/VIDEO_EDITOR_JAVA( 3981): videoEditJava_getFieldId(audioChannels,I)
I/VIDEO_EDITOR_JAVA( 3981): videoEditJava_getFieldId(videoBitrate,I)
