W/Resources( 3981): Preloaded drawable resource #0x10804dc (android:drawable/progressbar_indeterminate_holo2) that varies with configuration!!
W/Resources( 3981): Preloaded drawable resource #0x10804dd (android:drawable/progressbar_indeterminate_holo3) that varies with configuration!!
W/Resources( 3981): Preloaded drawable resource #0x10804de (android:drawable/progressbar_indeterminate_holo4) that varies with configuration!!
W/Resources( 3981): Preloaded drawable resource #0x10804df (android:drawable/progressbar_indeterminate_holo5) that varies with configuration!!
W/Resources( 3981): Preloaded drawable resource #0x10804e0 (android:drawable/progressbar_indeterminate_holo6) that varies with configuration!!
I/Netd    ( 3982): execIptablesCommand android_fork_execvp exit
I/Netd    ( 3982): execIptablesCommand android_fork_execvp enter
W/Resources( 3981): Preloaded drawable resource #0x10804e1 (android:drawable/progressbar_indeterminate_holo7) that varies with configuration!!
W/Resources( 3981): Preloaded drawable resource #0x10804e2 (android:drawable/progressbar_indeterminate_holo8) that varies with configuration!!
W/Resources( 3981): Preloaded drawable resource #0x10804c9 (android:drawable/progress_indeterminate_horizontal_holo) that varies with configuration!!
D/dalvikvm( 3981): GC_EXPLICIT freed 88K (268), 6% free 5537K/5848K (before 5626K/5848K), paused 0ms+1ms, total 6ms
W/Resources( 3981): Preloaded drawable resource #0x10804d0 (android:drawable/progress_primary_holo_dark) that varies with configuration!!
W/Resources( 3981): Preloaded drawable resource #0x10804d2 (android:drawable/progress_secondary_holo_dark) that varies with configuration!!
W/Resources( 3981): Preloaded drawable resource #0x1080528 (android:drawable/scrollbar_handle_holo_dark) that varies with configuration!!
W/Resources( 3981): Preloaded drawable resource #0x1080208 (android:drawable/cab_background_bottom_holo_dark) that varies with configuration!!
W/Resources( 3981): Preloaded drawable resource #0x108020b (android:drawable/cab_background_top_holo_light) that varies with configuration!!
I/Netd    ( 3982): execIptablesCommand android_fork_execvp exit
I/Netd    ( 3982): execIptablesCommand android_fork_execvp enter
D/dalvikvm( 3981): GC_EXPLICIT freed 2759K (222), 3% free 2849K/2928K (before 5608K/5848K), paused 0ms+1ms, total 7ms
W/Resources( 3981): Preloaded drawable resource #0x1080209 (android:drawable/cab_background_bottom_holo_light) that varies with configuration!!
W/Resources( 3981): Preloaded drawable resource #0x108020a (android:drawable/cab_background_top_holo_dark) that varies with configuration!!
W/Resources( 3981): Preloaded drawable resource #0x10803f4 (android:drawable/list_divider_holo_dark) that varies with configuration!!
W/Resources( 3981): Preloaded drawable resource #0x10803f5 (android:drawable/list_divider_holo_light) that varies with configuration!!
W/Resources( 3981): Preloaded drawable resource #0x10800bd (android:drawable/ab_transparent_dark_holo) that varies with configuration!!
D/dalvikvm( 3981): GC_EXPLICIT freed 49K (190), 5% free 2870K/3000K (before 2919K/3000K), paused 0ms+1ms, total 6ms
W/Resources( 3981): Preloaded drawable resource #0x10800bb (android:drawable/ab_stacked_transparent_dark_holo) that varies with configuration!!
I/Netd    ( 3982): execIptablesCommand android_fork_execvp exit
I/Netd    ( 3982): execIptablesCommand android_fork_execvp enter
W/Resources( 3981): Preloaded drawable resource #0x10800a1 (android:drawable/ab_bottom_transparent_dark_holo) that varies with configuration!!
W/Resources( 3981): Preloaded drawable resource #0x10800b6 (android:drawable/ab_solid_light_holo) that varies with configuration!!
D/dalvikvm( 3981): GC_EXPLICIT freed 66K (101), 6% free 2870K/3048K (before 2936K/3048K), paused 0ms+1ms, total 6ms
W/Resources( 3981): Preloaded drawable resource #0x10800ba (android:drawable/ab_stacked_solid_light_holo) that varies with configuration!!
W/Resources( 3981): Preloaded drawable resource #0x10800a0 (android:drawable/ab_bottom_solid_light_holo) that varies with configuration!!
W/Resources( 3981): Preloaded drawable resource #0x10800b7 (android:drawable/ab_solid_shadow_holo) that varies with configuration!!
D/dalvikvm( 3981): GC_EXPLICIT freed 65K (83), 7% free 2859K/3048K (before 2925K/3048K), paused 0ms+1ms, total 6ms
I/Netd    ( 3982): execIptablesCommand android_fork_execvp exit
I/Netd    ( 3982): execIptablesCommand android_fork_execvp enter
W/Resources( 3981): Preloaded drawable resource #0x108041d (android:drawable/list_selector_disabled_holo_dark) that varies with configuration!!
W/Resources( 3981): Preloaded drawable resource #0x108041d (android:drawable/list_selector_disabled_holo_dark) that varies with configuration!!
W/Resources( 3981): Preloaded drawable resource #0x10803fe (android:drawable/list_pressed_holo_dark) that varies with configuration!!
W/Resources( 3981): Preloaded drawable resource #0x10803fc (android:drawable/list_longpressed_holo_dark) that varies with configuration!!
W/Resources( 3981): Preloaded drawable resource #0x108041a (android:drawable/list_selector_background_transition_holo_dark) that varies with configuration!!
W/Resources( 3981): Preloaded drawable resource #0x10803fe (android:drawable/list_pressed_holo_dark) that varies with configuration!!
W/Resources( 3981): Preloaded drawable resource #0x10803fc (android:drawable/list_longpressed_holo_dark) that varies with configuration!!
W/Resources( 3981): Preloaded drawable resource #0x108041a (android:drawable/list_selector_background_transition_holo_dark) that varies with configuration!!
W/Resources( 3981): Preloaded drawable resource #0x10803f7 (android:drawable/list_focused_holo) that varies with configuration!!
W/Resources( 3981): Preloaded drawable resource #0x10803b3 (android:drawable/item_background_holo_dark) that varies with configuration!!
D/dalvikvm( 3981): GC_EXPLICIT freed 73K (180), 7% free 2852K/3048K (before 2926K/3048K), paused 0ms+1ms, total 6ms
W/Resources( 3981): Preloaded drawable resource #0x108041e (android:drawable/list_selector_disabled_holo_light) that varies with configuration!!
W/Resources( 3981): Preloaded drawable resource #0x108041e (android:drawable/list_selector_disabled_holo_light) that varies with configuration!!
W/Resources( 3981): Preloaded drawable resource #0x10803ff (android:drawable/list_pressed_holo_light) that varies with configuration!!
W/Resources( 3981): Preloaded drawable resource #0x10803fd (android:drawable/list_longpressed_holo_light) that varies with configuration!!
W/Resources( 3981): Preloaded drawable resource #0x108041b (android:drawable/list_selector_background_transition_holo_light) that varies with configuration!!
W/Resources( 3981): Preloaded drawable resource #0x10803ff (android:drawable/list_pressed_holo_light) that varies with configuration!!
W/Resources( 3981): Preloaded drawable resource #0x10803fd (android:drawable/list_longpressed_holo_light) that varies with configuration!!
W/Resources( 3981): Preloaded drawable resource #0x108041b (android:drawable/list_selector_background_transition_holo_light) that varies with configuration!!
W/Resources( 3981): Preloaded drawable resource #0x10803f7 (android:drawable/list_focused_holo) that varies with configuration!!
W/Resources( 3981): Preloaded drawable resource #0x10803b4 (android:drawable/item_background_holo_light) that varies with configuration!!
I/Netd    ( 3982): execIptablesCommand android_fork_execvp exit
I/Netd    ( 3982): execIptablesCommand android_fork_execvp enter
D/dalvikvm( 3981): GC_EXPLICIT freed 25K (264), 6% free 2893K/3048K (before 2918K/3048K), paused 0ms+1ms, total 6ms
W/Resources( 3981): Preloaded drawable resource #0x1080277 (android:drawable/fastscroll_label_left_holo_light) that varies with configuration!!
D/dalvikvm( 3981): GC_EXPLICIT freed 56K (185), 6% free 3048K/3240K (before 3104K/3240K), paused 0ms+0ms, total 6ms
I/Netd    ( 3982): execIptablesCommand android_fork_execvp exit
I/Netd    ( 3982): execIptablesCommand android_fork_execvp enter
W/Resources( 3981): Preloaded drawable resource #0x1080279 (android:drawable/fastscroll_label_right_holo_light) that varies with configuration!!
D/dalvikvm( 3981): GC_EXPLICIT freed 52K (101), 8% free 3187K/3432K (before 3239K/3432K), paused 0ms+1ms, total 6ms
W/Resources( 3981): Preloaded drawable resource #0x108025b (android:drawable/editbox_dropdown_background_dark) that varies with configuration!!
W/Resources( 3981): Preloaded drawable resource #0x10803fb (android:drawable/list_longpressed_holo) that varies with configuration!!
W/Resources( 3981): Preloaded drawable resource #0x108052b (android:drawable/scrollbar_handle_vertical) that varies with configuration!!
W/Resources( 3981): Preloaded drawable resource #0x108052a (android:drawable/scrollbar_handle_horizontal) that varies with configuration!!
W/Resources( 3981): Preloaded drawable resource #0x1080413 (android:drawable/list_selector_background_longpress) that varies with configuration!!
I/Netd    ( 3982): execIptablesCommand android_fork_execvp exit
I/Netd    ( 3982): execIptablesCommand android_fork_execvp enter
D/dalvikvm( 3981): GC_EXPLICIT freed 195K (99), 11% free 3078K/3432K (before 3274K/3432K), paused 0ms+0ms, total 5ms
W/Resources( 3981): Preloaded drawable resource #0x10803f7 (android:drawable/list_focused_holo) that varies with configuration!!
W/Resources( 3981): Preloaded drawable resource #0x1080129 (android:drawable/btn_default_selected) that varies with configuration!!
W/Resources( 3981): Preloaded drawable resource #0x1080125 (android:drawable/btn_default_pressed) that varies with configuration!!
D/dalvikvm( 3981): GC_EXPLICIT freed 236K (103), 15% free 2929K/3432K (before 3166K/3432K), paused 0ms+1ms, total 6ms
I/Netd    ( 3982): execIptablesCommand android_fork_execvp exit
I/Netd    ( 3982): execIptablesCommand android_fork_execvp enter
W/Resources( 3981): Preloaded drawable resource #0x1080121 (android:drawable/btn_default_normal_disable_focused) that varies with configuration!!
W/Resources( 3981): Preloaded drawable resource #0x1080120 (android:drawable/btn_default_normal_disable) that varies with configuration!!
D/dalvikvm( 3981): GC_EXPLICIT freed 81K (66), 15% free 2932K/3432K (before 3014K/3432K), paused 0ms+1ms, total 6ms
W/Resources( 3981): Preloaded drawable resource #0x108011f (android:drawable/btn_default_normal) that varies with configuration!!
W/Resources( 3981): Preloaded drawable resource #0x108011f (android:drawable/btn_default_normal) that varies with configuration!!
W/Resources( 3981): Preloaded drawable resource #0x1080120 (android:drawable/btn_default_normal_disable) that varies with configuration!!
W/Resources( 3981): Preloaded drawable resource #0x1080125 (android:drawable/btn_default_pressed) that varies with configuration!!
W/Resources( 3981): Preloaded drawable resource #0x1080129 (android:drawable/btn_default_selected) that varies with configuration!!
W/Resources( 3981): Preloaded drawable resource #0x108011f (android:drawable/btn_default_normal) that varies with configuration!!
W/Resources( 3981): Preloaded drawable resource #0x1080121 (android:drawable/btn_default_normal_disable_focused) that varies with configuration!!
W/Resources( 3981): Preloaded drawable resource #0x1080120 (android:drawable/btn_default_normal_disable) that varies with configuration!!
W/Resources( 3981): Preloaded drawable resource #0x1080004 (android:drawable/btn_default) that varies with configuration!!
I/Netd    ( 3982): execIptablesCommand android_fork_execvp exit
I/Netd    ( 3982): execIptablesCommand android_fork_execvp enter
D/dalvikvm( 3981): GC_EXPLICIT freed 92K (161), 8% free 3180K/3432K (before 3272K/3432K), paused 0ms+0ms, total 6ms
W/Resources( 3981): Preloaded drawable resource #0x108041e (android:drawable/list_selector_disabled_holo_light) that varies with configuration!!
W/Resources( 3981): Preloaded drawable resource #0x10803ff (android:drawable/list_pressed_holo_light) that varies with configuration!!
W/Resources( 3981): Preloaded drawable resource #0x1080415 (android:drawable/list_selector_background_pressed) that varies with configuration!!
D/dalvikvm( 3981): GC_EXPLICIT freed 88K (135), 9% free 3155K/3432K (before 3244K/3432K), paused 0ms+1ms, total 6ms
I/Netd    ( 3982): execIptablesCommand android_fork_execvp exit
I/Netd    ( 3982): execIptablesCommand android_fork_execvp enter
W/Resources( 3981): Preloaded drawable resource #0x108040e (android:drawable/list_selector_background_focus) that varies with configuration!!
W/Resources( 3981): Preloaded drawable resource #0x108040c (android:drawable/list_selector_background_disabled) that varies with configuration!!
D/dalvikvm( 3981): GC_EXPLICIT freed 311K (110), 15% free 2920K/3432K (before 3231K/3432K), paused 0ms+0ms, total 6ms
W/Resources( 3981): Preloaded drawable resource #0x108009b (android:drawable/ic_dialog_info) that varies with configuration!!
W/Resources( 3981): Preloaded drawable resource #0x108009a (android:drawable/bottom_bar) that varies with configuration!!
D/dalvikvm( 3981): GC_EXPLICIT freed 111K (61), 15% free 3463K/4048K (before 3574K/4048K), paused 1ms+0ms, total 6ms
I/Netd    ( 3982): execIptablesCommand android_fork_execvp exit
I/Netd    ( 3982): execIptablesCommand android_fork_execvp enter
W/Resources( 3981): Preloaded drawable resource #0x1080096 (android:drawable/toast_frame) that varies with configuration!!
W/Resources( 3981): Preloaded drawable resource #0x1080014 (android:drawable/divider_horizontal_dark) that varies with configuration!!
W/Resources( 3981): Preloaded drawable resource #0x10804c3 (android:drawable/popup_top_dark) that varies with configuration!!
D/dalvikvm( 3981): GC_EXPLICIT freed 655K (73), 29% free 2906K/4048K (before 3561K/4048K), paused 0ms+1ms, total 6ms
W/Resources( 3981): Preloaded drawable resource #0x10804b0 (android:drawable/popup_bottom_medium) that varies with configuration!!
D/dalvikvm( 3981): GC_EXPLICIT freed 28K (46), 28% free 2947K/4048K (before 2975K/4048K), paused 0ms+0ms, total 6ms
I/Netd    ( 3982): execIptablesCommand android_fork_execvp exit
I/Netd    ( 3982): execIptablesCommand android_fork_execvp enter
W/Resources( 3981): Preloaded drawable resource #0x108040c (android:drawable/list_selector_background_disabled) that varies with configuration!!
W/Resources( 3981): Preloaded drawable resource #0x108040c (android:drawable/list_selector_background_disabled) that varies with configuration!!
W/Resources( 3981): Preloaded drawable resource #0x1080415 (android:drawable/list_selector_background_pressed) that varies with configuration!!
W/Resources( 3981): Preloaded drawable resource #0x1080413 (android:drawable/list_selector_background_longpress) that varies with configuration!!
W/Resources( 3981): Preloaded drawable resource #0x1080419 (android:drawable/list_selector_background_transition) that varies with configuration!!
W/Resources( 3981): Preloaded drawable resource #0x1080415 (android:drawable/list_selector_background_pressed) that varies with configuration!!
W/Resources( 3981): Preloaded drawable resource #0x1080413 (android:drawable/list_selector_background_longpress) that varies with configuration!!
W/Resources( 3981): Preloaded drawable resource #0x1080419 (android:drawable/list_selector_background_transition) that varies with configuration!!
W/Resources( 3981): Preloaded drawable resource #0x108040e (android:drawable/list_selector_background_focus) that varies with configuration!!
W/Resources( 3981): Preloaded drawable resource #0x1080062 (android:drawable/list_selector_background) that varies with configuration!!
D/dalvikvm( 3981): GC_EXPLICIT freed 80K (162), 23% free 3138K/4048K (before 3218K/4048K), paused 0ms+1ms, total 6ms
W/Resources( 3981): Preloaded drawable resource #0x10804b2 (android:drawable/popup_center_dark) that varies with configuration!!
W/Resources( 3981): Preloaded drawable resource #0x108061e (android:drawable/tab_press_bar_right) that varies with configuration!!
W/Resources( 3981): Preloaded drawable resource #0x1080623 (android:drawable/tab_selected_bar_right) that varies with configuration!!
W/Resources( 3981): Preloaded drawable resource #0x1080617 (android:drawable/tab_focus_bar_right) that varies with configuration!!
W/Resources( 3981): Preloaded drawable resource #0x1080613 (android:drawable/tab_bottom_right) that varies with configuration!!
W/Resources( 3981): Preloaded drawable resource #0x108061d (android:drawable/tab_press_bar_left) that varies with configuration!!
W/Resources( 3981): Preloaded drawable resource #0x1080621 (android:drawable/tab_selected_bar_left) that varies with configuration!!
W/Resources( 3981): Preloaded drawable resource #0x1080616 (android:drawable/tab_focus_bar_left) that varies with configuration!!
W/Resources( 3981): Preloaded drawable resource #0x1080611 (android:drawable/tab_bottom_left) that varies with configuration!!
W/Resources( 3981): Preloaded drawable resource #0x1080623 (android:drawable/tab_selected_bar_right) that varies with configuration!!
W/Resources( 3981): Preloaded drawable resource #0x1080621 (android:drawable/tab_selected_bar_left) that varies with configuration!!
W/Resources( 3981): Preloaded drawable resource #0x108061e (android:drawable/tab_press_bar_right) that varies with configuration!!
W/Resources( 3981): Preloaded drawable resource #0x108061d (android:drawable/tab_press_bar_left) that varies with configuration!!
W/Resources( 3981): Preloaded drawable resource #0x1080617 (android:drawable/tab_focus_bar_right) that varies with configuration!!
W/Resources( 3981): Preloaded drawable resource #0x1080616 (android:drawable/tab_focus_bar_left) that varies with configuration!!
W/Resources( 3981): Preloaded drawable resource #0x10803fe (android:drawable/list_pressed_holo_dark) that varies with configuration!!
I/Netd    ( 3982): execIptablesCommand android_fork_execvp exit
I/Netd    ( 3982): execIptablesCommand android_fork_execvp enter
W/Resources( 3981): Preloaded drawable resource #0x1080093 (android:drawable/sym_def_app_icon) that varies with configuration!!
I/Netd    ( 3982): execIptablesCommand android_fork_execvp exit
I/Netd    ( 3982): execIptablesCommand android_fork_execvp enter
D/dalvikvm( 3981): GC_EXPLICIT freed 94K (422), 22% free 3166K/4048K (before 3260K/4048K), paused 0ms+0ms, total 6ms
W/Resources( 3981): Preloaded drawable resource #0x108057f (android:drawable/spinner_white_16) that varies with configuration!!
W/Resources( 3981): Preloaded drawable resource #0x10804da (android:drawable/progressbar_indeterminate3) that varies with configuration!!
W/Resources( 3981): Preloaded drawable resource #0x10804d9 (android:drawable/progressbar_indeterminate2) that varies with configuration!!
W/Resources( 3981): Preloaded drawable resource #0x10804d8 (android:drawable/progressbar_indeterminate1) that varies with configuration!!
D/dalvikvm( 3981): GC_EXPLICIT freed 400K (288), 31% free 2832K/4048K (before 3233K/4048K), paused 0ms+1ms, total 6ms
W/Resources( 3981): Preloaded drawable resource #0x108041d (android:drawable/list_selector_disabled_holo_dark) that varies with configuration!!
I/Netd    ( 3982): execIptablesCommand android_fork_execvp exit
I/Netd    ( 3982): execIptablesCommand android_fork_execvp enter
D/dalvikvm( 3981): GC_EXPLICIT freed 19K (56), 30% free 2865K/4048K (before 2885K/4048K), paused 1ms+0ms, total 6ms
W/Resources( 3981): Preloaded drawable resource #0x10804d8 (android:drawable/progressbar_indeterminate1) that varies with configuration!!
W/Resources( 3981): Preloaded drawable resource #0x10804d9 (android:drawable/progressbar_indeterminate2) that varies with configuration!!
W/Resources( 3981): Preloaded drawable resource #0x10804da (android:drawable/progressbar_indeterminate3) that varies with configuration!!
W/Resources( 3981): Preloaded drawable resource #0x108006d (android:drawable/progress_indeterminate_horizontal) that varies with configuration!!
D/dalvikvm( 3981): GC_EXPLICIT freed 26K (93), 29% free 2897K/4048K (before 2923K/4048K), paused 0ms+1ms, total 6ms
W/Resources( 3981): Preloaded drawable resource #0x1080668 (android:drawable/textfield_selected) that varies with configuration!!
W/Resources( 3981): Preloaded drawable resource #0x1080645 (android:drawable/textfield_disabled_selected) that varies with configuration!!
I/Netd    ( 3982): execIptablesCommand android_fork_execvp exit
I/Netd    ( 3982): execIptablesCommand android_fork_execvp enter
D/dalvikvm( 3981): GC_EXPLICIT freed 55K (83), 28% free 2919K/4048K (before 2975K/4048K), paused 0ms+1ms, total 6ms
W/Resources( 3981): Preloaded drawable resource #0x1080640 (android:drawable/textfield_disabled) that varies with configuration!!
W/Resources( 3981): Preloaded drawable resource #0x108063d (android:drawable/textfield_default) that varies with configuration!!
D/dalvikvm( 3981): GC_EXPLICIT freed 3K (58), 27% free 2994K/4048K (before 2997K/4048K), paused 0ms+1ms, total 6ms
I/Netd    ( 3982): execIptablesCommand android_fork_execvp exit
I/Netd    ( 3982): execIptablesCommand android_fork_execvp enter
W/Resources( 3981): Preloaded drawable resource #0x108047e (android:drawable/panel_background) that varies with configuration!!
D/dalvikvm( 3981): GC_EXPLICIT freed 113K (44), 27% free 2972K/4048K (before 3086K/4048K), paused 0ms+0ms, total 6ms
W/Resources( 3981): Preloaded drawable resource #0x1080234 (android:drawable/divider_horizontal_dark_opaque) that varies with configuration!!
W/Resources( 3981): Preloaded drawable resource #0x10800dd (android:drawable/btn_check_label_background) that varies with configuration!!
D/dalvikvm( 3981): GC_EXPLICIT freed 40K (48), 27% free 2988K/4048K (before 3028K/4048K), paused 0ms+1ms, total 6ms
I/Netd    ( 3982): execIptablesCommand android_fork_execvp exit
I/Netd    ( 3982): execIptablesCommand android_fork_execvp enter
W/Resources( 3981): Preloaded drawable resource #0x108063d (android:drawable/textfield_default) that varies with configuration!!
W/Resources( 3981): Preloaded drawable resource #0x1080640 (android:drawable/textfield_disabled) that varies with configuration!!
W/Resources( 3981): Preloaded drawable resource #0x1080668 (android:drawable/textfield_selected) that varies with configuration!!
W/Resources( 3981): Preloaded drawable resource #0x108063d (android:drawable/textfield_default) that varies with configuration!!
W/Resources( 3981): Preloaded drawable resource #0x1080645 (android:drawable/textfield_disabled_selected) that varies with configuration!!
W/Resources( 3981): Preloaded drawable resource #0x1080640 (android:drawable/textfield_disabled) that varies with configuration!!
W/Resources( 3981): Preloaded drawable resource #0x1080016 (android:drawable/edit_text) that varies with configuration!!
I/Zygote  ( 3981): ...preloaded 88 resources in 270ms.
I/Zygote  ( 3981): ...preloaded 0 resources in 0ms.
D/libEGL  ( 3981): Attempt to load from egl.cfg
D/libEGL  ( 3981): >>> 0 0 android
D/libEGL  ( 3981): >>> 0 1 mtk
D/libEGL  ( 3981): Attempt to load from egl.cfg
D/libEGL  ( 3981): >>> 0 0 android
D/libEGL  ( 3981): >>> 0 1 mtk
D/libEGL  ( 3981): loaded /vendor/lib/egl/libEGL_mtk.so
I/Netd    ( 3982): execIptablesCommand android_fork_execvp exit
I/Netd    ( 3982): execIptablesCommand android_fork_execvp enter
D/libEGL  ( 3981): Attempt to load from egl.cfg
D/libEGL  ( 3981): >>> 0 0 android
D/libEGL  ( 3981): >>> 0 1 mtk
D/libEGL  ( 3981): loaded /vendor/lib/egl/libGLESv1_CM_mtk.so
D/libEGL  ( 3981): Attempt to load from egl.cfg
D/libEGL  ( 3981): >>> 0 0 android
D/libEGL  ( 3981): >>> 0 1 mtk
D/libEGL  ( 3981): loaded /vendor/lib/egl/libGLESv2_mtk.so
I/Netd    ( 3982): execIptablesCommand android_fork_execvp exit
I/Netd    ( 3982): execIptablesCommand android_fork_execvp enter
D/dalvikvm( 3981): GC_EXPLICIT freed 104K (231), 23% free 3126K/4048K (before 3231K/4048K), paused 0ms+1ms, total 6ms
D/dalvikvm( 3981): GC_EXPLICIT freed 280K (144), 30% free 2845K/4048K (before 3126K/4048K), paused 1ms+1ms, total 6ms
D/dalvikvm( 3981): GC_EXPLICIT freed <1K (6), 30% free 2845K/4048K (before 2845K/4048K), paused 1ms+1ms, total 6ms
I/Netd    ( 3982): execIptablesCommand android_fork_execvp exit
I/Netd    ( 3982): execIptablesCommand android_fork_execvp enter
D/dalvikvm( 3981): threadid=4: exiting
D/dalvikvm( 3981): threadid=4: bye!
D/dalvikvm( 3981): threadid=3: exiting
D/dalvikvm( 3981): threadid=3: bye!
D/dalvikvm( 3981): threadid=2: exiting
D/dalvikvm( 3981): threadid=2: bye!
I/Netd    ( 3982): execIptablesCommand android_fork_execvp exit
I/Netd    ( 3982): execIptablesCommand android_fork_execvp enter
I/Netd    ( 3982): execIptablesCommand android_fork_execvp exit
I/Netd    ( 3982): execIptablesCommand android_fork_execvp enter
D/dalvikvm( 3981): pre gc
D/dalvikvm( 3981): Zygote::ForkAndSpecialize +
I/Netd    ( 3982): execIptablesCommand android_fork_execvp exit
I/Netd    ( 3982): execIptablesCommand android_fork_execvp enter
D/dalvikvm( 3981): Zygote::ForkAndSpecialize : 4118
D/dalvikvm( 4118): Zygote::ForkAndSpecialize : 0
I/dalvikvm( 3981): System server process 4118 has been created
D/dalvikvm( 3981): create interp thread : stack size=128KB
D/dalvikvm( 3981): create new thread
D/dalvikvm( 3981): new thread created
D/dalvikvm( 3981): update thread list
D/dalvikvm( 4118): zygote get new systemTid : 4118
D/dalvikvm( 4118): threadid=2: interp stack at 0x76a49000
D/dalvikvm( 3981): threadid=2: interp stack at 0x76949000
D/dalvikvm( 3981): threadid=2: created from interp
D/dalvikvm( 4118): threadid=3: interp stack at 0x76b69000
D/dalvikvm( 3981): start new thread
D/dalvikvm( 3981): create interp thread : stack size=128KB
D/jdwp    ( 4118): prepping for JDWP over ADB
D/dalvikvm( 3981): create new thread
D/dalvikvm( 3981): new thread created
D/dalvikvm( 3981): threadid=2: notify debugger
D/dalvikvm( 3981): update thread list
D/dalvikvm( 4118): Elevating priority from 0 to -8
D/dalvikvm( 4118): threadid=4: interp stack at 0x76c8a000
D/jdwp    ( 4118): JDWP: thread running
D/dalvikvm( 3981): threadid=2 (ReferenceQueueDaemon): calling run()
D/jdwp    ( 4118): trying to receive file descriptor from ADB
D/dalvikvm( 4118): threadid=5: interp stack at 0x7a2e7000
D/ADB_SERVICES(  309): Adding socket 18 pid 4118 to jdwp process list
D/dalvikvm( 4118): zygote get thread init done
D/dalvikvm( 4118): create interp thread : stack size=128KB
D/dalvikvm( 4118): create new thread
D/dalvikvm( 3981): threadid=3: interp stack at 0x76a69000
D/dalvikvm( 3981): threadid=3: created from interp
D/dalvikvm( 3981): start new thread
D/dalvikvm( 3981): create interp thread : stack size=128KB
D/dalvikvm( 3981): create new thread
D/dalvikvm( 3981): threadid=3: notify debugger
D/dalvikvm( 3981): threadid=3 (FinalizerDaemon): calling run()
D/dalvikvm( 4118): new thread created
D/dalvikvm( 4118): update thread list
D/dalvikvm( 4118): threadid=6: interp stack at 0x7a307000
D/dalvikvm( 4118): threadid=6: created from interp
D/dalvikvm( 3981): new thread created
D/dalvikvm( 3981): update thread list
D/dalvikvm( 3981): threadid=4: interp stack at 0x76b8a000
D/dalvikvm( 4118): start new thread
D/dalvikvm( 4118): create interp thread : stack size=128KB
D/dalvikvm( 4118): create new thread
D/dalvikvm( 4118): new thread created
D/dalvikvm( 4118): update thread list
D/dalvikvm( 4118): threadid=6: notify debugger
D/dalvikvm( 4118): threadid=6 (ReferenceQueueDaemon): calling run()
D/dalvikvm( 4118): threadid=7: interp stack at 0x7a425000
D/dalvikvm( 4118): threadid=7: created from interp
D/dalvikvm( 4118): start new thread
D/dalvikvm( 4118): create interp thread : stack size=128KB
D/dalvikvm( 4118): create new thread
D/dalvikvm( 4118): new thread created
D/dalvikvm( 4118): update thread list
D/dalvikvm( 4118): threadid=7: notify debugger
D/dalvikvm( 4118): threadid=7 (FinalizerDaemon): calling run()
D/dalvikvm( 4118): threadid=8: interp stack at 0x7a543000
D/dalvikvm( 3981): threadid=4: created from interp
D/dalvikvm( 4118): threadid=8: created from interp
D/dalvikvm( 3981): start new thread
D/dalvikvm( 4118): start new thread
I/Netd    ( 3982): execIptablesCommand android_fork_execvp exit
I/Zygote  ( 3981): Accepting command socket connections
I/Netd    ( 3982): execIptablesCommand android_fork_execvp enter
D/dalvikvm( 3981): threadid=4: notify debugger
D/dalvikvm( 4118): threadid=8: notify debugger
D/dalvikvm( 3981): threadid=4 (FinalizerWatchdogDaemon): calling run()
D/dalvikvm( 4118): threadid=8 (FinalizerWatchdogDaemon): calling run()
D/dalvikvm( 4118): threadid=9: interp stack at 0x7a95d000
D/dalvikvm( 4118): threadid=10: interp stack at 0x7aa7d000
I/Netd    ( 3982): execIptablesCommand android_fork_execvp exit
I/Netd    ( 3982): execIptablesCommand android_fork_execvp enter
I/Netd    ( 3982): execIptablesCommand android_fork_execvp exit
I/Netd    ( 3982): execIptablesCommand android_fork_execvp enter
I/SystemServer( 4118): Entered the Android system server!
D/SensorService( 4118): nuSensorService starting...
I/MLLITE  ( 4118): sensor type path: /sys/bus/iio/devices/iio:device0/in_magn_scale
I/MLLITE  ( 4118): found directory
I/MLLITE  ( 4118): name path: /sys/bus/iio/devices/iio:device0/name
I/MLLITE  ( 4118): name found: mpu7400 now test for mpuxxxx
I/MLLITE  ( 4118): name path: /sys/bus/iio/devices/iio:device0/info_secondary_name
I/MLLITE  ( 4118): secondary name found: AK09911
I/Netd    ( 3982): execIptablesCommand android_fork_execvp exit
I/Netd    ( 3982): execIptablesCommand android_fork_execvp enter
I/MLLITE  ( 4118): sensor type path: /sys/bus/iio/devices/iio:device0/in_als_px_enable
I/MLLITE  ( 4118): keeps searching
I/Sensors ( 4118): Light HAL:Cannot read secondary device name - (-19)
I/Sensors ( 4118): HAL:could not open factory accel calibrated bias
I/Netd    ( 3982): execIptablesCommand android_fork_execvp exit
I/Netd    ( 3982): execIptablesCommand android_fork_execvp enter
I/Sensors ( 4118): InvenSense MA 5.3.0 K RC24
I/Netd    ( 3982): execIptablesCommand android_fork_execvp exit
I/Netd    ( 3982): execIptablesCommand android_fork_execvp enter
I/Netd    ( 3982): execIptablesCommand android_fork_execvp exit
I/Netd    ( 3982): execIptablesCommand android_fork_execvp enter
I/Netd    ( 3982): execIptablesCommand android_fork_execvp exit
I/Netd    ( 3982): execIptablesCommand android_fork_execvp enter
I/Netd    ( 3982): execIptablesCommand android_fork_execvp exit
I/Netd    ( 3982): execIptablesCommand android_fork_execvp enter
I/Netd    ( 3982): execIptablesCommand android_fork_execvp exit
I/Netd    ( 3982): execIptablesCommand android_fork_execvp enter
E/MPL-storeload( 4118): Cannot open file "/data/inv_cal_data.bin" for read
E/MPL-storeload( 4118): Could not load cal file - aborting
E/Sensors ( 4118): /data/inv_data_cal.bin is NULL, will read bias from nvram
E/Sensors ( 4118): invnHAL:Dmp Accel Bias read 0 0 0
E/Sensors ( 4118): setDmpAccelBias_from_nvram failed due to bias == 0
I/Sensors ( 4118): HAL:Could not open or load MPL calibration file (46)
I/Netd    ( 3982): execIptablesCommand android_fork_execvp exit
I/Netd    ( 3982): execIptablesCommand android_fork_execvp enter
I/Netd    ( 3982): execIptablesCommand android_fork_execvp exit
I/Netd    ( 3982): execIptablesCommand android_fork_execvp enter
I/Sensors ( 4118): path open /dev/input/event5
I/Netd    ( 3982): execIptablesCommand android_fork_execvp exit
I/Netd    ( 3982): execIptablesCommand android_fork_execvp enter
I/Netd    ( 3982): execIptablesCommand android_fork_execvp exit
I/Netd    ( 3982): execIptablesCommand android_fork_execvp enter
I/Netd    ( 3982): execIptablesCommand android_fork_execvp exit
I/Netd    ( 3982): execIptablesCommand android_fork_execvp enter
I/Netd    ( 3982): execIptablesCommand android_fork_execvp exit
I/Netd    ( 3982): execIptablesCommand android_fork_execvp enter
I/Netd    ( 3982): execIptablesCommand android_fork_execvp exit
I/Netd    ( 3982): execIptablesCommand android_fork_execvp enter
I/Netd    ( 3982): execIptablesCommand android_fork_execvp exit
I/Netd    ( 3982): execIptablesCommand android_fork_execvp enter
I/Netd    ( 3982): execIptablesCommand android_fork_execvp exit
I/Netd    ( 3982): execIptablesCommand android_fork_execvp enter
I/Netd    ( 3982): execIptablesCommand android_fork_execvp exit
I/Netd    ( 3982): execIptablesCommand android_fork_execvp enter
I/Netd    ( 3982): execIptablesCommand android_fork_execvp exit
I/Netd    ( 3982): execIptablesCommand android_fork_execvp enter
I/Netd    ( 3982): execIptablesCommand android_fork_execvp exit
I/Netd    ( 3982): execIptablesCommand android_fork_execvp enter
I/Netd    ( 3982): execIptablesCommand android_fork_execvp exit
I/Netd    ( 3982): execIptablesCommand android_fork_execvp enter
I/Netd    ( 3982): execIptablesCommand android_fork_execvp exit
I/Netd    ( 3982): execIptablesCommand android_fork_execvp enter
I/Netd    ( 3982): execIptablesCommand android_fork_execvp exit
I/Netd    ( 3982): execIptablesCommand android_fork_execvp enter
I/Netd    ( 3982): execIptablesCommand android_fork_execvp exit
I/Netd    ( 3982): execIptablesCommand android_fork_execvp enter
I/Netd    ( 3982): execIptablesCommand android_fork_execvp exit
I/Netd    ( 3982): execIptablesCommand android_fork_execvp enter
I/Netd    ( 3982): execIptablesCommand android_fork_execvp exit
I/Netd    ( 3982): execIptablesCommand android_fork_execvp enter
I/Netd    ( 3982): execIptablesCommand android_fork_execvp exit
I/Netd    ( 3982): execIptablesCommand android_fork_execvp enter
I/Netd    ( 3982): execIptablesCommand android_fork_execvp exit
I/Netd    ( 3982): execIptablesCommand android_fork_execvp enter
I/Netd    ( 3982): execIptablesCommand android_fork_execvp exit
I/Netd    ( 3982): execIptablesCommand android_fork_execvp enter
I/Netd    ( 3982): execIptablesCommand android_fork_execvp exit
I/Netd    ( 3982): execIptablesCommand android_fork_execvp enter
I/Netd    ( 3982): execIptablesCommand android_fork_execvp exit
I/Netd    ( 3982): execIptablesCommand android_fork_execvp enter
I/Netd    ( 3982): execIptablesCommand android_fork_execvp exit
I/Netd    ( 3982): execIptablesCommand android_fork_execvp enter
I/Netd    ( 3982): execIptablesCommand android_fork_execvp exit
I/Netd    ( 3982): execIptablesCommand android_fork_execvp enter
I/Netd    ( 3982): execIptablesCommand android_fork_execvp exit
I/Netd    ( 3982): execIptablesCommand android_fork_execvp enter
I/Netd    ( 3982): execIptablesCommand android_fork_execvp exit
I/Netd    ( 3982): execIptablesCommand android_fork_execvp enter
I/Netd    ( 3982): execIptablesCommand android_fork_execvp exit
I/Netd    ( 3982): execIptablesCommand android_fork_execvp enter
I/Netd    ( 3982): execIptablesCommand android_fork_execvp exit
I/Netd    ( 3982): execIptablesCommand android_fork_execvp enter
I/Netd    ( 3982): execIptablesCommand android_fork_execvp exit
I/Netd    ( 3982): execIptablesCommand android_fork_execvp enter
I/Netd    ( 3982): execIptablesCommand android_fork_execvp exit
I/Netd    ( 3982): execIptablesCommand android_fork_execvp enter
I/Netd    ( 3982): execIptablesCommand android_fork_execvp exit
I/Netd    ( 3982): execIptablesCommand android_fork_execvp enter
I/Netd    ( 3982): execIptablesCommand android_fork_execvp exit
I/Netd    ( 3982): execIptablesCommand android_fork_execvp enter
I/Netd    ( 3982): execIptablesCommand android_fork_execvp exit
I/Netd    ( 3982): execIptablesCommand android_fork_execvp enter
I/Netd    ( 3982): execIptablesCommand android_fork_execvp exit
I/Netd    ( 3982): execIptablesCommand android_fork_execvp enter
I/Netd    ( 3982): execIptablesCommand android_fork_execvp exit
I/Netd    ( 3982): execIptablesCommand android_fork_execvp enter
I/Sensors ( 4118): path open /dev/input/event0
I/Netd    ( 3982): execIptablesCommand android_fork_execvp exit
I/Netd    ( 3982): execIptablesCommand android_fork_execvp enter
I/Netd    ( 3982): execIptablesCommand android_fork_execvp exit
I/Netd    ( 3982): execIptablesCommand android_fork_execvp enter
I/Netd    ( 3982): execIptablesCommand android_fork_execvp exit
I/Netd    ( 3982): execIptablesCommand android_fork_execvp enter
I/Netd    ( 3982): execIptablesCommand android_fork_execvp exit
I/Netd    ( 3982): execIptablesCommand android_fork_execvp enter
I/ECCCIMDLOGGER(  741): init Cather BinPath.
I/ECCCIMDLOGGER(  741): get sd config path from from system etc is internal_sd.
D/ECCCIMDLOGGER(  741): Get SDSwap internal real Path /storage/sdcard0
D/ECCCIMDLOGGER(  741): CATCHER_FILTER_PATH : /storage/sdcard0/mtklog/mdlog_config/catcher_filter.bin
D/ECCCIMDLOGGER(  741): CATCHER_FILTER_PATH_OLD: /storage/sdcard0/mtklog/mdlog/catcher_filter.bin
I/Netd    ( 3982): execIptablesCommand android_fork_execvp exit
I/Netd    ( 3982): execIptablesCommand android_fork_execvp enter
I/Netd    ( 3982): execIptablesCommand android_fork_execvp exit
I/Netd    ( 3982): execIptablesCommand android_fork_execvp enter
I/Netd    ( 3982): execIptablesCommand android_fork_execvp exit
I/Netd    ( 3982): execIptablesCommand android_fork_execvp enter
I/Netd    ( 3982): execIptablesCommand android_fork_execvp exit
I/Netd    ( 3982): execIptablesCommand android_fork_execvp enter
I/Netd    ( 3982): execIptablesCommand android_fork_execvp exit
I/Netd    ( 3982): execIptablesCommand android_fork_execvp enter
I/Netd    ( 3982): execIptablesCommand android_fork_execvp exit
I/Netd    ( 3982): execIptablesCommand android_fork_execvp enter
I/Netd    ( 3982): execIptablesCommand android_fork_execvp exit
I/Netd    ( 3982): execIptablesCommand android_fork_execvp enter
I/Netd    ( 3982): execIptablesCommand android_fork_execvp exit
I/Netd    ( 3982): execIptablesCommand android_fork_execvp enter
I/Netd    ( 3982): execIptablesCommand android_fork_execvp exit
I/Netd    ( 3982): execIptablesCommand android_fork_execvp enter
I/Netd    ( 3982): execIptablesCommand android_fork_execvp exit
I/Netd    ( 3982): execIptablesCommand android_fork_execvp enter
I/Sensors ( 4118): path open /dev/input/event3
I/Netd    ( 3982): execIptablesCommand android_fork_execvp exit
I/Netd    ( 3982): execIptablesCommand android_fork_execvp enter
I/Netd    ( 3982): execIptablesCommand android_fork_execvp exit
I/Netd    ( 3982): execIptablesCommand android_fork_execvp enter
I/Netd    ( 3982): execIptablesCommand android_fork_execvp exit
I/Netd    ( 3982): execIptablesCommand android_fork_execvp enter
I/Netd    ( 3982): execIptablesCommand android_fork_execvp exit
I/Netd    ( 3982): execIptablesCommand android_fork_execvp enter
I/Netd    ( 3982): execIptablesCommand android_fork_execvp exit
I/Netd    ( 3982): execIptablesCommand android_fork_execvp enter
I/Netd    ( 3982): execIptablesCommand android_fork_execvp exit
I/Netd    ( 3982): execIptablesCommand android_fork_execvp enter
I/Netd    ( 3982): execIptablesCommand android_fork_execvp exit
I/Netd    ( 3982): execIptablesCommand android_fork_execvp enter
I/Netd    ( 3982): execIptablesCommand android_fork_execvp exit
I/Netd    ( 3982): execIptablesCommand android_fork_execvp enter
I/Netd    ( 3982): execIptablesCommand android_fork_execvp exit
I/Netd    ( 3982): execIptablesCommand android_fork_execvp enter
I/Sensors ( 4118): path open /dev/input/event2
I/Sensors ( 4118): path open /dev/input/event5
I/Netd    ( 3982): execIptablesCommand android_fork_execvp exit
I/Netd    ( 3982): execIptablesCommand android_fork_execvp enter
I/Netd    ( 3982): execIptablesCommand android_fork_execvp exit
I/Netd    ( 3982): execIptablesCommand android_fork_execvp enter
I/Netd    ( 3982): execIptablesCommand android_fork_execvp exit
I/Netd    ( 3982): execIptablesCommand android_fork_execvp enter
I/Netd    ( 3982): execIptablesCommand android_fork_execvp exit
I/Netd    ( 3982): execIptablesCommand android_fork_execvp enter
I/Netd    ( 3982): execIptablesCommand android_fork_execvp exit
I/Netd    ( 3982): execIptablesCommand android_fork_execvp enter
I/Netd    ( 3982): execIptablesCommand android_fork_execvp exit
I/Netd    ( 3982): execIptablesCommand android_fork_execvp enter
I/Netd    ( 3982): execIptablesCommand android_fork_execvp exit
I/Netd    ( 3982): execIptablesCommand android_fork_execvp enter
I/Sensors ( 4118): path open /dev/input/event0
I/Netd    ( 3982): execIptablesCommand android_fork_execvp exit
I/Netd    ( 3982): execIptablesCommand android_fork_execvp enter
I/Netd    ( 3982): execIptablesCommand android_fork_execvp exit
I/Netd    ( 3982): execIptablesCommand android_fork_execvp enter
I/Netd    ( 3982): execIptablesCommand android_fork_execvp exit
I/Netd    ( 3982): execIptablesCommand android_fork_execvp enter
D/ECCCIMDLOGGER(  741): CTRL_reader: incoming SPLM req, msgid=6, token=0, result=0
I/ECCCIMDLOGGER(  741): [MDLOG] [stats][buf] L1 : data:0x13c last:0x3c42; (1, 0x448, 0x394a)(3, 0x1bc, 0x3c42)PS : data:0x604 last:0x3c42; L2 : data:0x7d0 last:0x3c42; 
D/ECCCIMDLOGGER(  741): CTRL_reader: incoming SPLM req, msgid=6, token=0, result=0
I/ECCCIMDLOGGER(  741): [MDLOG] [stats][mux] MCU : data:0x1484 last:0x3850; DSP : data:0x0 last:0x0; 
I/Netd    ( 3982): execIptablesCommand android_fork_execvp exit
I/Netd    ( 3982): execIptablesCommand android_fork_execvp enter
I/Netd    ( 3982): execIptablesCommand android_fork_execvp exit
I/Netd    ( 3982): execIptablesCommand android_fork_execvp enter
I/Netd    ( 3982): execIptablesCommand android_fork_execvp exit
I/Netd    ( 3982): execIptablesCommand android_fork_execvp enter
I/Netd    ( 3982): execIptablesCommand android_fork_execvp exit
I/Netd    ( 3982): execIptablesCommand android_fork_execvp enter
I/Sensors ( 4118): path open /dev/input/event3
I/Netd    ( 3982): execIptablesCommand android_fork_execvp exit
I/Netd    ( 3982): execIptablesCommand android_fork_execvp enter
D/Sensors ( 4118): ALS enable: handle:17, en:0 

D/Sensors ( 4118): ACC enable(0) done
D/PROXIMITY( 4118): PS enable: handle:18, en:0 

D/PROXIMITY( 4118): PS enable(0) done
I/SensorService( 4118): MPL Gyroscope
I/SensorService( 4118): MPL Raw Gyroscope
I/SensorService( 4118): MPL Accelerometer
I/SensorService( 4118): MPL Magnetic Field
I/SensorService( 4118): MPL Raw Magnetic Field
I/SensorService( 4118): MPL Orientation
I/SensorService( 4118): MPL Rotation Vector
I/SensorService( 4118): MPL Game Rotation Vector
I/SensorService( 4118): MPL Linear Acceleration
I/SensorService( 4118): MPL Gravity
I/SensorService( 4118): MPL Significant Motion
I/SensorService( 4118): MPL Step Detector
I/SensorService( 4118): MPL Step Counter
I/SensorService( 4118): MPL Geomagnetic Rotation Vector
I/SensorService( 4118): isl29125 light sensor
I/SensorService( 4118): pa12200002 proximity sensor
D/SensorService( 4118): Max socket buffer size 1048576
D/dalvikvm( 4118): threadid=11: interp stack at 0x7aca8000
D/SensorService( 4118): nuSensorService thread starting...
D/dalvikvm( 4118): create interp thread : stack size=128KB
D/dalvikvm( 4118): create new thread
D/dalvikvm( 4118): new thread created
D/dalvikvm( 4118): update thread list
D/dalvikvm( 4118): threadid=12: interp stack at 0x7acca000
D/dalvikvm( 4118): threadid=12: created from interp
D/dalvikvm( 4118): start new thread
I/Netd    ( 3982): execIptablesCommand android_fork_execvp exit
I/Netd    ( 3982): execIptablesCommand android_fork_execvp enter
I/Netd    ( 3982): execIptablesCommand android_fork_execvp exit
I/Netd    ( 3982): execIptablesCommand android_fork_execvp enter
I/Netd    ( 3982): execIptablesCommand android_fork_execvp exit
I/Netd    ( 3982): execIptablesCommand android_fork_execvp enter
D/dalvikvm( 4118): threadid=12: notify debugger
D/dalvikvm( 4118): threadid=12 (java.lang.ProcessManager): calling run()
I/Netd    ( 3982): execIptablesCommand android_fork_execvp exit
I/Netd    ( 3982): execIptablesCommand android_fork_execvp enter
I/Netd    ( 3982): execIptablesCommand android_fork_execvp exit
I/Netd    ( 3982): execIptablesCommand android_fork_execvp enter
I/Netd    ( 3982): execIptablesCommand android_fork_execvp exit
I/Netd    ( 3982): execIptablesCommand android_fork_execvp enter
I/Netd    ( 3982): execIptablesCommand android_fork_execvp exit
I/Netd    ( 3982): execIptablesCommand android_fork_execvp enter
I/Netd    ( 3982): execIptablesCommand android_fork_execvp exit
I/Netd    ( 3982): execIptablesCommand android_fork_execvp enter
I/Netd    ( 3982): execIptablesCommand android_fork_execvp exit
I/Netd    ( 3982): execIptablesCommand android_fork_execvp enter
I/Netd    ( 3982): execIptablesCommand android_fork_execvp exit
I/Netd    ( 3982): execIptablesCommand android_fork_execvp enter
I/Netd    ( 3982): execIptablesCommand android_fork_execvp exit
I/Netd    ( 3982): execIptablesCommand android_fork_execvp enter
I/Netd    ( 3982): execIptablesCommand android_fork_execvp exit
I/Netd    ( 3982): execIptablesCommand android_fork_execvp enter
I/Netd    ( 3982): execIptablesCommand android_fork_execvp exit
I/Netd    ( 3982): execIptablesCommand android_fork_execvp enter
I/Netd    ( 3982): execIptablesCommand android_fork_execvp exit
I/Netd    ( 3982): execIptablesCommand android_fork_execvp enter
D/dalvikvm( 4118): create interp thread : stack size=128KB
D/dalvikvm( 4118): create new thread
D/dalvikvm( 4118): new thread created
D/dalvikvm( 4118): update thread list
D/dalvikvm( 4118): threadid=13: interp stack at 0x7adef000
D/dalvikvm( 4118): threadid=13: created from interp
D/dalvikvm( 4118): start new thread
D/dalvikvm( 4118): threadid=13: notify debugger
D/dalvikvm( 4118): threadid=13 (WindowManager): calling run()
I/SystemServer( 4118): Waiting for installd to be ready.
I/Installer( 4118): connecting...
I/Netd    ( 3982): execIptablesCommand android_fork_execvp exit
I/Netd    ( 3982): execIptablesCommand android_fork_execvp enter
I/installd(  269): new connection
D/MediatekClassFactory( 4118): createInstance(): Begin = 93720
D/MediatekClassFactory( 4118): create Instance with :  interface com.mediatek.common.msgmonitorservice.IMessageLogger
D/MediatekClassFactory( 4118): create Instance from mediatek-framework library :  com.mediatek.msglogger.MessageMonitorService
D/dalvikvm( 4118): create interp thread : stack size=128KB
D/dalvikvm( 4118): create new thread
D/dalvikvm( 4118): new thread created
D/dalvikvm( 4118): update thread list
D/dalvikvm( 4118): threadid=14: interp stack at 0x7ae11000
D/dalvikvm( 4118): threadid=14: created from interp
D/dalvikvm( 4118): start new thread
D/dalvikvm( 4118): threadid=14: notify debugger
D/dalvikvm( 4118): threadid=14 (MessageMonitorServiceThread): calling run()
D/MessageMonitorService( 4118): Create MessageMonitorServiceThread
D/MediatekClassFactory( 4118): createInstance(): End = 93725
E/SystemServer( 4118): Create message monitor service successfully .
D/dalvikvm( 4118): create interp thread : stack size=128KB
D/dalvikvm( 4118): create new thread
D/dalvikvm( 4118): new thread created
D/dalvikvm( 4118): update thread list
D/dalvikvm( 4118): threadid=15: interp stack at 0x7ae33000
D/dalvikvm( 4118): threadid=15: created from interp
D/dalvikvm( 4118): start new thread
D/dalvikvm( 4118): threadid=15: notify debugger
D/dalvikvm( 4118): threadid=15 (android.fg): calling run()
D/dalvikvm( 4118): create interp thread : stack size=128KB
D/dalvikvm( 4118): create new thread
D/dalvikvm( 4118): new thread created
D/dalvikvm( 4118): update thread list
D/dalvikvm( 4118): threadid=16: interp stack at 0x7ae55000
D/dalvikvm( 4118): threadid=16: created from interp
D/dalvikvm( 4118): start new thread
D/dalvikvm( 4118): threadid=16: notify debugger
D/dalvikvm( 4118): threadid=16 (android.ui): calling run()
I/Netd    ( 3982): execIptablesCommand android_fork_execvp exit
I/Netd    ( 3982): execIptablesCommand android_fork_execvp enter
D/dalvikvm( 4118): create interp thread : stack size=128KB
D/dalvikvm( 4118): create new thread
D/dalvikvm( 4118): new thread created
D/dalvikvm( 4118): threadid=17: interp stack at 0x7ae77000
D/dalvikvm( 4118): threadid=17: created from interp
D/dalvikvm( 4118): update thread list
D/dalvikvm( 4118): start new thread
D/dalvikvm( 4118): threadid=17: notify debugger
D/dalvikvm( 4118): threadid=17 (android.io): calling run()
D/MediatekClassFactory( 4118): createInstance(): Begin = 93736
D/MediatekClassFactory( 4118): create Instance with :  interface com.mediatek.common.aee.IExceptionLog
D/MediatekClassFactory( 4118): create Instance from mediatek-framework library :  com.mediatek.exceptionlog.ExceptionLog
I/AES     ( 4118): load Exception Log jni
D/MediatekClassFactory( 4118): createInstance(): End = 93738
I/SystemServer( 4118): Power Manager
D/PowerManagerService( 4118): Acquiring suspend blocker "PowerManagerService.Display".
D/MediatekClassFactory( 4118): createInstance(): Begin = 93740
D/MediatekClassFactory( 4118): create Instance with :  interface com.mediatek.common.hdmi.IHDMINative
D/MediatekClassFactory( 4118): create Instance from mediatek-framework library :  com.mediatek.hdmi.HDMINative
E/HdmiNative( 4118): HdmiNative load library fail
D/HdmiNative( 4118): load libhdminative_jni.so false
D/MediatekClassFactory( 4118): createInstance(): End = 93741
D/MediatekClassFactory( 4118): createInstance(): Begin = 93741
D/MediatekClassFactory( 4118): create Instance with :  interface com.mediatek.common.msgmonitorservice.IMessageLoggerWrapper
D/MediatekClassFactory( 4118): create Instance from mediatek-framework library :  com.mediatek.msglogger.MessageLoggerWrapper
D/MediatekClassFactory( 4118): getInstanceHelper: paramType=class android.os.MessageMonitorLogger, actualType=class android.os.MessageMonitorLogger
D/MediatekClassFactory( 4118): Parameter matched
D/MediatekClassFactory( 4118): Constructor matched
D/MediatekClassFactory( 4118): createInstance(): End = 93741
D/MessageMonitorService( 4118): RegisterMsgLogger main
D/MessageMonitorService( 4118): MSGLoggerDeathRecipient :main
D/MessageMonitorLogger( 4118): Register message logger successfully name= main
D/dalvikvm( 4118): create interp thread : stack size=128KB
D/dalvikvm( 4118): create new thread
D/dalvikvm( 4118): new thread created
D/dalvikvm( 4118): update thread list
D/dalvikvm( 4118): threadid=18: interp stack at 0x7ae9d000
