I/VIDEO_EDITOR_JAVA( 3981): videoEditJava_getFieldId(audioBitrate,I)
I/VIDEO_EDITOR_JAVA( 3981): videoEditJava_getFieldId(backgroundMusicSettings,Landroid/media/videoeditor/MediaArtistNativeHelper$BackgroundMusicSettings;)
I/VIDEO_EDITOR_JAVA( 3981): videoEditJava_getFieldId(primaryTrackVolume,I)
I/VIDEO_EDITOR_JAVA( 3981): videoEditJava_initFieldClass(android/media/videoeditor/MediaArtistNativeHelper$EffectSettings)
I/VIDEO_EDITOR_JAVA( 3981): videoEditJava_getClass(android/media/videoeditor/MediaArtistNativeHelper$EffectSettings)
I/VIDEO_EDITOR_JAVA( 3981): videoEditJava_getFieldId(startTime,I)
I/VIDEO_EDITOR_JAVA( 3981): videoEditJava_getFieldId(duration,I)
I/VIDEO_EDITOR_JAVA( 3981): videoEditJava_getFieldId(videoEffectType,I)
I/VIDEO_EDITOR_JAVA( 3981): videoEditJava_getFieldId(audioEffectType,I)
I/VIDEO_EDITOR_JAVA( 3981): videoEditJava_getFieldId(startPercent,I)
I/VIDEO_EDITOR_JAVA( 3981): videoEditJava_getFieldId(durationPercent,I)
I/VIDEO_EDITOR_JAVA( 3981): videoEditJava_getFieldId(framingFile,Ljava/lang/String;)
I/VIDEO_EDITOR_JAVA( 3981): videoEditJava_getFieldId(framingBuffer,[I)
I/VIDEO_EDITOR_JAVA( 3981): videoEditJava_getFieldId(bitmapType,I)
I/VIDEO_EDITOR_JAVA( 3981): videoEditJava_getFieldId(width,I)
I/VIDEO_EDITOR_JAVA( 3981): videoEditJava_getFieldId(height,I)
I/VIDEO_EDITOR_JAVA( 3981): videoEditJava_getFieldId(topLeftX,I)
I/VIDEO_EDITOR_JAVA( 3981): videoEditJava_getFieldId(topLeftY,I)
I/VIDEO_EDITOR_JAVA( 3981): videoEditJava_getFieldId(framingResize,Z)
I/VIDEO_EDITOR_JAVA( 3981): videoEditJava_getFieldId(framingScaledSize,I)
I/VIDEO_EDITOR_JAVA( 3981): videoEditJava_getFieldId(text,Ljava/lang/String;)
I/VIDEO_EDITOR_JAVA( 3981): videoEditJava_getFieldId(textRenderingData,Ljava/lang/String;)
I/VIDEO_EDITOR_JAVA( 3981): videoEditJava_getFieldId(textBufferWidth,I)
I/VIDEO_EDITOR_JAVA( 3981): videoEditJava_getFieldId(textBufferHeight,I)
I/VIDEO_EDITOR_JAVA( 3981): videoEditJava_getFieldId(fiftiesFrameRate,I)
I/VIDEO_EDITOR_JAVA( 3981): videoEditJava_getFieldId(rgb16InputColor,I)
I/VIDEO_EDITOR_JAVA( 3981): videoEditJava_getFieldId(alphaBlendingStartPercent,I)
I/VIDEO_EDITOR_JAVA( 3981): videoEditJava_getFieldId(alphaBlendingMiddlePercent,I)
I/VIDEO_EDITOR_JAVA( 3981): videoEditJava_getFieldId(alphaBlendingEndPercent,I)
I/VIDEO_EDITOR_JAVA( 3981): videoEditJava_getFieldId(alphaBlendingFadeInTimePercent,I)
I/VIDEO_EDITOR_JAVA( 3981): videoEditJava_getFieldId(alphaBlendingFadeOutTimePercent,I)
I/VIDEO_EDITOR_JAVA( 3981): videoEditJava_initFieldClass(android/media/videoeditor/MediaArtistNativeHelper)
I/VIDEO_EDITOR_JAVA( 3981): videoEditJava_getClass(android/media/videoeditor/MediaArtistNativeHelper)
I/VIDEO_EDITOR_JAVA( 3981): videoEditJava_getFieldId(mManualEditContext,I)
I/VIDEO_EDITOR_JAVA( 3981): videoEditJava_initFieldClass(android/media/videoeditor/MediaArtistNativeHelper$SlideTransitionSettings)
I/VIDEO_EDITOR_JAVA( 3981): videoEditJava_getClass(android/media/videoeditor/MediaArtistNativeHelper$SlideTransitionSettings)
I/VIDEO_EDITOR_JAVA( 3981): videoEditJava_getFieldId(direction,I)
I/VIDEO_EDITOR_JAVA( 3981): videoEditJava_initFieldClass(android/media/videoeditor/MediaArtistNativeHelper$TransitionSettings)
I/VIDEO_EDITOR_JAVA( 3981): videoEditJava_getClass(android/media/videoeditor/MediaArtistNativeHelper$TransitionSettings)
I/VIDEO_EDITOR_JAVA( 3981): videoEditJava_getFieldId(duration,I)
I/VIDEO_EDITOR_JAVA( 3981): videoEditJava_getFieldId(videoTransitionType,I)
I/VIDEO_EDITOR_JAVA( 3981): videoEditJava_getFieldId(audioTransitionType,I)
I/VIDEO_EDITOR_JAVA( 3981): videoEditJava_getFieldId(transitionBehaviour,I)
I/VIDEO_EDITOR_JAVA( 3981): videoEditJava_getFieldId(alphaSettings,Landroid/media/videoeditor/MediaArtistNativeHelper$AlphaMagicSettings;)
I/VIDEO_EDITOR_JAVA( 3981): videoEditJava_getFieldId(slideSettings,Landroid/media/videoeditor/MediaArtistNativeHelper$SlideTransitionSettings;)
I/VIDEO_EDITOR_JAVA( 3981): videoEditJava_initFieldClass(android/media/videoeditor/MediaArtistNativeHelper$Version)
I/VIDEO_EDITOR_JAVA( 3981): videoEditJava_getClass(android/media/videoeditor/MediaArtistNativeHelper$Version)
I/VIDEO_EDITOR_JAVA( 3981): videoEditJava_getFieldId(major,I)
I/VIDEO_EDITOR_JAVA( 3981): videoEditJava_getFieldId(minor,I)
I/VIDEO_EDITOR_JAVA( 3981): videoEditJava_getFieldId(revision,I)
I/VIDEO_EDITOR_JAVA( 3981): videoEditJava_initMethodClass(android/media/videoeditor/MediaArtistNativeHelper)
I/VIDEO_EDITOR_JAVA( 3981): videoEditJava_getClass(android/media/videoeditor/MediaArtistNativeHelper)
I/VIDEO_EDITOR_JAVA( 3981): videoEditJava_getMethodId(onProgressUpdate,(II)V)
I/Netd    ( 3982): execIptablesCommand android_fork_execvp exit
I/Netd    ( 3982): execIptablesCommand android_fork_execvp enter
D/dalvikvm( 3981): GC_EXPLICIT freed 16K (292), 2% free 1063K/1084K (before 1079K/1084K), paused 0ms+0ms, total 1ms
I/Netd    ( 3982): execIptablesCommand android_fork_execvp exit
I/Netd    ( 3982): execIptablesCommand android_fork_execvp enter
D/dalvikvm( 3981): GC_EXPLICIT freed 17K (305), 2% free 1101K/1120K (before 1118K/1120K), paused 0ms+0ms, total 1ms
I/Netd    ( 3982): execIptablesCommand android_fork_execvp exit
I/Netd    ( 3982): execIptablesCommand android_fork_execvp enter
D/dalvikvm( 3981): GC_EXPLICIT freed 24K (396), 3% free 1149K/1176K (before 1173K/1176K), paused 0ms+0ms, total 2ms
I/Netd    ( 3982): execIptablesCommand android_fork_execvp exit
I/Netd    ( 3982): execIptablesCommand android_fork_execvp enter
D/dalvikvm( 3981): GC_EXPLICIT freed 13K (256), 2% free 1193K/1208K (before 1207K/1208K), paused 0ms+1ms, total 2ms
D/MediatekClassFactory( 3981): createInstance(): Begin = 91893
D/MediatekClassFactory( 3981): create Instance with :  interface com.mediatek.common.telephony.IOnlyOwnerSimSupport
W/MediatekClassFactory( 3981): Tablet not exist!, Get obj from default class
D/MediatekClassFactory( 3981): create Instance from tablet library :  com.mediatek.tb.telephony.OnlyOwnerSimSupport
D/MediatekClassFactory( 3981): createInstance(): End = 91894
D/dalvikvm( 3981): GC_EXPLICIT freed 10K (156), 1% free 1237K/1248K (before 1247K/1248K), paused 0ms+0ms, total 1ms
I/Netd    ( 3982): execIptablesCommand android_fork_execvp exit
I/Netd    ( 3982): execIptablesCommand android_fork_execvp enter
E/EmojiFactory_jni( 3981): Failed to load libemoji.so: dlopen failed: library "libemoji.so" not found
I/Netd    ( 3982): execIptablesCommand android_fork_execvp exit
I/Netd    ( 3982): execIptablesCommand android_fork_execvp enter
D/dalvikvm( 3981): GC_EXPLICIT freed 25K (142), 2% free 1543K/1572K (before 1568K/1572K), paused 0ms+0ms, total 2ms
D/MediatekClassFactory( 3981): createInstance(): Begin = 91920
D/MediatekClassFactory( 3981): create Instance with :  interface com.mediatek.common.util.IPatterns
W/MediatekClassFactory( 3981): OP not exist!, Get obj from default class
D/MediatekClassFactory( 3981): create Instance from operator library :  com.mediatek.op.util.DefaultPatterns
D/MediatekClassFactory( 3981): createInstance(): End = 91921
D/DefaultPatterns( 3981): getWebUrl
I/Netd    ( 3982): execIptablesCommand android_fork_execvp exit
I/Netd    ( 3982): execIptablesCommand android_fork_execvp enter
D/dalvikvm( 3981): GC_EXPLICIT freed 49K (536), 4% free 1573K/1624K (before 1622K/1624K), paused 0ms+0ms, total 2ms
I/Netd    ( 3982): execIptablesCommand android_fork_execvp exit
I/Netd    ( 3982): execIptablesCommand android_fork_execvp enter
I/Netd    ( 3982): execIptablesCommand android_fork_execvp exit
I/Netd    ( 3982): execIptablesCommand android_fork_execvp enter
D/dalvikvm( 3981): GC_EXPLICIT freed 30K (497), 3% free 1597K/1632K (before 1627K/1632K), paused 1ms+0ms, total 3ms
I/Netd    ( 3982): execIptablesCommand android_fork_execvp exit
I/Netd    ( 3982): execIptablesCommand android_fork_execvp enter
I/Netd    ( 3982): execIptablesCommand android_fork_execvp exit
I/Netd    ( 3982): execIptablesCommand android_fork_execvp enter
I/Netd    ( 3982): execIptablesCommand android_fork_execvp exit
I/Netd    ( 3982): execIptablesCommand android_fork_execvp enter
D/dalvikvm( 3981): GC_EXPLICIT freed 34K (514), 3% free 1617K/1656K (before 1652K/1656K), paused 0ms+1ms, total 3ms
I/Netd    ( 3982): execIptablesCommand android_fork_execvp exit
I/Netd    ( 3982): execIptablesCommand android_fork_execvp enter
I/LibraryLoader( 3981): loading: webviewchromium
D/TFA9890 ( 3983): using speaker /etc/tfa98xx/MZ_M75_0731_5.speaker
D/TFA9890 ( 3983): [Tfa98xx_SpeakerImpedanceInit: 551]DSP already calibrated. Calibration skipped and previous calibration results loaded from MTP.
I/Netd    ( 3982): execIptablesCommand android_fork_execvp exit
I/Netd    ( 3982): execIptablesCommand android_fork_execvp enter
I/Netd    ( 3982): execIptablesCommand android_fork_execvp exit
I/Netd    ( 3982): execIptablesCommand android_fork_execvp enter
I/LibraryLoader( 3981): loaded: webviewchromium
D/dalvikvm( 3981): GC_EXPLICIT freed 17K (271), 2% free 1655K/1676K (before 1672K/1676K), paused 0ms+1ms, total 3ms
I/Netd    ( 3982): execIptablesCommand android_fork_execvp exit
I/Netd    ( 3982): execIptablesCommand android_fork_execvp enter
I/Netd    ( 3982): execIptablesCommand android_fork_execvp exit
D/TFA9890 ( 3983): [setConfig: 123]using config /etc/tfa98xx/TFA9890_N1B12_N1C3_v3.config
I/Netd    ( 3982): execIptablesCommand android_fork_execvp enter
I/Netd    ( 3982): execIptablesCommand android_fork_execvp exit
I/Netd    ( 3982): execIptablesCommand android_fork_execvp enter
D/TFA9890 ( 3983): [setPreset: 334]using preset /etc/tfa98xx/HQ_music.preset
I/Netd    ( 3982): execIptablesCommand android_fork_execvp exit
I/Netd    ( 3982): execIptablesCommand android_fork_execvp enter
D/TFA9890 ( 3983): [setEQ: 445]using EQ /etc/tfa98xx/HQ_music.eq
I/Netd    ( 3982): execIptablesCommand android_fork_execvp exit
I/Netd    ( 3982): execIptablesCommand android_fork_execvp enter
D/dalvikvm( 3981): GC_EXPLICIT freed 21K (325), 2% free 1687K/1712K (before 1708K/1712K), paused 0ms+0ms, total 3ms
I/Netd    ( 3982): execIptablesCommand android_fork_execvp exit
I/Netd    ( 3982): execIptablesCommand android_fork_execvp enter
W/Zygote  ( 3981): Class not found for preloading: android.widget.SearchView$11
I/Netd    ( 3982): execIptablesCommand android_fork_execvp exit
I/Netd    ( 3982): execIptablesCommand android_fork_execvp enter
I/Netd    ( 3982): execIptablesCommand android_fork_execvp exit
I/Netd    ( 3982): execIptablesCommand android_fork_execvp enter
D/dalvikvm( 3981): GC_EXPLICIT freed 89K (949), 6% free 1743K/1836K (before 1833K/1836K), paused 0ms+0ms, total 3ms
I/Netd    ( 3982): execIptablesCommand android_fork_execvp exit
I/Netd    ( 3982): execIptablesCommand android_fork_execvp enter
D/dalvikvm( 3981): GC_EXPLICIT freed 36K (506), 5% free 1762K/1836K (before 1798K/1836K), paused 0ms+0ms, total 3ms
I/TFA9890 ( 3983): [Tfa98xx_SpeakerImpedanceInit] set music preset and eq.
D/dalvikvm( 3981): GC_EXPLICIT freed 31K (467), 3% free 1787K/1836K (before 1819K/1836K), paused 0ms+0ms, total 3ms
I/Netd    ( 3982): execIptablesCommand android_fork_execvp exit
I/Netd    ( 3982): execIptablesCommand android_fork_execvp enter
D/TFA9890 ( 3983): [waitCalibration: 93]waiting for TFA98XX_MTP, tries: 0
D/dalvikvm( 3981): GC_EXPLICIT freed 18K (410), 2% free 1849K/1872K (before 1868K/1872K), paused 0ms+0ms, total 3ms
D/TFA9890 ( 3983): [Tfa98xx_SpeakerImpedanceInit: 593]Calibration value is 7.10 ohm
D/TFA9890 ( 3983): [Tfa98xx_SpeakerImpedanceInit: 607]Min value is 4.80 ohm, Max value is 10.00 ohm
I/Netd    ( 3982): execIptablesCommand android_fork_execvp exit
I/Netd    ( 3982): execIptablesCommand android_fork_execvp enter
D/dalvikvm( 3981): GC_EXPLICIT freed 23K (268), 2% free 1881K/1908K (before 1904K/1908K), paused 1ms+1ms, total 4ms
D/dalvikvm( 3981): GC_EXPLICIT freed 28K (388), 2% free 1907K/1940K (before 1935K/1940K), paused 0ms+0ms, total 3ms
I/Netd    ( 3982): execIptablesCommand android_fork_execvp exit
I/Netd    ( 3982): execIptablesCommand android_fork_execvp enter
I/Netd    ( 3982): execIptablesCommand android_fork_execvp exit
I/Netd    ( 3982): execIptablesCommand android_fork_execvp enter
I/Netd    ( 3982): execIptablesCommand android_fork_execvp exit
I/Netd    ( 3982): execIptablesCommand android_fork_execvp enter
D/dalvikvm( 3981): GC_EXPLICIT freed 458K (9595), 17% free 2287K/2748K (before 2745K/2748K), paused 0ms+0ms, total 6ms
D/dalvikvm( 3981): GC_EXPLICIT freed 27K (374), 16% free 2314K/2748K (before 2341K/2748K), paused 0ms+0ms, total 4ms
I/Netd    ( 3982): execIptablesCommand android_fork_execvp exit
I/Netd    ( 3982): execIptablesCommand android_fork_execvp enter
D/TFA9890 ( 3983): [tfa9890_init: 749]current calibration tCoefA: 0.003400
I/TFA9890 ( 3983): tfa9890_init init ok
I/TFA9890 ( 3983): tfa9890_init -
D/        ( 3983): Tfa98xx: -MTK_Tfa98xx_Init, res= 0
D/TFA9890 ( 3983): [tfa9890_SpeakerOn: 805]+
I/TFA9890 ( 3983): tfa9890_SpeakerOn sRate = 44100
D/dalvikvm( 3981): GC_EXPLICIT freed 24K (450), 15% free 2346K/2748K (before 2371K/2748K), paused 1ms+0ms, total 5ms
I/TFA9890 ( 3983): tfa9890_SpeakerOn : 884 : err = 0x00000000 tries = 1
W/Zygote  ( 3981): Class not found for preloading: java.lang.UnsafeByteSequence
D/TFA9890 ( 3983): [tfa9890_SpeakerOn: 889]tfa9890_SpeakerOn: 889:err = 0x00000000 status val:0xd05f mtp val:0x0003
D/TFA9890 ( 3983): [tfa9890_SpeakerOn: 910]-
D/        ( 3983): Tfa98xx: -MTK_Tfa98xx_SpeakerOn, nxp_init_flag= 1
D/AudioALSACodecDeviceOutSpeakerNXP( 3983): -open(), mClientCount = 1
D/AudioALSACodecDeviceOutSpeakerNXP( 3983): +close(), mClientCount = 1
D/        ( 3983): Tfa98xx: +MTK_Tfa98xx_SpeakerOff
D/TFA9890 ( 3983): [tfa9890_SpeakerOff: 915]+
I/Netd    ( 3982): execIptablesCommand android_fork_execvp exit
I/Netd    ( 3982): execIptablesCommand android_fork_execvp enter
D/dalvikvm( 3981): GC_EXPLICIT freed 38K (683), 14% free 2364K/2748K (before 2403K/2748K), paused 0ms+0ms, total 5ms
I/Netd    ( 3982): execIptablesCommand android_fork_execvp exit
I/Netd    ( 3982): execIptablesCommand android_fork_execvp enter
I/Netd    ( 3982): execIptablesCommand android_fork_execvp exit
I/Netd    ( 3982): execIptablesCommand android_fork_execvp enter
D/dalvikvm( 3981): GC_EXPLICIT freed 41K (708), 14% free 2379K/2748K (before 2421K/2748K), paused 1ms+1ms, total 10ms
W/Zygote  ( 3981): Class not found for preloading: java.util.jar.JarFile$1JarFileEnumerator
D/dalvikvm( 3981): GC_EXPLICIT freed 38K (623), 13% free 2395K/2748K (before 2434K/2748K), paused 1ms+0ms, total 5ms
I/Netd    ( 3982): execIptablesCommand android_fork_execvp exit
I/Netd    ( 3982): execIptablesCommand android_fork_execvp enter
I/Netd    ( 3982): execIptablesCommand android_fork_execvp exit
I/Netd    ( 3982): execIptablesCommand android_fork_execvp enter
I/System  ( 3981): Loaded time zone names for "" in 17ms (16ms in ICU)
I/Netd    ( 3982): execIptablesCommand android_fork_execvp exit
I/Netd    ( 3982): execIptablesCommand android_fork_execvp enter
D/TFA9890 ( 3983): muteAmplifier: 243:err = 0x00000000 status = 0xc05f tries = 9
D/TFA9890 ( 3983): [tfa9890_SpeakerOff: 938]-
I/System  ( 3981): Loaded time zone names for "en_US" in 11ms (10ms in ICU)
I/Netd    ( 3982): execIptablesCommand android_fork_execvp exit
I/Netd    ( 3982): execIptablesCommand android_fork_execvp enter
D/        ( 3983): Tfa98xx: -MTK_Tfa98xx_SpeakerOff
D/AudioALSACodecDeviceOutSpeakerNXP( 3983): +close(), Audio_i2s0_hd_Switch off
D/AudioALSACodecDeviceOutSpeakerNXP( 3983): +close(), Audio_I2S0dl1_hd_Switch off
D/AudioALSACodecDeviceOutSpeakerNXP( 3983): -close(), mClientCount = 0
D/AudioALSAVolumeController( 3983): +UniqueVolumeInstance
D/AudioSpeechEnhanceInfo( 3983): getInstance()
D/AudioSpeechEnhanceInfo( 3983): AudioSpeechEnhanceInfo()
D/AudioSpeechEnhanceInfo( 3983): PreLoadBesRecordParams+
D/AudioCustParam( 3983): GetHdRecordSceneTableFromNV()
D/AudioCustParam( 3983): audioReadNVRamFile(), file_lid = 42, pBuf = 0xbecd689c, gUseBinderToAccessNVRam = 1
V/NVRAM   ( 3983): get_boot_mode: the mode=0
D/NVRAM   (  255): readFile
D/NVRAM   (  255): NVM_GetFileDesc ++
D/NVRAM   (  255): NVM_GetCfgFileTable : file_lid = 42
D/NVRAM   (  255): NVM_GetCfgFileTable done
D/NVRAM   (  255): Open /data/nvram/APCFG/APRDCL/Audio_Hd_Record_Scene_Table,LID:42
D/NVRAM   (  255): NVM_CmpFileVerNo 42  
D/NVRAM   (  255): NVM_GetCfgFileTable : file_lid = 42
D/NVRAM   (  255): NVM_CheckVerFile: 0
D/NVRAM   (  255): New version info file
D/NVRAM   (  255): Load File Version: 001, NvRam File Version: 001
D/NVRAM   (  255): no need to enc/dnc
D/NVRAM   (  255): NVM_CheckFileSize : 42 ++
D/NVRAM   (  255): iCustomBeginLID = 27
D/NVRAM   (  255): NVM_CheckVerFile: 1
D/NVRAM   (  255): NVM_GetCfgFileTable : file_lid = 42
D/NVRAM   (  255): NVM_CheckFileSize:stat_size:137,size in table:135
D/NVRAM   (  255): NVM_ProtectUserData
D/NVRAM   (  255): NVM_ProtectUserData:Check File
D/NVRAM   (  255): NVM_CheckFile: File is correct!
D/NVRAM   (  255): NVM_ProtectUserData:Check Success
D/NVRAM   (  255): NVM_GetFileDesc ProtectDataFile Check Success!!
D/NVRAM   (  255): NVM_GetFileDesc --
D/NVRAM   (  255): RecNum is :1
D/NVRAM   (  255): no need to enc/dnc
D/NVRAM   (  255): NVM_CloseFileDesc: Open by Readonly, no need to check when close
D/NVRAM   (  255): Read Done!Size is 135
D/NVRAM   (  255): readFile done!
D/AudioCustParam( 3983): audioReadNVRamFile(), data = 0xb87ae928, read_size = 135
D/AudioCustParam( 3983): GetHdRecordParamFromNV()
D/AudioCustParam( 3983): audioReadNVRamFile(), file_lid = 41, pBuf = 0xbecd7304, gUseBinderToAccessNVRam = 1
V/NVRAM   ( 3983): get_boot_mode: the mode=0
D/NVRAM   (  255): readFile
D/NVRAM   (  255): NVM_GetFileDesc ++
D/NVRAM   (  255): NVM_GetCfgFileTable : file_lid = 41
D/NVRAM   (  255): NVM_GetCfgFileTable done
D/NVRAM   (  255): Open /data/nvram/APCFG/APRDCL/Audio_Hd_Record_Param,LID:41
D/NVRAM   (  255): NVM_CmpFileVerNo 41  
D/NVRAM   (  255): NVM_GetCfgFileTable : file_lid = 41
D/NVRAM   (  255): NVM_CheckVerFile: 0
D/NVRAM   (  255): New version info file
D/NVRAM   (  255): Load File Version: 001, NvRam File Version: 001
D/NVRAM   (  255): no need to enc/dnc
D/NVRAM   (  255): NVM_CheckFileSize : 41 ++
D/NVRAM   (  255): iCustomBeginLID = 27
D/NVRAM   (  255): NVM_CheckVerFile: 1
D/NVRAM   (  255): NVM_GetCfgFileTable : file_lid = 41
D/NVRAM   (  255): NVM_CheckFileSize:stat_size:4056,size in table:4054
D/NVRAM   (  255): NVM_ProtectUserData
D/NVRAM   (  255): NVM_ProtectUserData:Check File
I/System  ( 3981): Loaded time zone names for "zh_CN" in 13ms (12ms in ICU)
I/Netd    ( 3982): execIptablesCommand android_fork_execvp exit
I/Netd    ( 3982): execIptablesCommand android_fork_execvp enter
D/dalvikvm( 3981): GC_EXPLICIT freed 294K (5858), 11% free 2612K/2928K (before 2907K/2928K), paused 1ms+0ms, total 7ms
I/Netd    ( 3982): execIptablesCommand android_fork_execvp exit
I/Netd    ( 3982): execIptablesCommand android_fork_execvp enter
D/dalvikvm( 3981): GC_EXPLICIT freed 14K (220), 9% free 2679K/2928K (before 2693K/2928K), paused 0ms+1ms, total 6ms
D/NVRAM   (  255): NVM_CheckFile: File is correct!
D/NVRAM   (  255): NVM_ProtectUserData:Check Success
D/NVRAM   (  255): NVM_GetFileDesc ProtectDataFile Check Success!!
D/NVRAM   (  255): NVM_GetFileDesc --
D/NVRAM   (  255): RecNum is :1
D/NVRAM   (  255): no need to enc/dnc
D/NVRAM   (  255): NVM_CloseFileDesc: Open by Readonly, no need to check when close
D/NVRAM   (  255): Read Done!Size is 4054
D/NVRAM   (  255): readFile done!
D/AudioCustParam( 3983): audioReadNVRamFile(), data = 0xb87ae928, read_size = 4054
D/AudioCustParam( 3983): GetAudioVoIPParamFromNV()
D/AudioCustParam( 3983): audioReadNVRamFile(), file_lid = 18, pBuf = 0xbecd6ccc, gUseBinderToAccessNVRam = 1
V/NVRAM   ( 3983): get_boot_mode: the mode=0
D/NVRAM   (  255): readFile
D/NVRAM   (  255): NVM_GetFileDesc ++
D/NVRAM   (  255): NVM_GetCfgFileTable : file_lid = 18
D/NVRAM   (  255): NVM_GetCfgFileTable done
D/NVRAM   (  255): Open /data/nvram/APCFG/APRDCL/Audio_VOIP_Param,LID:18
D/NVRAM   (  255): NVM_CmpFileVerNo 18  
D/NVRAM   (  255): NVM_GetCfgFileTable : file_lid = 18
D/NVRAM   (  255): NVM_CheckVerFile: 0
D/NVRAM   (  255): New version info file
D/NVRAM   (  255): Load File Version: 000, NvRam File Version: 000
D/NVRAM   (  255): no need to enc/dnc
D/NVRAM   (  255): NVM_CheckFileSize : 18 ++
D/NVRAM   (  255): iCustomBeginLID = 27
D/NVRAM   (  255): NVM_CheckVerFile: 1
D/NVRAM   (  255): NVM_GetCfgFileTable : file_lid = 18
D/NVRAM   (  255): NVM_CheckFileSize:stat_size:1594,size in table:1592
D/NVRAM   (  255): NVM_ProtectUserData
D/NVRAM   (  255): NVM_ProtectUserData:Check File
D/dalvikvm( 3981): GC_EXPLICIT freed 30K (469), 8% free 2705K/2928K (before 2735K/2928K), paused 0ms+0ms, total 6ms
D/NVRAM   (  255): NVM_CheckFile: File is correct!
D/NVRAM   (  255): NVM_ProtectUserData:Check Success
D/NVRAM   (  255): NVM_GetFileDesc ProtectDataFile Check Success!!
D/NVRAM   (  255): NVM_GetFileDesc --
D/NVRAM   (  255): RecNum is :1
D/NVRAM   (  255): no need to enc/dnc
D/NVRAM   (  255): NVM_CloseFileDesc: Open by Readonly, no need to check when close
D/NVRAM   (  255): Read Done!Size is 1592
I/Netd    ( 3982): execIptablesCommand android_fork_execvp exit
D/NVRAM   (  255): readFile done!
I/Netd    ( 3982): execIptablesCommand android_fork_execvp enter
D/AudioCustParam( 3983): audioReadNVRamFile(), data = 0xb87ae928, read_size = 1592
D/AudioCustParam( 3983): GetDualMicSpeechParamFromNVRam()
D/AudioCustParam( 3983): audioReadNVRamFile(), file_lid = 35, pBuf = 0xbecd6924, gUseBinderToAccessNVRam = 1
V/NVRAM   ( 3983): get_boot_mode: the mode=0
D/NVRAM   (  255): readFile
D/NVRAM   (  255): NVM_GetFileDesc ++
D/NVRAM   (  255): NVM_GetCfgFileTable : file_lid = 35
D/NVRAM   (  255): NVM_GetCfgFileTable done
D/NVRAM   (  255): Open /data/nvram/APCFG/APRDCL/Sph_Dual_Mic,LID:35
D/NVRAM   (  255): NVM_CmpFileVerNo 35  
D/NVRAM   (  255): NVM_GetCfgFileTable : file_lid = 35
D/NVRAM   (  255): NVM_CheckVerFile: 0
D/NVRAM   (  255): New version info file
D/NVRAM   (  255): Load File Version: 002, NvRam File Version: 002
D/NVRAM   (  255): no need to enc/dnc
D/NVRAM   (  255): NVM_CheckFileSize : 35 ++
D/NVRAM   (  255): iCustomBeginLID = 27
D/NVRAM   (  255): NVM_CheckVerFile: 1
D/NVRAM   (  255): NVM_GetCfgFileTable : file_lid = 35
D/NVRAM   (  255): NVM_CheckFileSize:stat_size:938,size in table:936
D/NVRAM   (  255): NVM_ProtectUserData
D/NVRAM   (  255): NVM_ProtectUserData:Check File
D/NVRAM   (  255): NVM_CheckFile: File is correct!
D/NVRAM   (  255): NVM_ProtectUserData:Check Success
D/NVRAM   (  255): NVM_GetFileDesc ProtectDataFile Check Success!!
D/NVRAM   (  255): NVM_GetFileDesc --
D/NVRAM   (  255): RecNum is :1
D/NVRAM   (  255): no need to enc/dnc
D/NVRAM   (  255): NVM_CloseFileDesc: Open by Readonly, no need to check when close
D/NVRAM   (  255): Read Done!Size is 936
D/NVRAM   (  255): readFile done!
D/AudioCustParam( 3983): audioReadNVRamFile(), data = 0xb87ae928, read_size = 936
D/AudioSpeechEnhanceInfo( 3983): PreLoadBesRecordParams-
D/AudioALSAVolumeController( 3983): AudioALSAVolumeController contructor
D/AudioALSAVolumeController( 3983): mMixer = 0xb87a8190
D/AudioALSAVolumeController( 3983): AudioALSAVolumeController initCheck
D/AudioALSAVolumeController( 3983): AudioALSAVolumeController initVolumeController
D/AudioCustParam( 3983): GetVolumeVer1ParamFromNV()
D/AudioCustParam( 3983): audioReadNVRamFile(), file_lid = 40, pBuf = 0xb87b0bf9, gUseBinderToAccessNVRam = 1
V/NVRAM   ( 3983): get_boot_mode: the mode=0
D/NVRAM   (  255): readFile
D/NVRAM   (  255): NVM_GetFileDesc ++
D/NVRAM   (  255): NVM_GetCfgFileTable : file_lid = 40
D/NVRAM   (  255): NVM_GetCfgFileTable done
D/NVRAM   (  255): Open /data/nvram/APCFG/APRDCL/Audio_ver1_Vol_custom,LID:40
D/NVRAM   (  255): NVM_CmpFileVerNo 40  
D/NVRAM   (  255): NVM_GetCfgFileTable : file_lid = 40
D/NVRAM   (  255): NVM_CheckVerFile: 0
D/NVRAM   (  255): New version info file
D/NVRAM   (  255): Load File Version: 001, NvRam File Version: 001
D/NVRAM   (  255): no need to enc/dnc
D/NVRAM   (  255): NVM_CheckFileSize : 40 ++
D/NVRAM   (  255): iCustomBeginLID = 27
D/NVRAM   (  255): NVM_CheckVerFile: 1
D/NVRAM   (  255): NVM_GetCfgFileTable : file_lid = 40
D/NVRAM   (  255): NVM_CheckFileSize:stat_size:583,size in table:581
D/NVRAM   (  255): NVM_ProtectUserData
D/NVRAM   (  255): NVM_ProtectUserData:Check File
D/dalvikvm( 3981): GC_EXPLICIT freed 34K (533), 7% free 2725K/2928K (before 2760K/2928K), paused 1ms+0ms, total 6ms
I/Netd    ( 3982): execIptablesCommand android_fork_execvp exit
I/Netd    ( 3982): execIptablesCommand android_fork_execvp enter
D/NVRAM   (  255): NVM_CheckFile: File is correct!
D/NVRAM   (  255): NVM_ProtectUserData:Check Success
D/NVRAM   (  255): NVM_GetFileDesc ProtectDataFile Check Success!!
D/NVRAM   (  255): NVM_GetFileDesc --
D/NVRAM   (  255): RecNum is :1
D/NVRAM   (  255): no need to enc/dnc
D/NVRAM   (  255): NVM_CloseFileDesc: Open by Readonly, no need to check when close
D/NVRAM   (  255): Read Done!Size is 581
D/NVRAM   (  255): readFile done!
D/AudioCustParam( 3983): audioReadNVRamFile(), data = 0xb87ae928, read_size = 581
D/AudioCustParam( 3983): GetNBSpeechParamFromNVRam()
D/AudioCustParam( 3983): audioReadNVRamFile(), file_lid = 27, pBuf = 0xb87b0e3e, gUseBinderToAccessNVRam = 1
V/NVRAM   ( 3983): get_boot_mode: the mode=0
D/NVRAM   (  255): readFile
D/NVRAM   (  255): NVM_GetFileDesc ++
D/NVRAM   (  255): NVM_GetCfgFileTable : file_lid = 27
D/NVRAM   (  255): NVM_GetCfgFileTable done
D/NVRAM   (  255): Open /data/nvram/APCFG/APRDCL/Audio_Sph,LID:27
D/NVRAM   (  255): NVM_CmpFileVerNo 27  
D/NVRAM   (  255): NVM_GetCfgFileTable : file_lid = 27
D/NVRAM   (  255): NVM_CheckVerFile: 0
D/NVRAM   (  255): New version info file
D/NVRAM   (  255): Load File Version: 001, NvRam File Version: 001
D/NVRAM   (  255): no need to enc/dnc
D/NVRAM   (  255): NVM_CheckFileSize : 27 ++
D/NVRAM   (  255): iCustomBeginLID = 27
D/NVRAM   (  255): NVM_CheckVerFile: 1
D/NVRAM   (  255): NVM_GetCfgFileTable : file_lid = 27
D/NVRAM   (  255): NVM_CheckFileSize:stat_size:1446,size in table:1444
D/NVRAM   (  255): NVM_ProtectUserData
D/NVRAM   (  255): NVM_ProtectUserData:Check File
D/dalvikvm( 3981): GC_EXPLICIT freed 33K (463), 7% free 2746K/2928K (before 2780K/2928K), paused 0ms+1ms, total 6ms
D/NVRAM   (  255): NVM_CheckFile: File is correct!
D/NVRAM   (  255): NVM_ProtectUserData:Check Success
D/NVRAM   (  255): NVM_GetFileDesc ProtectDataFile Check Success!!
D/NVRAM   (  255): NVM_GetFileDesc --
D/NVRAM   (  255): RecNum is :1
I/Netd    ( 3982): execIptablesCommand android_fork_execvp exit
I/Netd    ( 3982): execIptablesCommand android_fork_execvp enter
D/NVRAM   (  255): no need to enc/dnc
D/NVRAM   (  255): NVM_CloseFileDesc: Open by Readonly, no need to check when close
D/NVRAM   (  255): Read Done!Size is 1444
D/NVRAM   (  255): readFile done!
D/AudioCustParam( 3983): audioReadNVRamFile(), data = 0xb87ae928, read_size = 1444
D/AudioCustParam( 3983): GetNBSpeechParamFromNVRam(), uMicbiasVolt = 1900
D/AudioCustParam( 3983): GetWBSpeechParamFromNVRam()
D/AudioCustParam( 3983): audioReadNVRamFile(), file_lid = 36, pBuf = 0xb87b13e2, gUseBinderToAccessNVRam = 1
V/NVRAM   ( 3983): get_boot_mode: the mode=0
D/NVRAM   (  255): readFile
D/NVRAM   (  255): NVM_GetFileDesc ++
D/NVRAM   (  255): NVM_GetCfgFileTable : file_lid = 36
D/NVRAM   (  255): NVM_GetCfgFileTable done
D/NVRAM   (  255): Open /data/nvram/APCFG/APRDCL/Audio_Wb_Sph,LID:36
D/NVRAM   (  255): NVM_CmpFileVerNo 36  
D/NVRAM   (  255): NVM_GetCfgFileTable : file_lid = 36
D/NVRAM   (  255): NVM_CheckVerFile: 0
D/NVRAM   (  255): New version info file
D/NVRAM   (  255): Load File Version: 001, NvRam File Version: 001
D/NVRAM   (  255): no need to enc/dnc
D/NVRAM   (  255): NVM_CheckFileSize : 36 ++
D/NVRAM   (  255): iCustomBeginLID = 27
D/NVRAM   (  255): NVM_CheckVerFile: 1
D/NVRAM   (  255): NVM_GetCfgFileTable : file_lid = 36
D/NVRAM   (  255): NVM_CheckFileSize:stat_size:2418,size in table:2416
D/NVRAM   (  255): NVM_ProtectUserData
D/NVRAM   (  255): NVM_ProtectUserData:Check File
D/dalvikvm( 3981): GC_EXPLICIT freed 29K (422), 6% free 2772K/2928K (before 2802K/2928K), paused 0ms+0ms, total 6ms
I/Netd    ( 3982): execIptablesCommand android_fork_execvp exit
I/Netd    ( 3982): execIptablesCommand android_fork_execvp enter
I/Zygote  ( 3981): ...preloaded 2775 classes in 717ms.
D/NVRAM   (  255): NVM_CheckFile: File is correct!
D/NVRAM   (  255): NVM_ProtectUserData:Check Success
D/NVRAM   (  255): NVM_GetFileDesc ProtectDataFile Check Success!!
D/NVRAM   (  255): NVM_GetFileDesc --
D/NVRAM   (  255): RecNum is :1
D/NVRAM   (  255): no need to enc/dnc
D/NVRAM   (  255): NVM_CloseFileDesc: Open by Readonly, no need to check when close
D/NVRAM   (  255): Read Done!Size is 2416
D/NVRAM   (  255): readFile done!
D/AudioCustParam( 3983): audioReadNVRamFile(), data = 0xb87ae928, read_size = 2416
D/AudioALSAVolumeController( 3983): normalaudiovolume 0 = 128
D/AudioALSAVolumeController( 3983): normalaudiovolume 1 = 128
D/AudioALSAVolumeController( 3983): normalaudiovolume 2 = 128
D/AudioALSAVolumeController( 3983): normalaudiovolume 3 = 132
D/AudioALSAVolumeController( 3983): normalaudiovolume 4 = 128
D/AudioALSAVolumeController( 3983): normalaudiovolume 5 = 128
D/AudioALSAVolumeController( 3983): headsetaudiovolume 0 = 124
D/AudioALSAVolumeController( 3983): headsetaudiovolume 1 = 148
D/AudioALSAVolumeController( 3983): headsetaudiovolume 2 = 148
D/AudioALSAVolumeController( 3983): headsetaudiovolume 3 = 120
D/AudioALSAVolumeController( 3983): headsetaudiovolume 4 = 148
D/AudioALSAVolumeController( 3983): headsetaudiovolume 5 = 148
D/AudioALSAVolumeController( 3983): speakeraudiovolume 0 = 160
D/AudioALSAVolumeController( 3983): speakeraudiovolume 1 = 120
D/AudioALSAVolumeController( 3983): speakeraudiovolume 2 = 120
D/AudioALSAVolumeController( 3983): speakeraudiovolume 3 = 120
D/AudioALSAVolumeController( 3983): speakeraudiovolume 4 = 120
D/AudioALSAVolumeController( 3983): speakeraudiovolume 5 = 120
D/AudioALSAVolumeController( 3983): headsetspeakeraudiovolume 0 = 112
D/AudioALSAVolumeController( 3983): headsetspeakeraudiovolume 1 = 160
D/AudioALSAVolumeController( 3983): headsetspeakeraudiovolume 2 = 132
D/AudioALSAVolumeController( 3983): headsetspeakeraudiovolume 3 = 132
D/AudioALSAVolumeController( 3983): headsetspeakeraudiovolume 4 = 132
D/AudioALSAVolumeController( 3983): headsetspeakeraudiovolume 5 = 132
D/AudioALSAVolumeController( 3983): headsetspeakeraudiovolume 6 = 132
D/AudioALSAVolumeController( 3983): headsetspeakeraudiovolume 7 = 132
D/AudioALSAVolumeController( 3983): audiovolume_level 0 = 15
D/AudioALSAVolumeController( 3983): audiovolume_level 1 = 7
D/AudioALSAVolumeController( 3983): audiovolume_level 2 = 15
D/AudioALSAVolumeController( 3983): audiovolume_level 3 = 15
D/AudioALSAVolumeController( 3983): audiovolume_level 4 = 7
D/AudioALSAVolumeController( 3983): audiovolume_level 5 = 7
D/AudioALSAVolumeController( 3983): audiovolume_level 6 = 7
D/AudioALSAVolumeController( 3983): audiovolume_level 7 = 15
D/AudioALSAVolumeController( 3983): audiovolume_level 8 = 15
D/AudioALSAVolumeController( 3983): mVolumeParam.audiovolume_mic[VOLUME_NORMAL_MODE][0] = 64
D/AudioALSAVolumeController( 3983): mVolumeParam.audiovolume_mic[VOLUME_NORMAL_MODE][1] = 112
D/AudioALSAVolumeController( 3983): mVolumeParam.audiovolume_mic[VOLUME_NORMAL_MODE][2] = 192
D/AudioALSAVolumeController( 3983): mVolumeParam.audiovolume_mic[VOLUME_NORMAL_MODE][3] = 152
D/AudioALSAVolumeController( 3983): mVolumeParam.audiovolume_mic[VOLUME_NORMAL_MODE][4] = 192
D/AudioALSAVolumeController( 3983): mVolumeParam.audiovolume_mic[VOLUME_NORMAL_MODE][5] = 192
D/AudioALSAVolumeController( 3983): mVolumeParam.audiovolume_mic[VOLUME_NORMAL_MODE][6] = 120
D/AudioALSAVolumeController( 3983): mVolumeParam.audiovolume_mic[VOLUME_NORMAL_MODE][7] = 184
D/AudioALSAVolumeController( 3983): mVolumeParam.audiovolume_mic[VOLUME_NORMAL_MODE][8] = 184
D/AudioALSAVolumeController( 3983): mVolumeParam.audiovolume_mic[VOLUME_NORMAL_MODE][9] = 136
D/AudioALSAVolumeController( 3983): mVolumeParam.audiovolume_mic[VOLUME_NORMAL_MODE][10] = 184
D/AudioALSAVolumeController( 3983): mVolumeParam.audiovolume_mic[VOLUME_NORMAL_MODE][11] = 120
D/AudioALSAVolumeController( 3983): mVolumeParam.audiovolume_mic[VOLUME_NORMAL_MODE][12] = 0
D/AudioALSAVolumeController( 3983): mVolumeParam.audiovolume_mic[VOLUME_NORMAL_MODE][13] = 0
D/AudioALSAVolumeController( 3983): mVolumeParam.audiovolume_mic[VOLUME_NORMAL_MODE][14] = 0
D/AudioALSAVolumeController( 3983): mVolumeParam.audiovolume_mic[VOLUME_HEADSET_MODE][0] = 255
D/AudioALSAVolumeController( 3983): mVolumeParam.audiovolume_mic[VOLUME_HEADSET_MODE][1] = 192
D/AudioALSAVolumeController( 3983): mVolumeParam.audiovolume_mic[VOLUME_HEADSET_MODE][2] = 192
D/AudioALSAVolumeController( 3983): mVolumeParam.audiovolume_mic[VOLUME_HEADSET_MODE][3] = 200
D/AudioALSAVolumeController( 3983): mVolumeParam.audiovolume_mic[VOLUME_HEADSET_MODE][4] = 192
D/AudioALSAVolumeController( 3983): mVolumeParam.audiovolume_mic[VOLUME_HEADSET_MODE][5] = 192
D/AudioALSAVolumeController( 3983): mVolumeParam.audiovolume_mic[VOLUME_HEADSET_MODE][6] = 140
D/AudioALSAVolumeController( 3983): mVolumeParam.audiovolume_mic[VOLUME_HEADSET_MODE][7] = 184
D/AudioALSAVolumeController( 3983): mVolumeParam.audiovolume_mic[VOLUME_HEADSET_MODE][8] = 184
D/AudioALSAVolumeController( 3983): mVolumeParam.audiovolume_mic[VOLUME_HEADSET_MODE][9] = 184
D/AudioALSAVolumeController( 3983): mVolumeParam.audiovolume_mic[VOLUME_HEADSET_MODE][10] = 184
D/AudioALSAVolumeController( 3983): mVolumeParam.audiovolume_mic[VOLUME_HEADSET_MODE][11] = 0
D/AudioALSAVolumeController( 3983): mVolumeParam.audiovolume_mic[VOLUME_HEADSET_MODE][12] = 0
D/AudioALSAVolumeController( 3983): mVolumeParam.audiovolume_mic[VOLUME_HEADSET_MODE][13] = 0
D/AudioALSAVolumeController( 3983): mVolumeParam.audiovolume_mic[VOLUME_HEADSET_MODE][14] = 0
D/AudioALSAVolumeController( 3983): mVolumeParam.audiovolume_mic[VOLUME_SPEAKER_MODE][0] = 255
D/AudioALSAVolumeController( 3983): mVolumeParam.audiovolume_mic[VOLUME_SPEAKER_MODE][1] = 208
D/AudioALSAVolumeController( 3983): mVolumeParam.audiovolume_mic[VOLUME_SPEAKER_MODE][2] = 208
D/AudioALSAVolumeController( 3983): mVolumeParam.audiovolume_mic[VOLUME_SPEAKER_MODE][3] = 172
D/AudioALSAVolumeController( 3983): mVolumeParam.audiovolume_mic[VOLUME_SPEAKER_MODE][4] = 255
D/AudioALSAVolumeController( 3983): mVolumeParam.audiovolume_mic[VOLUME_SPEAKER_MODE][5] = 208
D/AudioALSAVolumeController( 3983): mVolumeParam.audiovolume_mic[VOLUME_SPEAKER_MODE][6] = 140
D/AudioALSAVolumeController( 3983): mVolumeParam.audiovolume_mic[VOLUME_SPEAKER_MODE][7] = 0
D/AudioALSAVolumeController( 3983): mVolumeParam.audiovolume_mic[VOLUME_SPEAKER_MODE][8] = 0
D/AudioALSAVolumeController( 3983): mVolumeParam.audiovolume_mic[VOLUME_SPEAKER_MODE][9] = 0
D/AudioALSAVolumeController( 3983): mVolumeParam.audiovolume_mic[VOLUME_SPEAKER_MODE][10] = 0
D/AudioALSAVolumeController( 3983): mVolumeParam.audiovolume_mic[VOLUME_SPEAKER_MODE][11] = 0
D/AudioALSAVolumeController( 3983): mVolumeParam.audiovolume_mic[VOLUME_SPEAKER_MODE][12] = 0
D/AudioALSAVolumeController( 3983): mVolumeParam.audiovolume_mic[VOLUME_SPEAKER_MODE][13] = 0
D/AudioALSAVolumeController( 3983): mVolumeParam.audiovolume_mic[VOLUME_SPEAKER_MODE][14] = 0
D/AudioALSAVolumeController( 3983): normalaudiovolume 0 = 88
D/AudioALSAVolumeController( 3983): normalaudiovolume 1 = 100
D/AudioALSAVolumeController( 3983): normalaudiovolume 2 = 112
D/AudioALSAVolumeController( 3983): normalaudiovolume 3 = 124
D/AudioALSAVolumeController( 3983): normalaudiovolume 4 = 136
D/AudioALSAVolumeController( 3983): normalaudiovolume 5 = 148
D/AudioALSAVolumeController( 3983): normalaudiovolume 6 = 160
D/AudioALSAVolumeController( 3983): normalaudiovolume 7 = 172
D/AudioALSAVolumeController( 3983): normalaudiovolume 8 = 184
D/AudioALSAVolumeController( 3983): normalaudiovolume 9 = 196
D/AudioALSAVolumeController( 3983): normalaudiovolume 10 = 208
D/AudioALSAVolumeController( 3983): normalaudiovolume 11 = 220
D/AudioALSAVolumeController( 3983): normalaudiovolume 12 = 232
D/AudioALSAVolumeController( 3983): normalaudiovolume 13 = 244
D/AudioALSAVolumeController( 3983): normalaudiovolume 14 = 255
D/AudioALSAVolumeController( 3983): Volume = 128 MampVoiceVolume DegradedB = 8.000000 
D/AudioALSAVolumeController( 3983): SetVolumeRange mode=0, MaxVolume=8, MinVolume=-4 VolumeRange = 8
D/AudioALSAVolumeController( 3983): Volume = 124 MampAudioVolume DegradedB = 9.000000 
D/AudioALSAVolumeController( 3983): SetVolumeRange mode=1, MaxVolume=8, MinVolume=-4 VolumeRange = 9
D/AudioALSAVolumeController( 3983): SetVolumeRange mode=2, MaxVolume=8, MinVolume=-4 VolumeRange = 9
D/AudioALSAVolumeController( 3983): Volume = 160 MampSpkAmpVolume DegradedB = 5.000000 
D/AudioVIBSPKControl( 3983): +UniqueAudioVIBSPKControl
D/AudioVIBSPKControl( 3983): +UniqueAudioVIBSPKVsgGen
D/AudioVIBSPKControl( 3983): VsgGen constructor
D/AudioVIBSPKControl( 3983): -UniqueAudioVIBSPKVsgGen
D/AudioVIBSPKControl( 3983): VsgGen getInstance()
D/AudioVIBSPKControl( 3983): constructor
D/AudioVIBSPKControl( 3983): -UniqueAudioVIBSPKControl
D/AudioVIBSPKControl( 3983): getInstance()
D/AudioVIBSPKControl( 3983): setVibSpkGain:f 6 5
D/AudioALSAVolumeController( 3983): SetVolumeRange mode=3, MaxVolume=15, MinVolume=6 VolumeRange = 5
D/AudioALSAVolumeController( 3983): Volume = 128 MampVoiceVolume DegradedB = 8.000000 
D/AudioALSAVolumeController( 3983): SetVolumeRange mode=4, MaxVolume=8, MinVolume=-4 VolumeRange = 8
D/AudioALSAVolumeController( 3983): Volume = 112 MampAudioVolume DegradedB = 12.000000 
D/AudioALSAVolumeController( 3983): SetVolumeRange mode=5, MaxVolume=8, MinVolume=-4 VolumeRange = 12
D/AudioALSAVolumeController( 3983): SetVolumeRange mode=6, MaxVolume=8, MinVolume=-4 VolumeRange = 12
D/AudioALSAVolumeController( 3983): Volume = 160 MampSpkAmpVolume DegradedB = 5.000000 
D/AudioALSAVolumeController( 3983): SetVolumeRange mode=7, MaxVolume=15, MinVolume=6 VolumeRange = 5
D/AudioALSAVolumeController( 3983): Volume = 128 MampVoiceVolume DegradedB = 8.000000 
D/AudioALSAVolumeController( 3983): SetVolumeRange mode=8, MaxVolume=8, MinVolume=-4 VolumeRange = 8
D/AudioALSAVolumeController( 3983): Volume = 124 MampAudioVolume DegradedB = 9.000000 
D/AudioALSAVolumeController( 3983): SetVolumeRange mode=9, MaxVolume=8, MinVolume=-4 VolumeRange = 9
D/AudioALSAVolumeController( 3983): SetVolumeRange mode=10, MaxVolume=8, MinVolume=-4 VolumeRange = 9
D/AudioALSAVolumeController( 3983): Volume = 120 MampSpkAmpVolume DegradedB = 15.000000 
D/AudioALSAVolumeController( 3983): SetVolumeRange mode=11, MaxVolume=15, MinVolume=6 VolumeRange = 15
D/AudioALSAVolumeController( 3983): Volume = 132 MampVoiceVolume DegradedB = 7.000000 
D/AudioALSAVolumeController( 3983): SetVolumeRange mode=12, MaxVolume=8, MinVolume=-4 VolumeRange = 7
D/AudioALSAVolumeController( 3983): Volume = 124 MampAudioVolume DegradedB = 9.000000 
D/AudioALSAVolumeController( 3983): SetVolumeRange mode=13, MaxVolume=8, MinVolume=-4 VolumeRange = 9
D/AudioALSAVolumeController( 3983): SetVolumeRange mode=14, MaxVolume=8, MinVolume=-4 VolumeRange = 9
D/AudioALSAVolumeController( 3983): Volume = 120 MampSpkAmpVolume DegradedB = 15.000000 
D/AudioALSAVolumeController( 3983): SetVolumeRange mode=15, MaxVolume=15, MinVolume=6 VolumeRange = 15
D/AudioALSAVolumeController( 3983):  not define MTK_AUDIO_GAIN_TABLE_SUPPORT
D/AudioALSAVolumeController( 3983): Volume = 192 UPLINK_GAIN_MAX DegradedB = 15.000000 
D/AudioALSAVolumeController( 3983): SetULTotalGain MicMode=0, Volume=192
D/AudioALSAVolumeController( 3983): SetMicGain MicMode=0, Gain=15
D/AudioALSAVolumeController( 3983): Volume = 192 UPLINK_GAIN_MAX DegradedB = 15.000000 
D/AudioALSAVolumeController( 3983): SetULTotalGain MicMode=1, Volume=192
D/AudioALSAVolumeController( 3983): SetMicGain MicMode=1, Gain=15
D/AudioALSAVolumeController( 3983): Volume = 152 UPLINK_GAIN_MAX DegradedB = 25.000000 
D/AudioALSAVolumeController( 3983): SetULTotalGain MicMode=6, Volume=152
D/AudioALSAVolumeController( 3983): SetMicGain MicMode=6, Gain=25
D/AudioALSAVolumeController( 3983): Volume = 200 UPLINK_GAIN_MAX DegradedB = 13.000000 
D/AudioALSAVolumeController( 3983): SetULTotalGain MicMode=7, Volume=200
D/AudioALSAVolumeController( 3983): SetMicGain MicMode=7, Gain=13
D/AudioALSAVolumeController( 3983): Volume = 172 UPLINK_GAIN_MAX DegradedB = 20.000000 
D/AudioALSAVolumeController( 3983): SetULTotalGain MicMode=8, Volume=172
D/AudioALSAVolumeController( 3983): SetMicGain MicMode=8, Gain=20
D/AudioALSAVolumeController( 3983): Volume = 64 UPLINK_GAIN_MAX DegradedB = 47.000000 
D/AudioALSAVolumeController( 3983): SetULTotalGain MicMode=12, Volume=64
D/AudioALSAVolumeController( 3983): SetMicGain MicMode=12, Gain=47
D/AudioALSAVolumeController( 3983): Volume = 192 UPLINK_GAIN_MAX DegradedB = 15.000000 
D/AudioALSAVolumeController( 3983): SetULTotalGain MicMode=2, Volume=192
D/AudioALSAVolumeController( 3983): SetMicGain MicMode=2, Gain=15
D/AudioALSAVolumeController( 3983): Volume = 192 UPLINK_GAIN_MAX DegradedB = 15.000000 
D/AudioALSAVolumeController( 3983): SetULTotalGain MicMode=3, Volume=192
D/AudioALSAVolumeController( 3983): SetMicGain MicMode=3, Gain=15
D/AudioALSAVolumeController( 3983): Volume = 120 UPLINK_GAIN_MAX DegradedB = 33.000000 
D/AudioALSAVolumeController( 3983): SetULTotalGain MicMode=9, Volume=120
D/AudioALSAVolumeController( 3983): SetMicGain MicMode=9, Gain=33
D/AudioALSAVolumeController( 3983): Volume = 140 UPLINK_GAIN_MAX DegradedB = 28.000000 
D/AudioALSAVolumeController( 3983): SetULTotalGain MicMode=10, Volume=140
D/AudioALSAVolumeController( 3983): SetMicGain MicMode=10, Gain=28
D/AudioALSAVolumeController( 3983): Volume = 140 UPLINK_GAIN_MAX DegradedB = 28.000000 
D/AudioALSAVolumeController( 3983): SetULTotalGain MicMode=11, Volume=140
D/AudioALSAVolumeController( 3983): SetMicGain MicMode=11, Gain=28
D/AudioALSAVolumeController( 3983): Volume = 192 UPLINK_GAIN_MAX DegradedB = 15.000000 
D/AudioALSAVolumeController( 3983): SetULTotalGain MicMode=4, Volume=192
D/AudioALSAVolumeController( 3983): SetMicGain MicMode=4, Gain=15
D/AudioALSAVolumeController( 3983): Volume = 192 UPLINK_GAIN_MAX DegradedB = 15.000000 
D/AudioALSAVolumeController( 3983): SetULTotalGain MicMode=5, Volume=192
D/AudioALSAVolumeController( 3983): SetMicGain MicMode=5, Gain=15
D/AudioALSAVolumeController( 3983): Volume = 184 UPLINK_GAIN_MAX DegradedB = 17.000000 
D/AudioALSAVolumeController( 3983): SetULTotalGain MicMode=15, Volume=184
D/AudioALSAVolumeController( 3983): SetMicGain MicMode=15, Gain=17
D/AudioALSAVolumeController( 3983): Volume = 184 UPLINK_GAIN_MAX DegradedB = 17.000000 
D/AudioALSAVolumeController( 3983): SetULTotalGain MicMode=16, Volume=184
D/AudioALSAVolumeController( 3983): SetMicGain MicMode=16, Gain=17
D/AudioALSAVolumeController( 3983): Volume = 184 UPLINK_GAIN_MAX DegradedB = 17.000000 
D/AudioALSAVolumeController( 3983): SetULTotalGain MicMode=17, Volume=184
D/AudioALSAVolumeController( 3983): SetMicGain MicMode=17, Gain=17
D/AudioALSAVolumeController( 3983): Volume = 184 UPLINK_GAIN_MAX DegradedB = 17.000000 
D/AudioALSAVolumeController( 3983): SetULTotalGain MicMode=18, Volume=184
D/AudioALSAVolumeController( 3983): SetMicGain MicMode=18, Gain=17
D/AudioALSAVolumeController( 3983): Volume = 136 UPLINK_GAIN_MAX DegradedB = 29.000000 
D/AudioALSAVolumeController( 3983): SetULTotalGain MicMode=19, Volume=136
D/AudioALSAVolumeController( 3983): SetMicGain MicMode=19, Gain=29
D/AudioALSAVolumeController( 3983): Volume = 184 UPLINK_GAIN_MAX DegradedB = 17.000000 
D/AudioALSAVolumeController( 3983): SetULTotalGain MicMode=20, Volume=184
D/AudioALSAVolumeController( 3983): SetMicGain MicMode=20, Gain=17
D/AudioALSAVolumeController( 3983): Volume = 184 UPLINK_GAIN_MAX DegradedB = 17.000000 
D/AudioALSAVolumeController( 3983): SetULTotalGain MicMode=21, Volume=184
D/AudioALSAVolumeController( 3983): SetMicGain MicMode=21, Gain=17
D/AudioALSAVolumeController( 3983): Volume = 184 UPLINK_GAIN_MAX DegradedB = 17.000000 
D/AudioALSAVolumeController( 3983): SetULTotalGain MicMode=22, Volume=184
D/AudioALSAVolumeController( 3983): SetMicGain MicMode=22, Gain=17
D/AudioALSAVolumeController( 3983): Volume = 120 UPLINK_GAIN_MAX DegradedB = 33.000000 
D/AudioALSAVolumeController( 3983): SetULTotalGain MicMode=23, Volume=120
D/AudioALSAVolumeController( 3983): SetMicGain MicMode=23, Gain=33
D/AudioALSAVolumeController( 3983): micgain 0 = 15
D/AudioALSAVolumeController( 3983): micgain 1 = 15
D/AudioALSAVolumeController( 3983): micgain 2 = 15
D/AudioALSAVolumeController( 3983): micgain 3 = 15
D/AudioALSAVolumeController( 3983): micgain 4 = 15
D/AudioALSAVolumeController( 3983): micgain 5 = 15
D/AudioALSAVolumeController( 3983): micgain 6 = 25
D/AudioALSAVolumeController( 3983): micgain 7 = 13
D/AudioALSAVolumeController( 3983): micgain 8 = 20
D/AudioALSAVolumeController( 3983): micgain 9 = 33
D/AudioALSAVolumeController( 3983): micgain 10 = 28
D/AudioALSAVolumeController( 3983): micgain 11 = 28
D/AudioALSAVolumeController( 3983): micgain 12 = 47
D/AudioALSAVolumeController( 3983): micgain 13 = 0
D/AudioALSAVolumeController( 3983): micgain 14 = 0
D/AudioALSAVolumeController( 3983): micgain 15 = 17
D/AudioALSAVolumeController( 3983): micgain 16 = 17
D/AudioALSAVolumeController( 3983): micgain 17 = 17
D/AudioALSAVolumeController( 3983): micgain 18 = 17
D/AudioALSAVolumeController( 3983): micgain 19 = 29
D/AudioALSAVolumeController( 3983): micgain 20 = 17
D/AudioALSAVolumeController( 3983): micgain 21 = 17
D/AudioALSAVolumeController( 3983): micgain 22 = 17
D/AudioALSAVolumeController( 3983): micgain 23 = 33
D/AudioALSAVolumeController( 3983): SetSideTone type Mode = 0 devices = 0
D/AudioALSAVolumeController( 3983): SetSideTone type Mode = 1 devices = 0
D/AudioALSAVolumeController( 3983): SetSideTone type Mode = 2 devices = 0
D/AudioALSAVolumeController( 3983): -UniqueVolumeInstance
D/SpeechDriverFactory( 3983): Create SpeechDriverLAD for MODEM_1
D/SpeechDriverLAD( 3983): GetInstance(), modem_index=0
D/SpeechDriverLAD( 3983): SpeechDriverLAD(), modem_index = 0
D/SpeechMessengerECCCI( 3983): SpeechMessengerECCCI()
D/SpeechMessengerECCCI( 3983): SpeechMessengerECCCI(), mModemIndex(0), property read(0x0)
D/SpeechMessengerECCCI( 3983): ResetSpeechParamAckCount(), NB(0)/DMNR(0)/WB(0)
D/SpeechMessengerECCCI( 3983): Initial()
D/SpeechMessengerECCCI( 3983): Initial(), dev_node=/dev/ccci_aud
D/SpeechMessengerECCCI( 3983): Initial(), share_buf_address: 0xb87b1eb0, share_buf_length: 32000
D/SpeechDriverLAD( 3983): CleanGainValueAndMuteStatus()
D/SpeechEnhancementController( 3983): mSpeechEnhancementMask: main_func = 0xffff, sub_func = 0xffffffff
W/SpeechDriverFactory( 3983): Create SpeechDriverDummy for MODEM_2
E/SpeechDriverDummy( 3983): SpeechDriverDummy(), modem_index = 1
W/SpeechDriverFactory( 3983): Create SpeechDriverDummy for MODEM_EXTERNAL
E/SpeechDriverDummy( 3983): SpeechDriverDummy(), modem_index = 2
D/SpeechDriverFactory( 3983): -SpeechDriverFactory(), mActiveModemIndex = 0
D/AudioALSASpeechPhoneCallController( 3983): mMixer = 0xb87a8190
D/AudioALSAFMController( 3983): AudioALSAFMController()
D/AudioHeadSetMessager( 3983): +UniqueDigitalInstance
D/AudioHeadSetMessager( 3983): -UniqueDigitalInstance
D/AudioHeadSetMessager( 3983): /sys/class/switch/h2w/state => 0
D/AudioCustParam( 3983): GetVoiceRecogCustParamFromNV()
D/AudioCustParam( 3983): audioReadNVRamFile(), file_lid = 15, pBuf = 0xb87aecbf, gUseBinderToAccessNVRam = 1
V/NVRAM   ( 3983): get_boot_mode: the mode=0
D/NVRAM   (  255): readFile
D/NVRAM   (  255): NVM_GetFileDesc ++
D/NVRAM   (  255): NVM_GetCfgFileTable : file_lid = 15
D/NVRAM   (  255): NVM_GetCfgFileTable done
D/NVRAM   (  255): Open /data/nvram/APCFG/APRDCL/Voice_Recognize_Param,LID:15
D/NVRAM   (  255): NVM_CmpFileVerNo 15  
D/NVRAM   (  255): NVM_GetCfgFileTable : file_lid = 15
D/NVRAM   (  255): NVM_CheckVerFile: 0
D/NVRAM   (  255): New version info file
D/NVRAM   (  255): Load File Version: 000, NvRam File Version: 000
D/NVRAM   (  255): no need to enc/dnc
D/NVRAM   (  255): NVM_CheckFileSize : 15 ++
D/NVRAM   (  255): iCustomBeginLID = 27
D/NVRAM   (  255): NVM_CheckVerFile: 1
D/NVRAM   (  255): NVM_GetCfgFileTable : file_lid = 15
D/NVRAM   (  255): NVM_CheckFileSize:stat_size:1548,size in table:1546
D/NVRAM   (  255): NVM_ProtectUserData
D/NVRAM   (  255): NVM_ProtectUserData:Check File
D/SpeechMessengerECCCI( 3983): sched_setscheduler ok, priority: 92
D/SpeechMessengerECCCI( 3983): CCCIReadThread(), pid: 3983, tid: 4077
I/iptables( 3982): iptables: Chain already exists.
D/NVRAM   (  255): NVM_CheckFile: File is correct!
D/NVRAM   (  255): NVM_ProtectUserData:Check Success
D/NVRAM   (  255): NVM_GetFileDesc ProtectDataFile Check Success!!
D/NVRAM   (  255): NVM_GetFileDesc --
D/NVRAM   (  255): RecNum is :1
D/NVRAM   (  255): no need to enc/dnc
D/NVRAM   (  255): NVM_CloseFileDesc: Open by Readonly, no need to check when close
D/NVRAM   (  255): Read Done!Size is 1546
D/NVRAM   (  255): readFile done!
D/AudioCustParam( 3983): audioReadNVRamFile(), data = 0xb87af328, read_size = 1546
D/AudioALSAStreamManager( 3983): AudioALSAStreamManager()
D/AudioALSAStreamManager( 3983): AudioALSAStreamManager mBesLoudnessStatus [0] (Always) 
D/AudioALSAParamTuner( 3983): create AudioParamTuning instance --
D/AudioALSAParamTuner( 3983): AudioALSAParamTuner in +
D/AudioALSAVolumeController( 3983): AudioALSAVolumeController initCheck
D/AudioCustParam( 3983): GetVolumeVer1ParamFromNV()
D/AudioCustParam( 3983): audioReadNVRamFile(), file_lid = 40, pBuf = 0xbecd835c, gUseBinderToAccessNVRam = 1
V/NVRAM   ( 3983): get_boot_mode: the mode=0
D/NVRAM   (  255): readFile
D/NVRAM   (  255): NVM_GetFileDesc ++
D/NVRAM   (  255): NVM_GetCfgFileTable : file_lid = 40
D/NVRAM   (  255): NVM_GetCfgFileTable done
