D/NVRAM   (  255): Open /data/nvram/APCFG/APRDCL/Audio_ver1_Vol_custom,LID:40
D/NVRAM   (  255): NVM_CmpFileVerNo 40  
D/NVRAM   (  255): NVM_GetCfgFileTable : file_lid = 40
D/NVRAM   (  255): NVM_CheckVerFile: 0
D/NVRAM   (  255): New version info file
D/NVRAM   (  255): Load File Version: 001, NvRam File Version: 001
D/NVRAM   (  255): no need to enc/dnc
D/NVRAM   (  255): NVM_CheckFileSize : 40 ++
D/NVRAM   (  255): iCustomBeginLID = 27
D/NVRAM   (  255): NVM_CheckVerFile: 1
D/NVRAM   (  255): NVM_GetCfgFileTable : file_lid = 40
D/NVRAM   (  255): NVM_CheckFileSize:stat_size:583,size in table:581
D/NVRAM   (  255): NVM_ProtectUserData
D/NVRAM   (  255): NVM_ProtectUserData:Check File
D/NVRAM   (  255): NVM_CheckFile: File is correct!
D/NVRAM   (  255): NVM_ProtectUserData:Check Success
D/NVRAM   (  255): NVM_GetFileDesc ProtectDataFile Check Success!!
D/NVRAM   (  255): NVM_GetFileDesc --
D/NVRAM   (  255): RecNum is :1
D/NVRAM   (  255): no need to enc/dnc
D/NVRAM   (  255): NVM_CloseFileDesc: Open by Readonly, no need to check when close
D/NVRAM   (  255): Read Done!Size is 581
D/NVRAM   (  255): readFile done!
D/AudioCustParam( 3983): audioReadNVRamFile(), data = 0xb87af4b0, read_size = 581
D/AudioALSAParamTuner( 3983): AudioALSAParamTuner: default mic gain-mormal:152;handsfree:172, receiver gain:144, headset Gain:76
D/AudioALSAParamTuner( 3983): create AudioALSAParamTuner instance ++
D/SpeechANCController( 3983): getInstance()
D/SpeechANCController( 3983): SpeechANCController()
D/AudioALSADeviceParser( 3983): +UniqueVolumeInstance
D/AudioALSADeviceParser( 3983): AudioALSADeviceParser()
D/AudioALSADeviceParser( 3983): GetAllPcmAttribute()
D/AudioALSADeviceParser( 3983): Pcm open success
D/AudioALSADeviceParser( 3983): AddPcmString InputBuffer = 00-00: MultiMedia1_PLayback mt-soc-codec-tx-dai-0 :  : playback 1
D/AudioALSADeviceParser( 3983): SetPcmCapability capture support
D/AudioALSADeviceParser( 3983): SetPcmCapability playback support
D/AudioALSADeviceParser( 3983): SetPcmCapability capture support
D/AudioALSADeviceParser( 3983): AddPcmString InputBuffer = 00-01: MultiMedia1_Capture mt-soc-codec-rx-dai-1 :  : capture 1
D/AudioALSADeviceParser( 3983): SetPcmCapability playback support
D/AudioALSADeviceParser( 3983): SetPcmCapability playback support
D/AudioALSADeviceParser( 3983): SetPcmCapability capture support
D/AudioALSADeviceParser( 3983): AddPcmString InputBuffer = 00-02: PCM2_PLayback mt-soc-codec-pcmtx-dai-2 :  : playback 1 : capture 1
D/AudioALSADeviceParser( 3983): SetPcmCapability capture support
D/AudioALSADeviceParser( 3983): SetPcmCapability playback support
D/AudioALSADeviceParser( 3983): SetPcmCapability capture support
D/AudioALSADeviceParser( 3983): SetPcmCapability playback support
D/AudioALSADeviceParser( 3983): SetPcmCapability playback support
D/AudioALSADeviceParser( 3983): SetPcmCapability capture support
D/AudioALSADeviceParser( 3983): AddPcmString InputBuffer = 00-03: HMDI_PLayback mt-soc-hdmi-dummy-dai-codec-3 :  : playback 1 : capture 1
D/AudioALSADeviceParser( 3983): SetPcmCapability capture support
D/AudioALSADeviceParser( 3983): SetPcmCapability playback support
D/AudioALSADeviceParser( 3983): SetPcmCapability capture support
D/AudioALSADeviceParser( 3983): SetPcmCapability playback support
D/AudioALSADeviceParser( 3983): SetPcmCapability playback support
D/AudioALSADeviceParser( 3983): SetPcmCapability capture support
D/AudioALSADeviceParser( 3983): AddPcmString InputBuffer = 00-04: ULDL_Loopback mt-soc-codec-uldlloopback-dai-4 :  : playback 1 : capture 1
D/AudioALSADeviceParser( 3983): SetPcmCapability capture support
D/AudioALSADeviceParser( 3983): SetPcmCapability playback support
D/AudioALSADeviceParser( 3983): SetPcmCapability capture support
D/AudioALSADeviceParser( 3983): SetPcmCapability playback support
D/AudioALSADeviceParser( 3983): SetPcmCapability playback support
D/AudioALSADeviceParser( 3983): SetPcmCapability capture support
D/AudioALSADeviceParser( 3983): AddPcmString InputBuffer = 00-05: I2S0_PLayback mt-soc-i2s0-dummy-dai-codec-5 :  : playback 1 : capture 1
D/AudioALSADeviceParser( 3983): SetPcmCapability capture support
D/AudioALSADeviceParser( 3983): SetPcmCapability playback support
D/AudioALSADeviceParser( 3983): SetPcmCapability capture support
D/AudioALSADeviceParser( 3983): SetPcmCapability playback support
D/AudioALSADeviceParser( 3983): SetPcmCapability playback support
D/AudioALSADeviceParser( 3983): SetPcmCapability capture support
D/AudioALSADeviceParser( 3983): AddPcmString InputBuffer = 00-06: MRGRX_PLayback mt-soc-mrgrx-dai-codec-6 :  : playback 1 : capture 1
D/AudioALSADeviceParser( 3983): SetPcmCapability capture support
D/AudioALSADeviceParser( 3983): SetPcmCapability playback support
D/AudioALSADeviceParser( 3983): SetPcmCapability capture support
D/AudioALSADeviceParser( 3983): SetPcmCapability playback support
D/AudioALSADeviceParser( 3983): SetPcmCapability playback support
D/AudioALSADeviceParser( 3983): SetPcmCapability capture support
D/AudioALSADeviceParser( 3983): AddPcmString InputBuffer = 00-07: MRGRX_CAPTURE mt-soc-mrgrx-dummy-dai-codec-7 :  : playback 1 : capture 1
D/AudioALSADeviceParser( 3983): SetPcmCapability capture support
D/AudioALSADeviceParser( 3983): SetPcmCapability playback support
D/AudioALSADeviceParser( 3983): SetPcmCapability capture support
D/AudioALSADeviceParser( 3983): SetPcmCapability playback support
D/AudioALSADeviceParser( 3983): SetPcmCapability playback support
D/AudioALSADeviceParser( 3983): SetPcmCapability capture support
D/AudioALSADeviceParser( 3983): AddPcmString InputBuffer = 00-08: I2S0DL1_PLayback mt-soc-codec-I2s0tx-dai-8 :  : playback 1
D/AudioALSADeviceParser( 3983): SetPcmCapability capture support
D/AudioALSADeviceParser( 3983): SetPcmCapability playback support
D/AudioALSADeviceParser( 3983): SetPcmCapability capture support
D/AudioALSADeviceParser( 3983): AddPcmString InputBuffer = 00-09: DL1_AWB_Record mt-soc-codec-dl1awb-dai-9 :  : capture 1
D/AudioALSADeviceParser( 3983): SetPcmCapability playback support
D/AudioALSADeviceParser( 3983): SetPcmCapability playback support
D/AudioALSADeviceParser( 3983): SetPcmCapability capture support
D/AudioALSADeviceParser( 3983): AddPcmString InputBuffer = 00-10: Voice_Call_BT_Playback mt-soc-codec-voicecall-bt-dai-10 :  : playback 1
D/AudioALSADeviceParser( 3983): SetPcmCapability capture support
D/AudioALSADeviceParser( 3983): SetPcmCapability playback support
D/AudioALSADeviceParser( 3983): SetPcmCapability capture support
D/AudioALSADeviceParser( 3983): AddPcmString InputBuffer = 00-11: VOIP_Call_BT_Playback mt-soc-codec-voipcall-btout-dai-11 :  : playback 1
D/AudioALSADeviceParser( 3983): SetPcmCapability capture support
D/AudioALSADeviceParser( 3983): SetPcmCapability playback support
D/AudioALSADeviceParser( 3983): SetPcmCapability capture support
D/AudioALSADeviceParser( 3983): AddPcmString InputBuffer = 00-12: VOIP_Call_BT_Capture mt-soc-codec-voipcall-btin-dai-12 :  : capture 1
D/AudioALSADeviceParser( 3983): SetPcmCapability playback support
D/AudioALSADeviceParser( 3983): SetPcmCapability playback support
D/AudioALSADeviceParser( 3983): SetPcmCapability capture support
D/AudioALSADeviceParser( 3983): AddPcmString InputBuffer = 00-13: TDM_Debug_Record mt-soc-tdmrx-dai-codec-13 :  : capture 1
D/AudioALSADeviceParser( 3983): SetPcmCapability playback support
D/AudioALSADeviceParser( 3983): SetPcmCapability playback support
D/AudioALSADeviceParser( 3983): SetPcmCapability capture support
D/AudioALSADeviceParser( 3983): AddPcmString InputBuffer = 00-14: FM_MRGTX_Playback mt-soc-fmmrg2tx-dummy-dai-codec-14 :  : playback 1
D/AudioALSADeviceParser( 3983): SetPcmCapability capture support
D/AudioALSADeviceParser( 3983): SetPcmCapability playback support
D/AudioALSADeviceParser( 3983): SetPcmCapability capture support
D/AudioALSADeviceParser( 3983): AddPcmString InputBuffer = 00-15: MultiMediaData2_Capture mt-soc-codec-rx-dai2-15 :  : capture 1
D/AudioALSADeviceParser( 3983): SetPcmCapability playback support
D/AudioALSADeviceParser( 3983): SetPcmCapability playback support
D/AudioALSADeviceParser( 3983): SetPcmCapability capture support
D/AudioALSADeviceParser( 3983): AddPcmString InputBuffer = 00-16: I2S0AWB_Capture mt-soc-codec-i2s0awb-dai-16 :  : capture 1
D/AudioALSADeviceParser( 3983): SetPcmCapability playback support
D/AudioALSADeviceParser( 3983): SetPcmCapability playback support
D/AudioALSADeviceParser( 3983): SetPcmCapability capture support
D/AudioALSADeviceParser( 3983): AddPcmString InputBuffer = 00-17: PCM1_PLayback mt-soc-codec-pcmrx-dai-17 :  : playback 1 : capture 1
D/AudioALSADeviceParser( 3983): SetPcmCapability capture support
D/AudioALSADeviceParser( 3983): SetPcmCapability playback support
D/AudioALSADeviceParser( 3983): SetPcmCapability capture support
D/AudioALSADeviceParser( 3983): SetPcmCapability playback support
D/AudioALSADeviceParser( 3983): SetPcmCapability playback support
D/AudioALSADeviceParser( 3983): SetPcmCapability capture support
D/AudioALSADeviceParser( 3983): AddPcmString InputBuffer = 00-18: Voice Call(Ext) BT Playback mt-soc-codec-voicecall-ext-bt-dai-1 :  : playback 1
D/AudioALSADeviceParser( 3983): SetPcmCapability playback support
D/AudioALSADeviceParser( 3983): SetPcmCapability capture support
D/AudioALSADeviceParser( 3983): SetPcmCapability playback support
D/AudioALSADeviceParser( 3983): SetPcmCapability capture support
D/AudioALSADeviceParser( 3983): SetPcmCapability playback support
D/AudioALSADeviceParser( 3983): SetPcmCapability capture support
D/AudioALSADeviceParser( 3983): SetPcmCapability capture support
D/AudioALSADeviceParser( 3983): SetPcmCapability playback support
D/AudioALSADeviceParser( 3983): SetPcmCapability capture support
D/AudioALSADeviceParser( 3983): AddPcmString InputBuffer = 00-19: Voice Call ExtInt Playback mt-soc-codec-voicecall-extint-dai-19 :  : playback 1 : capture 1
D/AudioALSADeviceParser( 3983): SetPcmCapability playback support
D/AudioALSADeviceParser( 3983): SetPcmCapability capture support
D/AudioALSADeviceParser( 3983): SetPcmCapability playback support
D/AudioALSADeviceParser( 3983): SetPcmCapability capture support
D/AudioALSADeviceParser( 3983): SetPcmCapability playback support
D/AudioALSADeviceParser( 3983): SetPcmCapability capture support
D/AudioALSADeviceParser( 3983): SetPcmCapability capture support
D/AudioALSADeviceParser( 3983): SetPcmCapability playback support
D/AudioALSADeviceParser( 3983): SetPcmCapability capture support
D/AudioALSADeviceParser( 3983): SetPcmCapability playback support
D/AudioALSADeviceParser( 3983): SetPcmCapability playback support
D/AudioALSADeviceParser( 3983): SetPcmCapability capture support
D/AudioALSADeviceParser( 3983): AddPcmString InputBuffer = 00-20: Voice Call(ExtInt) BT Playback mt-soc-codec-voicecall-extint-bt :  : playback 1
D/AudioALSADeviceParser( 3983): SetPcmCapability playback support
D/AudioALSADeviceParser( 3983): SetPcmCapability capture support
D/AudioALSADeviceParser( 3983): SetPcmCapability playback support
D/AudioALSADeviceParser( 3983): SetPcmCapability capture support
D/AudioALSADeviceParser( 3983): SetPcmCapability playback support
D/AudioALSADeviceParser( 3983): SetPcmCapability capture support
D/AudioALSADeviceParser( 3983): SetPcmCapability capture support
D/AudioALSADeviceParser( 3983): SetPcmCapability playback support
D/AudioALSADeviceParser( 3983): SetPcmCapability capture support
D/AudioALSADeviceParser( 3983): AddPcmString InputBuffer = 00-21: MultiMedia_Routing mt-soc-dummy-dai-codec-21 :  : playback 1
D/AudioALSADeviceParser( 3983): SetPcmCapability capture support
D/AudioALSADeviceParser( 3983): SetPcmCapability playback support
D/AudioALSADeviceParser( 3983): SetPcmCapability capture support
D/AudioALSADeviceParser( 3983): AddPcmString InputBuffer = 00-22: ANC_Debug_Record_MOD mt-soc-mod2adci2s-dummy-dai-codec-22 :  : capture 1
D/AudioALSADeviceParser( 3983): SetPcmCapability playback support
D/AudioALSADeviceParser( 3983): SetPcmCapability playback support
D/AudioALSADeviceParser( 3983): SetPcmCapability capture support
D/AudioALSADeviceParser( 3983): AddPcmString InputBuffer = 00-23: ANC_Debug_Record_ADC2 mt-soc-adc2awb-dummy-dai-codec-23 :  : capture 1
D/AudioALSADeviceParser( 3983): SetPcmCapability playback support
D/AudioALSADeviceParser( 3983): SetPcmCapability playback support
D/AudioALSADeviceParser( 3983): SetPcmCapability capture support
D/AudioALSADeviceParser( 3983): AddPcmString InputBuffer = 00-24: ANC_Debug_Record_IO2 mt-soc-io2dai-dummy-dai-codec-24 :  : capture 1
D/AudioALSADeviceParser( 3983): SetPcmCapability playback support
D/AudioALSADeviceParser( 3983): SetPcmCapability playback support
D/AudioALSADeviceParser( 3983): SetPcmCapability capture support
D/AudioALSADeviceParser( 3983): AddPcmString InputBuffer = 00-25: HP_IMPEDANCE_Playback mt-soc-codec-hp-impedance-dai-25 :  : playback 1
D/AudioALSADeviceParser( 3983): SetPcmCapability capture support
D/AudioALSADeviceParser( 3983): SetPcmCapability playback support
D/AudioALSADeviceParser( 3983): SetPcmCapability capture support
D/AudioALSADeviceParser( 3983): AddPcmString InputBuffer = 
D/AudioALSADeviceParser( 3983): reach EOF
D/AudioALSADeviceParser( 3983): dump size = 26
D/AudioALSADeviceParser( 3983): name = MultiMedia1_PLayback 
D/AudioALSADeviceParser( 3983): card index = 0 pcm index = 0
D/AudioALSADeviceParser( 3983): playback  = 1 capture = 1
D/AudioALSADeviceParser( 3983): name = MultiMedia1_Capture 
D/AudioALSADeviceParser( 3983): card index = 0 pcm index = 1
D/AudioALSADeviceParser( 3983): playback  = 1 capture = 1
D/AudioALSADeviceParser( 3983): name = PCM2_PLayback 
D/AudioALSADeviceParser( 3983): card index = 0 pcm index = 2
D/AudioALSADeviceParser( 3983): playback  = 1 capture = 1
D/AudioALSADeviceParser( 3983): name = HMDI_PLayback 
D/AudioALSADeviceParser( 3983): card index = 0 pcm index = 3
D/AudioALSADeviceParser( 3983): playback  = 1 capture = 1
D/AudioALSADeviceParser( 3983): name = ULDL_Loopback 
D/AudioALSADeviceParser( 3983): card index = 0 pcm index = 4
D/AudioALSADeviceParser( 3983): playback  = 1 capture = 1
D/AudioALSADeviceParser( 3983): name = I2S0_PLayback 
D/AudioALSADeviceParser( 3983): card index = 0 pcm index = 5
D/AudioALSADeviceParser( 3983): playback  = 1 capture = 1
D/AudioALSADeviceParser( 3983): name = MRGRX_PLayback 
D/AudioALSADeviceParser( 3983): card index = 0 pcm index = 6
D/AudioALSADeviceParser( 3983): playback  = 1 capture = 1
D/AudioALSADeviceParser( 3983): name = MRGRX_CAPTURE 
D/AudioALSADeviceParser( 3983): card index = 0 pcm index = 7
D/AudioALSADeviceParser( 3983): playback  = 1 capture = 1
D/AudioALSADeviceParser( 3983): name = I2S0DL1_PLayback 
D/AudioALSADeviceParser( 3983): card index = 0 pcm index = 8
D/AudioALSADeviceParser( 3983): playback  = 1 capture = 1
D/AudioALSADeviceParser( 3983): name = DL1_AWB_Record 
D/AudioALSADeviceParser( 3983): card index = 0 pcm index = 9
D/AudioALSADeviceParser( 3983): playback  = 1 capture = 1
D/AudioALSADeviceParser( 3983): name = Voice_Call_BT_Playback 
D/AudioALSADeviceParser( 3983): card index = 0 pcm index = 10
D/AudioALSADeviceParser( 3983): playback  = 1 capture = 1
D/AudioALSADeviceParser( 3983): name = VOIP_Call_BT_Playback 
D/AudioALSADeviceParser( 3983): card index = 0 pcm index = 11
D/AudioALSADeviceParser( 3983): playback  = 1 capture = 1
D/AudioALSADeviceParser( 3983): name = VOIP_Call_BT_Capture 
D/AudioALSADeviceParser( 3983): card index = 0 pcm index = 12
D/AudioALSADeviceParser( 3983): playback  = 1 capture = 1
D/AudioALSADeviceParser( 3983): name = TDM_Debug_Record 
D/AudioALSADeviceParser( 3983): card index = 0 pcm index = 13
D/AudioALSADeviceParser( 3983): playback  = 1 capture = 1
D/AudioALSADeviceParser( 3983): name = FM_MRGTX_Playback 
D/AudioALSADeviceParser( 3983): card index = 0 pcm index = 14
D/AudioALSADeviceParser( 3983): playback  = 1 capture = 1
D/AudioALSADeviceParser( 3983): name = MultiMediaData2_Capture 
D/AudioALSADeviceParser( 3983): card index = 0 pcm index = 15
D/AudioALSADeviceParser( 3983): playback  = 1 capture = 1
D/AudioALSADeviceParser( 3983): name = I2S0AWB_Capture 
D/AudioALSADeviceParser( 3983): card index = 0 pcm index = 16
D/AudioALSADeviceParser( 3983): playback  = 1 capture = 1
D/AudioALSADeviceParser( 3983): name = PCM1_PLayback 
D/AudioALSADeviceParser( 3983): card index = 0 pcm index = 17
D/AudioALSADeviceParser( 3983): playback  = 1 capture = 1
D/AudioALSADeviceParser( 3983): name = Voice 
D/AudioALSADeviceParser( 3983): card index = 0 pcm index = 18
D/AudioALSADeviceParser( 3983): playback  = 1 capture = 1
D/AudioALSADeviceParser( 3983): name = Voice 
D/AudioALSADeviceParser( 3983): card index = 0 pcm index = 19
D/AudioALSADeviceParser( 3983): playback  = 1 capture = 1
D/AudioALSADeviceParser( 3983): name = Voice 
D/AudioALSADeviceParser( 3983): card index = 0 pcm index = 20
D/AudioALSADeviceParser( 3983): playback  = 1 capture = 1
D/AudioALSADeviceParser( 3983): name = MultiMedia_Routing 
D/AudioALSADeviceParser( 3983): card index = 0 pcm index = 21
D/AudioALSADeviceParser( 3983): playback  = 1 capture = 1
D/AudioALSADeviceParser( 3983): name = ANC_Debug_Record_MOD 
D/AudioALSADeviceParser( 3983): card index = 0 pcm index = 22
D/AudioALSADeviceParser( 3983): playback  = 1 capture = 1
D/AudioALSADeviceParser( 3983): name = ANC_Debug_Record_ADC2 
D/AudioALSADeviceParser( 3983): card index = 0 pcm index = 23
D/AudioALSADeviceParser( 3983): playback  = 1 capture = 1
D/AudioALSADeviceParser( 3983): name = ANC_Debug_Record_IO2 
D/AudioALSADeviceParser( 3983): card index = 0 pcm index = 24
D/AudioALSADeviceParser( 3983): playback  = 1 capture = 1
D/AudioALSADeviceParser( 3983): name = HP_IMPEDANCE_Playback 
D/AudioALSADeviceParser( 3983): card index = 0 pcm index = 25
D/AudioALSADeviceParser( 3983): playback  = 1 capture = 1
D/AudioALSADeviceParser( 3983): dump done
D/AudioALSADeviceParser( 3983): -UniqueVolumeInstance
D/AudioALSAHardware( 3983): AudioALSAHardware()
D/AudioALSAHardware( 3983): initCheck()
D/AudioALSAStreamManager( 3983): setMasterVolume(), volume = 1.000000
D/AudioALSAVolumeController( 3983): AudioALSAVolumeController setMasterVolume v = 1.000000 mode = 0 devices = 0x0
D/AudioALSAVolumeController( 3983): ApplyDualmodeGain gain = 256 mode = 0 devices = 6
D/AudioALSAVolumeController( 3983): ApplyAudioGain  Gain = 256 mode= 0 device = 6
D/AudioALSAVolumeController( 3983): ApplyAudioGain  DegradedBGain = 12 mVolumeRange[mode] = 12 
D/AudioALSAVolumeController( 3983): SetHeadPhoneLGain = 12
D/AudioALSAVolumeController( 3983): SetHeadPhoneLGain = 12
D/AudioALSAVolumeController( 3983): ApplyDualmodeGain gain = 256 mode = 0 devices = 7
D/AudioALSAVolumeController( 3983): ApplyAmpGain  Gain = 256 mode= 0 device = 7
D/AudioALSAVolumeController( 3983): SetLinoutRGain 
D/AudioALSAVolumeController( 3983): SetLinoutRGain 
D/AudioALSAVolumeController( 3983): SetLSpeakerGain 
I/AudioFlinger( 3983): loadHwModule() Loaded primary audio interface from LEGACY Audio HW HAL (libaudio) handle 1
D/AudioFlinger( 3983): openOutput(), module 1 Device 2, SamplingRate 44100, Format 0x000003, Channels 3, flags 2
D/AudioFlinger( 3983): openOutput(), offloadInfo 0x0 version 0xffffffff
D/AudioALSAStreamManager( 3983): +openOutputStream()
D/AudioALSAStreamOut( 3983): AudioALSAStreamOut()
D/AudioALSAStreamOut( 3983): set(), devices = 0x2, format = 0x3, channels = 0x3, sampleRate = 44100, flags = 0xac44
D/AudioMTKFilterManager( 3983): +Init AudioMTKFilter_VibSpkAddTone
D/AudioMTKFilterManager( 3983): sampleRate [44100] channel [2] format [0x3] bufferSize [20480]
D/AudioVIBSPKControl( 3983): getInstance()
D/AudioFtmBase( 3983): AudioFtmBase()
D/LoopbackManager( 3983): LoopbackManager(), mWorkingModemIndex = 0
D/AudioFtm( 3983): AudioFtm()
D/AudioFtm( 3983): mMixer = 0xb87a8190
D/AudioFtm( 3983): GetVibSpkCalibrationStatus()
I/iptables( 3982): iptables terminated by exit(1)
D/AudioCustParam( 3983): audioReadNVRamFile(), file_lid = 45, pBuf = 0xbecd7ad4, gUseBinderToAccessNVRam = 1
I/Netd    ( 3982): execIptablesCommand android_fork_execvp exit
E/Netd    ( 3982): exec() res=0, status=256 for /system/bin/iptables -t filter -N firewall 
I/Netd    ( 3982): execIptablesCommand android_fork_execvp enter
V/NVRAM   ( 3983): get_boot_mode: the mode=0
D/NVRAM   (  255): readFile
D/NVRAM   (  255): NVM_GetFileDesc ++
D/NVRAM   (  255): NVM_GetCfgFileTable : file_lid = 45
D/NVRAM   (  255): NVM_GetCfgFileTable done
D/NVRAM   (  255): Open /data/nvram/APCFG/APRDCL/VibSpk_CompFlt,LID:45
D/NVRAM   (  255): NVM_CmpFileVerNo 45  
D/NVRAM   (  255): NVM_GetCfgFileTable : file_lid = 45
D/NVRAM   (  255): NVM_CheckVerFile: 0
D/NVRAM   (  255): New version info file
D/NVRAM   (  255): Load File Version: 001, NvRam File Version: 001
D/NVRAM   (  255): no need to enc/dnc
D/NVRAM   (  255): NVM_CheckFileSize : 45 ++
D/NVRAM   (  255): iCustomBeginLID = 27
D/NVRAM   (  255): NVM_CheckVerFile: 1
D/NVRAM   (  255): NVM_GetCfgFileTable : file_lid = 45
D/NVRAM   (  255): NVM_CheckFileSize:stat_size:1262,size in table:1260
D/NVRAM   (  255): NVM_ProtectUserData
D/NVRAM   (  255): NVM_ProtectUserData:Check File
I/ip6tables( 3982): ip6tables: Chain already exists.
I/ip6tables( 3982): ip6tables terminated by exit(1)
I/Netd    ( 3982): execIptablesCommand android_fork_execvp exit
E/Netd    ( 3982): exec() res=0, status=256 for /system/bin/ip6tables -t filter -N firewall 
I/Netd    ( 3982): execIptablesCommand android_fork_execvp enter
D/NVRAM   (  255): NVM_CheckFile: File is correct!
D/NVRAM   (  255): NVM_ProtectUserData:Check Success
D/NVRAM   (  255): NVM_GetFileDesc ProtectDataFile Check Success!!
D/NVRAM   (  255): NVM_GetFileDesc --
D/NVRAM   (  255): RecNum is :1
D/NVRAM   (  255): no need to enc/dnc
D/NVRAM   (  255): NVM_CloseFileDesc: Open by Readonly, no need to check when close
D/NVRAM   (  255): Read Done!Size is 1260
D/NVRAM   (  255): readFile done!
D/AudioCustParam( 3983): audioReadNVRamFile(), data = 0xb87ba6f8, read_size = 1260
D/AudioMTKFilterManager( 3983): VibSpkReadFrequency:9c
D/AudioVIBSPKControl( 3983): setParameters:ac44 9c f 5
D/AudioVIBSPKControl( 3983): VsgGenInit
D/MtkAudioBitConverter( 3983): MtkAudioBitConverter Constructor, SR 44100, CH 2, format 0
D/MtkAudioBitConverter( 3983): +Open()
D/MtkAudioBitConverter( 3983): -Open()
D/AudioMTKFilterManager( 3983): -Init AudioMTKFilter_VibSpkAddTone
D/MtkAudioLoud( 3983): MtkAudioLoud Constructor
D/MtkAudioLoud( 3983): +SetParameter(), paramID 0, param 0x3
D/MtkAudioLoud( 3983): -SetParameter()
D/MtkAudioLoud( 3983): +SetParameter(), paramID 4, param 0x1
D/MtkAudioLoud( 3983): -SetParameter()
D/MtkAudioLoud( 3983): +SetParameter(), paramID 2, param 0x2
D/MtkAudioLoud( 3983): -SetParameter()
D/MtkAudioLoud( 3983): +SetParameter(), paramID 3, param 0xac44
D/MtkAudioLoud( 3983): -SetParameter()
D/MtkAudioLoud( 3983): +SetParameter(), paramID 1, param 0x4
D/MtkAudioLoud( 3983): -SetParameter()
D/MtkAudioLoud( 3983): +SetParameter(), paramID 5, param 0x0
D/AudioCustParam( 3983): audioReadNVRamFile(), file_lid = 45, pBuf = 0xb87c4778, gUseBinderToAccessNVRam = 1
V/NVRAM   ( 3983): get_boot_mode: the mode=0
D/NVRAM   (  255): readFile
D/NVRAM   (  255): NVM_GetFileDesc ++
D/NVRAM   (  255): NVM_GetCfgFileTable : file_lid = 45
D/NVRAM   (  255): NVM_GetCfgFileTable done
D/NVRAM   (  255): Open /data/nvram/APCFG/APRDCL/VibSpk_CompFlt,LID:45
D/NVRAM   (  255): NVM_CmpFileVerNo 45  
D/NVRAM   (  255): NVM_GetCfgFileTable : file_lid = 45
D/NVRAM   (  255): NVM_CheckVerFile: 0
D/NVRAM   (  255): New version info file
D/NVRAM   (  255): Load File Version: 001, NvRam File Version: 001
D/NVRAM   (  255): no need to enc/dnc
D/NVRAM   (  255): NVM_CheckFileSize : 45 ++
D/NVRAM   (  255): iCustomBeginLID = 27
D/NVRAM   (  255): NVM_CheckVerFile: 1
D/NVRAM   (  255): NVM_GetCfgFileTable : file_lid = 45
D/NVRAM   (  255): NVM_CheckFileSize:stat_size:1262,size in table:1260
D/NVRAM   (  255): NVM_ProtectUserData
D/NVRAM   (  255): NVM_ProtectUserData:Check File
D/NVRAM   (  255): NVM_CheckFile: File is correct!
D/NVRAM   (  255): NVM_ProtectUserData:Check Success
D/NVRAM   (  255): NVM_GetFileDesc ProtectDataFile Check Success!!
D/NVRAM   (  255): NVM_GetFileDesc --
D/NVRAM   (  255): RecNum is :1
D/NVRAM   (  255): no need to enc/dnc
D/NVRAM   (  255): NVM_CloseFileDesc: Open by Readonly, no need to check when close
D/NVRAM   (  255): Read Done!Size is 1260
D/NVRAM   (  255): readFile done!
D/AudioCustParam( 3983): audioReadNVRamFile(), data = 0xb87c5ba0, read_size = 1260
D/MtkAudioLoud( 3983): Channel 2
D/MtkAudioLoud( 3983): Sampling_Rate 44100
D/MtkAudioLoud( 3983): PCM_Format 1
D/MtkAudioLoud( 3983): copyParam mIsSepLR_Filter [0]
D/MtkAudioLoud( 3983): LHSF_Coeff [0][0]=0x0, addr = 0xb87c50f0,
D/MtkAudioLoud( 3983): LHSF_Coeff [0][1]=0x0, addr = 0xb87c50f4,
D/MtkAudioLoud( 3983): LBPF_Coeff [0][0]=0x3dea8433, addr = 0xb87c5118,
D/MtkAudioLoud( 3983): LBPF_Coeff [0][1]=0x3dea7a1a, addr = 0xb87c511c,
D/MtkAudioLoud( 3983): RHSF_Coeff [0][0]=0x0, addr = 0xb87c51a0,
D/MtkAudioLoud( 3983): RHSF_Coeff [0][1]=0x0, addr = 0xb87c51a4,
D/MtkAudioLoud( 3983): RBPF_Coeff [0][0]=0x0, addr = 0xb87c51c8,
D/MtkAudioLoud( 3983): RBPF_Coeff [0][1]=0x0, addr = 0xb87c51cc,
D/MtkAudioLoud( 3983): WS_Gain_Max 34952
D/MtkAudioLoud( 3983): WS_Gain_Min 156
D/MtkAudioLoud( 3983): Filter_First 0
D/MtkAudioLoud( 3983): Num_Bands 0
D/MtkAudioLoud( 3983): Flt_Bank_Order 0
D/MtkAudioLoud( 3983): DRC_Delay 0
D/MtkAudioLoud( 3983): Lim_Th 0
D/MtkAudioLoud( 3983): Lim_Gn 0
D/MtkAudioLoud( 3983): Lim_Const 0
D/MtkAudioLoud( 3983): Lim_Delay 0
D/MtkAudioLoud( 3983): Sep_LR_Filter 0
D/MtkAudioLoud( 3983): Att_Time[0][0] = 0
D/MtkAudioLoud( 3983): Rel_Time[0][0] = 0
D/MtkAudioLoud( 3983): Att_Time[0][1] = 0
D/MtkAudioLoud( 3983): Rel_Time[0][1] = 0
D/MtkAudioLoud( 3983): Att_Time[0][2] = 0
D/MtkAudioLoud( 3983): Rel_Time[0][2] = 0
D/MtkAudioLoud( 3983): Att_Time[0][3] = 0
D/MtkAudioLoud( 3983): Rel_Time[0][3] = 0
D/MtkAudioLoud( 3983): Att_Time[0][4] = 0
D/MtkAudioLoud( 3983): Rel_Time[0][4] = 0
D/MtkAudioLoud( 3983): Att_Time[0][5] = 0
D/MtkAudioLoud( 3983): Rel_Time[0][5] = 0
D/MtkAudioLoud( 3983): DRC_Th[0][0] = 0
D/MtkAudioLoud( 3983): DRC_Gn[0][0] = 0
D/MtkAudioLoud( 3983): DRC_Th[0][1] = 0
D/MtkAudioLoud( 3983): DRC_Gn[0][1] = 0
D/MtkAudioLoud( 3983): DRC_Th[0][2] = 0
D/MtkAudioLoud( 3983): DRC_Gn[0][2] = 0
D/MtkAudioLoud( 3983): DRC_Th[0][3] = 0
D/MtkAudioLoud( 3983): DRC_Gn[0][3] = 0
D/MtkAudioLoud( 3983): DRC_Th[0][4] = 0
D/MtkAudioLoud( 3983): DRC_Gn[0][4] = 0
D/MtkAudioLoud( 3983): -SetParameter()
D/MtkAudioLoud( 3983): BesSound Ver : 0x524
D/MtkAudioLoud( 3983): BesSound FlushOutSampleCount : 0x40
D/MtkAudioLoud( 3983): NvRam Format  : V5
D/AudioMTKFilterManager( 3983): init() fixedParam 0
D/AudioALSAStreamManager( 3983): -openOutputStream(), out = 0xb87ba478, status = 0x0, mStreamOutVector.size() = 1
D/AudioFlinger( 3983): openOutput() openOutputStream returned output 0xb87ba408, SamplingRate 44100, Format 0x000003, Channels 3, status 0
I/AudioFlinger( 3983): HAL output buffer size 2560 frames, normal mix buffer size 2560 frames
D/AudioFlinger( 3983): MixerThread() id=2 device=0x2 type=0
D/AudioFlinger( 3983): mSampleRate=44100, mChannelMask=0x3, mChannelCount=2, mFormat=3, mFrameSize=8, mFrameCount=2560, mNormalFrameCount=2560
I/AudioMTKMixer( 3983): found effect "Multichannel Downmix To Stereo" from The Android Open Source Project
D/AudioFlinger( 3983): offers stream format 54
D/AudioFlinger( 3983): openOutput() created mixer output: ID 2 thread 0xb4f4a008
D/AudioFlinger( 3983): PlaybackThread::audioConfigChanged_l, thread 0xb4f4a008, event 0, param 0
I/AudioFlinger( 3983): Using module 1 has the primary audio interface
D/AudioALSAStreamManager( 3983): +setMode(), mAudioMode: 0 => 0
W/AudioALSAStreamManager( 3983): -setMode(), mAudioMode: 0 == 0, return
D/AudioMTKPolicyManager( 3983): setOutputDevice() output 2 device 0002 delayMs 0
D/AudioMTKPolicyManager( 3983): checkDeviceMuteStrategies outputDesc = 0xb87ba2b0 prevDevice = 2 delayMs = 0
D/AudioMTKPolicyManager( 3983): getDeviceForStrategy() strategy 7, device 2
D/AudioMTKPolicyManager( 3983): getDeviceForStrategy() strategy 6, device 2
D/AudioMTKPolicyManager( 3983): getDeviceForStrategy() strategy 5, device 2
D/AudioMTKPolicyManager( 3983): getDeviceForStrategy() strategy 0, device 2
D/AudioMTKPolicyManager( 3983): getDeviceForStrategy() strategy 4, device 2
D/AudioMTKPolicyManager( 3983): getDeviceForStrategy() strategy 2, device 2
D/AudioMTKPolicyManager( 3983): getDeviceForStrategy() strategy 3, device 2
D/AudioMTKPolicyManager( 3983): getDeviceForStrategy() strategy 2, device 2
D/AudioMTKPolicyManager( 3983): getDeviceForStrategy() strategy 1, device 1
D/AudioMTKPolicyManager( 3983): getDeviceForStrategy() strategy 0, device 2
D/AudioPolicyService( 3983): AudioCommandThread() adding set parameter string routing=2, io 2 ,delay 0
D/AudioSystem( 3983): +setParameters(): routing=2 
I/AudioFlinger( 3983): AudioFlinger's thread 0xb4f4a008 ready to run
D/AudioFlinger( 3983): setParameters(): io 2, keyvalue routing=2, calling pid 3983
W/AudioFlinger( 3983): Thread AudioOut_2 cannot connect to the power manager service
D/AudioFlinger( 3983): Audio hardware entering standby, mixer 0xb4f4a008, suspend count 0
D/AudioFlinger( 3983): thread 0xb4f4a008 type 0 TID 4080 going to sleep
D/AudioFlinger( 3983): ThreadBase::setParameters() routing=2
D/AudioFlinger( 3983): thread 0xb4f4a008 type 0 TID 4080 waking up
I/Netd    ( 3982): execIptablesCommand android_fork_execvp exit
I/Netd    ( 3982): execIptablesCommand android_fork_execvp enter
W/AudioFlinger( 3983): Thread AudioOut_2 cannot connect to the power manager service
D/AudioALSAStreamOut( 3983): +setParameters(): routing=2
D/AudioALSAStreamManager( 3983): +routingOutputDevice(), output_devices: 0x2 => 0x2
D/AudioALSAVoiceWakeUpController( 3983): +updateDeviceInfoForVoiceWakeUp(), mIsUseHeadsetMic = 0
D/AudioHeadSetMessager( 3983): /sys/class/switch/h2w/state => 0
D/AudioALSAVoiceWakeUpController( 3983): -updateDeviceInfoForVoiceWakeUp(), mIsUseHeadsetMic = 0
D/AudioALSAStreamManager( 3983): +CheckHeadsetChange(), current_output_devices = 2 output_device = 2 
D/AudioALSAStreamManager( 3983): mHeadsetChange = 0
W/AudioALSAStreamManager( 3983): -routingOutputDevice(), output_devices == current_output_devices(0x2), return
D/AudioALSAStreamOut( 3983): -setParameters(): routing=2 
D/AudioSystem( 3983): -setParameters(): routing=2 
D/AudioFlinger( 3983): prepareTracks_l, gScreenState 0, mOutDevice 2, change hal buffer 12288k, count 0
D/AudioMTKPolicyManager( 3983):  checkAndSetVolume stream = 0 index = 1 output = 2 device = 0x2 delayMs = 0 force = 0
D/AudioMTKPolicyManager( 3983): getNewDevice() selected device 0
W/AudioFlinger( 3983): Thread AudioOut_2 cannot connect to the power manager service
D/AudioMTKPolicyManager( 3983): computeCustomVolume OutputDevice = 0
E/AudioFlinger( 3983): no wake lock to update!
D/AudioMTKPolicyManager( 3983): checkAndSetVolume() for output 2 stream 0, volume 0.251189, delay 0
D/AudioMTKPolicyManager( 3983): computeCustomVoiceVolume stream = 0 index = 1 volInt = 256.000000
D/AudioMTKPolicyManager( 3983): getNewDevice() selected device 0
D/AudioMTKPolicyManager( 3983): computeCustomVolume OutputDevice = 0
D/AudioMTKPolicyManager( 3983): computeCustomVoiceVolume volume = 112.000000 volInt = 208.000000
D/AudioALSAStreamManager( 3983): setVoiceVolume(), volume = 0.251189
D/AudioALSAVolumeController( 3983): AudioALSAVolumeController setVoiceVolume v = 0.251189 mode = 0 routes = 2
D/AudioALSAVolumeController( 3983): GetDRCVersion DrcSpeechModeBits = 4 device= 0x2 mSpeechDrcType = 0x0 Sph_Drc_Version = 0x0
D/AudioALSAVolumeController( 3983): DRC_VERSION_1
D/AudioMTKPolicyManager( 3983):  checkAndSetVolume stream = 1 index = 1 output = 2 device = 0x2 delayMs = 0 force = 0
D/AudioMTKPolicyManager( 3983): getNewDevice() selected device 0
D/AudioMTKPolicyManager( 3983): computeCustomVolume OutputDevice = 0
D/AudioMTKPolicyManager( 3983): computeCustomVolume OutputDevice == AudioSystem::DEVICE_OUT_SPEAKER GetStreamMaxLevels(stream)-1 = 14
D/AudioMTKPolicyManager( 3983): +MapVoltoCustomVol vol = 256.000000 stream = 1 volmin = 168 volmax = 255
D/AudioMTKPolicyManager( 3983): mapping_vol vol = 0.000000 unitstep = 17.066668 vol/unitstep  = 0.000000 index = 82975417534711193878806603454445570034841376959421069156203619891455496767597063772190370628108288.000000
D/AudioMTKPolicyManager( 3983): -MapVoltoCustomVol volume = 256.000000 vol = 256.000000
D/AudioMTKPolicyManager( 3983): checkAndSetVolume() for output 2 stream 1, volume 1.000000, delay 0
D/AudioMTKPolicyManager( 3983):  checkAndSetVolume stream = 2 index = 1 output = 2 device = 0x2 delayMs = 0 force = 0
D/AudioMTKPolicyManager( 3983): getNewDevice() selected device 0
D/AudioMTKPolicyManager( 3983): computeCustomVolume OutputDevice = 0
D/AudioMTKPolicyManager( 3983): +MapVoltoCustomVol vol = 256.000000 stream = 2 volmin = 128 volmax = 255
D/AudioMTKPolicyManager( 3983): mapping_vol vol = 0.000000 unitstep = 17.066668 vol/unitstep  = 0.000000 index = 82975417534711193878806603454445570034841376959421069156203619891455496767597063772190370628108288.000000
D/AudioMTKPolicyManager( 3983): -MapVoltoCustomVol volume = 256.000000 vol = 256.000000
D/AudioMTKPolicyManager( 3983): checkAndSetVolume() for output 2 stream 2, volume 1.000000, delay 0
D/AudioMTKPolicyManager( 3983):  checkAndSetVolume stream = 3 index = 1 output = 2 device = 0x2 delayMs = 0 force = 0
D/AudioMTKPolicyManager( 3983): getNewDevice() selected device 0
D/AudioMTKPolicyManager( 3983): computeCustomVolume OutputDevice = 0
D/AudioMTKPolicyManager( 3983): computeCustomVolume OutputDevice == AudioSystem::VOLUME_HEADSET_SPEAKER_MODE
D/AudioMTKPolicyManager( 3983): +MapVoltoCustomVol vol = 256.000000 stream = 3 volmin = 32 volmax = 248
D/AudioMTKPolicyManager( 3983): mapping_vol vol = 0.000000 unitstep = 17.066668 vol/unitstep  = 0.000000 index = 82975417534711193878806603454445570034841376959421069156203619891455496767597063772190370628108288.000000
D/AudioMTKPolicyManager( 3983): -MapVoltoCustomVol volume = 248.500000 vol = 248.500000
D/AudioMTKPolicyManager( 3983): checkAndSetVolume() for output 2 stream 3, volume 0.794328, delay 0
D/AudioMTKPolicyManager( 3983):  checkAndSetVolume stream = 4 index = 1 output = 2 device = 0x2 delayMs = 0 force = 0
D/AudioMTKPolicyManager( 3983): getNewDevice() selected device 0
D/AudioMTKPolicyManager( 3983): computeCustomVolume OutputDevice = 0
D/AudioMTKPolicyManager( 3983): +MapVoltoCustomVol vol = 256.000000 stream = 4 volmin = 128 volmax = 255
D/AudioMTKPolicyManager( 3983): mapping_vol vol = 0.000000 unitstep = 17.066668 vol/unitstep  = 0.000000 index = 82975417534711193878806603454445570034841376959421069156203619891455496767597063772190370628108288.000000
D/AudioMTKPolicyManager( 3983): -MapVoltoCustomVol volume = 256.000000 vol = 256.000000
D/AudioMTKPolicyManager( 3983): checkAndSetVolume() for output 2 stream 4, volume 1.000000, delay 0
D/AudioMTKPolicyManager( 3983):  checkAndSetVolume stream = 5 index = 1 output = 2 device = 0x2 delayMs = 0 force = 0
D/AudioMTKPolicyManager( 3983): getNewDevice() selected device 0
D/AudioMTKPolicyManager( 3983): computeCustomVolume OutputDevice = 0
D/AudioMTKPolicyManager( 3983): +MapVoltoCustomVol vol = 256.000000 stream = 5 volmin = 128 volmax = 255
D/AudioMTKPolicyManager( 3983): mapping_vol vol = 0.000000 unitstep = 17.066668 vol/unitstep  = 0.000000 index = 82975417534711193878806603454445570034841376959421069156203619891455496767597063772190370628108288.000000
D/AudioMTKPolicyManager( 3983): -MapVoltoCustomVol volume = 256.000000 vol = 256.000000
D/AudioMTKPolicyManager( 3983): checkAndSetVolume() for output 2 stream 5, volume 1.000000, delay 0
D/AudioMTKPolicyManager( 3983):  checkAndSetVolume stream = 6 index = 1 output = 2 device = 0x2 delayMs = 0 force = 0
D/AudioMTKPolicyManager( 3983): checkAndSetVolume() cannot set stream 6 volume with force use = 0 for comm
D/AudioMTKPolicyManager( 3983):  checkAndSetVolume stream = 7 index = 1 output = 2 device = 0x2 delayMs = 0 force = 0
D/AudioMTKPolicyManager( 3983): getNewDevice() selected device 0
D/AudioMTKPolicyManager( 3983): computeCustomVolume OutputDevice = 0
D/AudioMTKPolicyManager( 3983): +MapVoltoCustomVol vol = 256.000000 stream = 7 volmin = 88 volmax = 255
D/AudioMTKPolicyManager( 3983): mapping_vol vol = 0.000000 unitstep = 17.066668 vol/unitstep  = 0.000000 index = 82975417534711193878806603454445570034841376959421069156203619891455496767597063772190370628108288.000000
D/AudioMTKPolicyManager( 3983): -MapVoltoCustomVol volume = 256.000000 vol = 256.000000
D/AudioMTKPolicyManager( 3983): checkAndSetVolume() for output 2 stream 7, volume 1.000000, delay 0
D/AudioMTKPolicyManager( 3983):  checkAndSetVolume stream = 8 index = 1 output = 2 device = 0x2 delayMs = 0 force = 0
D/AudioMTKPolicyManager( 3983): getNewDevice() selected device 0
D/AudioMTKPolicyManager( 3983): computeCustomVolume OutputDevice = 0
D/AudioMTKPolicyManager( 3983): computeCustomVolume OutputDevice == AudioSystem::DEVICE_OUT_SPEAKER GetStreamMaxLevels(stream)-1 = 14
D/AudioMTKPolicyManager( 3983): +MapVoltoCustomVol vol = 256.000000 stream = 8 volmin = 168 volmax = 255
D/AudioMTKPolicyManager( 3983): mapping_vol vol = 0.000000 unitstep = 17.066668 vol/unitstep  = 0.000000 index = 82975417534711193878806603454445570034841376959421069156203619891455496767597063772190370628108288.000000
D/AudioMTKPolicyManager( 3983): -MapVoltoCustomVol volume = 256.000000 vol = 256.000000
D/AudioMTKPolicyManager( 3983): checkAndSetVolume() for output 2 stream 8, volume 1.000000, delay 0
D/AudioMTKPolicyManager( 3983):  checkAndSetVolume stream = 9 index = 1 output = 2 device = 0x2 delayMs = 0 force = 0
D/AudioMTKPolicyManager( 3983): getNewDevice() selected device 0
D/AudioMTKPolicyManager( 3983): computeCustomVolume OutputDevice = 0
D/AudioMTKPolicyManager( 3983): +MapVoltoCustomVol vol = 256.000000 stream = 9 volmin = 88 volmax = 255
D/AudioMTKPolicyManager( 3983): mapping_vol vol = 0.000000 unitstep = 17.066668 vol/unitstep  = 0.000000 index = 82975417534711193878806603454445570034841376959421069156203619891455496767597063772190370628108288.000000
D/AudioMTKPolicyManager( 3983): -MapVoltoCustomVol volume = 256.000000 vol = 256.000000
D/AudioMTKPolicyManager( 3983): checkAndSetVolume() for output 2 stream 9, volume 1.000000, delay 0
D/AudioMTKPolicyManager( 3983):  checkAndSetVolume stream = 10 index = 1 output = 2 device = 0x2 delayMs = 0 force = 0
D/AudioMTKPolicyManager( 3983): No set initial volumeIndex yet, use the min volume
D/AudioMTKPolicyManager( 3983): checkAndSetVolume() for output 2 stream 10, volume 0.000000, delay 0
D/AudioFlinger( 3983): setStreamVolume FM  value = 0.000000
D/AudioALSAHardware( 3983): +setParameters(): SetFmVolume=0.000000
D/AudioALSAFMController( 3983): +setFmVolume(), mFmVolume = -1.000000 => fm_volume = 0.000000
D/AudioALSAFMController( 3983): setFmVolume(), Do nothing. mFMEnable = 0, mIsFmDirectConnectionMode = 1
D/AudioALSAFMController( 3983): -setFmVolume(), mFmVolume = 0.000000
D/AudioALSAHardware( 3983): -setParameters(): SetFmVolume=0.000000 
D/AudioMTKPolicyManager( 3983):  checkAndSetVolume stream = 11 index = 1 output = 2 device = 0x2 delayMs = 0 force = 0
D/AudioMTKPolicyManager( 3983): getNewDevice() selected device 0
D/AudioMTKPolicyManager( 3983): computeCustomVolume OutputDevice = 0
D/AudioMTKPolicyManager( 3983): +MapVoltoCustomVol vol = 256.000000 stream = 11 volmin = 88 volmax = 255
D/AudioMTKPolicyManager( 3983): mapping_vol vol = 0.000000 unitstep = 17.066668 vol/unitstep  = 0.000000 index = 82975417534711193878806603454445570034841376959421069156203619891455496767597063772190370628108288.000000
D/AudioMTKPolicyManager( 3983): -MapVoltoCustomVol volume = 256.000000 vol = 256.000000
D/AudioMTKPolicyManager( 3983): checkAndSetVolume() for output 2 stream 11, volume 1.000000, delay 0
D/AudioMTKPolicyManager( 3983):  checkAndSetVolume stream = 12 index = 1 output = 2 device = 0x2 delayMs = 0 force = 0
D/AudioMTKPolicyManager( 3983): getNewDevice() selected device 0
D/AudioMTKPolicyManager( 3983): computeCustomVolume OutputDevice = 0
D/AudioMTKPolicyManager( 3983): +MapVoltoCustomVol vol = 256.000000 stream = 12 volmin = 88 volmax = 255
D/AudioMTKPolicyManager( 3983): mapping_vol vol = 0.000000 unitstep = 17.066668 vol/unitstep  = 0.000000 index = 82975417534711193878806603454445570034841376959421069156203619891455496767597063772190370628108288.000000
D/AudioMTKPolicyManager( 3983): -MapVoltoCustomVol volume = 256.000000 vol = 256.000000
D/AudioMTKPolicyManager( 3983): boot animation vol= 0.250000
D/AudioMTKPolicyManager( 3983): checkAndSetVolume() for output 2 stream 12, volume 0.250000, delay 0
D/AudioMTKPolicyManager( 3983):  checkAndSetVolume stream = 13 index = 1 output = 2 device = 0x2 delayMs = 0 force = 0
D/AudioMTKPolicyManager( 3983): getNewDevice() selected device 0
D/AudioMTKPolicyManager( 3983): computeCustomVolume OutputDevice = 0
D/AudioMTKPolicyManager( 3983): +MapVoltoCustomVol vol = 256.000000 stream = 13 volmin = 88 volmax = 255
D/AudioMTKPolicyManager( 3983): mapping_vol vol = 0.000000 unitstep = 17.066668 vol/unitstep  = 0.000000 index = 82975417534711193878806603454445570034841376959421069156203619891455496767597063772190370628108288.000000
D/AudioMTKPolicyManager( 3983): -MapVoltoCustomVol volume = 256.000000 vol = 256.000000
D/AudioMTKPolicyManager( 3983): checkAndSetVolume() for output 2 stream 13, volume 1.000000, delay 0
E/AudioFlinger( 3983): int android::load_audio_interface(const char*, audio_hw_device_t**) couldn't load audio hw module libaudio.a2dp (No such file or directory)
E/AudioFlinger( 3983): int android::load_audio_interface(const char*, audio_hw_device_t**) reload audio.a2dp 
I/AudioFlinger( 3983): loadHwModule() Loaded a2dp audio interface from A2DP Audio HW HAL (audio) handle 3
D/usb_audio_hw( 3983): [USB_AUD] adev_open
I/AudioFlinger( 3983): loadHwModule() Loaded usb audio interface from USB audio HW HAL (libaudio) handle 4
I/r_submix( 3983): adev_open(name=audio_hw_if)
I/r_submix( 3983): adev_init_check()
I/AudioFlinger( 3983): loadHwModule() Loaded r_submix audio interface from Wifi Display audio HAL (libaudio) handle 5
D/AudioMTKPolicyManager( 3983): getDeviceForStrategy() strategy 0, device 2
D/AudioMTKPolicyManager( 3983): getDeviceForStrategy() strategy 1, device 1
D/AudioMTKPolicyManager( 3983): getDeviceForStrategy() strategy 2, device 2
D/AudioMTKPolicyManager( 3983): getDeviceForStrategy() strategy 2, device 2
D/AudioMTKPolicyManager( 3983): getDeviceForStrategy() strategy 3, device 2
D/AudioMTKPolicyManager( 3983): getDeviceForStrategy() strategy 0, device 2
D/AudioMTKPolicyManager( 3983): getDeviceForStrategy() strategy 4, device 2
D/AudioMTKPolicyManager( 3983): getDeviceForStrategy() strategy 5, device 2
D/AudioMTKPolicyManager( 3983): getDeviceForStrategy() strategy 6, device 2
D/AudioMTKPolicyManager( 3983): getDeviceForStrategy() strategy 7, device 2
I/Netd    ( 3982): execIptablesCommand android_fork_execvp exit
I/Netd    ( 3982): execIptablesCommand android_fork_execvp enter
I/AudioPolicyService( 3983): Loaded audio policy from LEGACY Audio Policy HAL (audio_policy)
D/AudioHeadsetDetect( 3983): start
D/AudioHeadsetDetect( 3983): pluged out
I/mmsdk/MMSdkService( 3983): MMSdkService started (pid=3983)
D/mmsdk/MMSdkService( 3983): MMSdkService::onFirstRef
I/PerfService( 3983): PerfServiceNative_userDisableAll
I/mediaserver( 3983): [int main(int, char**)] re-adjust caps for its thread, and set uid to media
I/Netd    ( 3982): execIptablesCommand android_fork_execvp exit
I/Netd    ( 3982): execIptablesCommand android_fork_execvp enter
I/Netd    ( 3982): execIptablesCommand android_fork_execvp exit
I/Netd    ( 3982): execIptablesCommand android_fork_execvp enter
I/Netd    ( 3982): execIptablesCommand android_fork_execvp exit
I/Netd    ( 3982): execIptablesCommand android_fork_execvp enter
I/Netd    ( 3982): execIptablesCommand android_fork_execvp exit
I/Netd    ( 3982): execIptablesCommand android_fork_execvp enter
I/Netd    ( 3982): execIptablesCommand android_fork_execvp exit
I/Netd    ( 3982): execIptablesCommand android_fork_execvp enter
D/dalvikvm( 3981): GC_EXPLICIT freed 20K (203), 6% free 2774K/2928K (before 2794K/2928K), paused 1ms+0ms, total 6ms
I/Zygote  ( 3981): Preloading resources...
I/Netd    ( 3982): execIptablesCommand android_fork_execvp exit
I/Netd    ( 3982): execIptablesCommand android_fork_execvp enter
W/Resources( 3981): Preloaded drawable resource #0x1080128 (android:drawable/btn_default_pressed_holo_light) that varies with configuration!!
W/Resources( 3981): Preloaded drawable resource #0x1080124 (android:drawable/btn_default_normal_holo_light) that varies with configuration!!
D/dalvikvm( 3981): GC_EXPLICIT freed 3K (53), 4% free 2836K/2928K (before 2840K/2928K), paused 0ms+1ms, total 6ms
W/Resources( 3981): Preloaded drawable resource #0x108011c (android:drawable/btn_default_focused_holo_light) that varies with configuration!!
W/Resources( 3981): Preloaded drawable resource #0x1080119 (android:drawable/btn_default_disabled_holo_light) that varies with configuration!!
D/dalvikvm( 3981): GC_EXPLICIT freed 32K (50), 5% free 2866K/2992K (before 2899K/2992K), paused 0ms+1ms, total 6ms
I/Netd    ( 3982): execIptablesCommand android_fork_execvp exit
I/Netd    ( 3982): execIptablesCommand android_fork_execvp enter
W/Resources( 3981): Preloaded drawable resource #0x1080116 (android:drawable/btn_default_disabled_focused_holo_light) that varies with configuration!!
W/Resources( 3981): Preloaded drawable resource #0x1080124 (android:drawable/btn_default_normal_holo_light) that varies with configuration!!
W/Resources( 3981): Preloaded drawable resource #0x1080119 (android:drawable/btn_default_disabled_holo_light) that varies with configuration!!
W/Resources( 3981): Preloaded drawable resource #0x1080128 (android:drawable/btn_default_pressed_holo_light) that varies with configuration!!
W/Resources( 3981): Preloaded drawable resource #0x108011c (android:drawable/btn_default_focused_holo_light) that varies with configuration!!
W/Resources( 3981): Preloaded drawable resource #0x1080124 (android:drawable/btn_default_normal_holo_light) that varies with configuration!!
W/Resources( 3981): Preloaded drawable resource #0x1080116 (android:drawable/btn_default_disabled_focused_holo_light) that varies with configuration!!
W/Resources( 3981): Preloaded drawable resource #0x1080119 (android:drawable/btn_default_disabled_holo_light) that varies with configuration!!
W/Resources( 3981): Preloaded drawable resource #0x108011e (android:drawable/btn_default_holo_light) that varies with configuration!!
D/dalvikvm( 3981): GC_EXPLICIT freed 70K (161), 6% free 3047K/3216K (before 3118K/3216K), paused 0ms+1ms, total 6ms
W/Resources( 3981): Preloaded drawable resource #0x108041e (android:drawable/list_selector_disabled_holo_light) that varies with configuration!!
W/Resources( 3981): Preloaded drawable resource #0x108041e (android:drawable/list_selector_disabled_holo_light) that varies with configuration!!
W/Resources( 3981): Preloaded drawable resource #0x10803ff (android:drawable/list_pressed_holo_light) that varies with configuration!!
W/Resources( 3981): Preloaded drawable resource #0x10803fd (android:drawable/list_longpressed_holo_light) that varies with configuration!!
W/Resources( 3981): Preloaded drawable resource #0x108041b (android:drawable/list_selector_background_transition_holo_light) that varies with configuration!!
W/Resources( 3981): Preloaded drawable resource #0x10803ff (android:drawable/list_pressed_holo_light) that varies with configuration!!
W/Resources( 3981): Preloaded drawable resource #0x10803fd (android:drawable/list_longpressed_holo_light) that varies with configuration!!
W/Resources( 3981): Preloaded drawable resource #0x108041b (android:drawable/list_selector_background_transition_holo_light) that varies with configuration!!
W/Resources( 3981): Preloaded drawable resource #0x10803f7 (android:drawable/list_focused_holo) that varies with configuration!!
W/Resources( 3981): Preloaded drawable resource #0x1080422 (android:drawable/list_selector_holo_light) that varies with configuration!!
I/Netd    ( 3982): execIptablesCommand android_fork_execvp exit
I/Netd    ( 3982): execIptablesCommand android_fork_execvp enter
D/dalvikvm( 3981): GC_EXPLICIT freed 73K (226), 6% free 3042K/3216K (before 3115K/3216K), paused 1ms+0ms, total 6ms
W/Resources( 3981): Preloaded drawable resource #0x108047c (android:drawable/overscroll_edge) that varies with configuration!!
D/dalvikvm( 3981): GC_EXPLICIT freed 212K (160), 12% free 3052K/3440K (before 3264K/3440K), paused 1ms+0ms, total 6ms
I/Netd    ( 3982): execIptablesCommand android_fork_execvp exit
I/Netd    ( 3982): execIptablesCommand android_fork_execvp enter
W/Resources( 3981): Preloaded drawable resource #0x108047d (android:drawable/overscroll_glow) that varies with configuration!!
D/dalvikvm( 3981): GC_EXPLICIT freed 271K (78), 18% free 2851K/3440K (before 3123K/3440K), paused 1ms+1ms, total 6ms
W/Resources( 3981): Preloaded drawable resource #0x10804c5 (android:drawable/progress_bg_holo_dark) that varies with configuration!!
W/Resources( 3981): Preloaded drawable resource #0x10804c5 (android:drawable/progress_bg_holo_dark) that varies with configuration!!
W/Resources( 3981): Preloaded drawable resource #0x10804d2 (android:drawable/progress_secondary_holo_dark) that varies with configuration!!
W/Resources( 3981): Preloaded drawable resource #0x10804d0 (android:drawable/progress_primary_holo_dark) that varies with configuration!!
W/Resources( 3981): Preloaded drawable resource #0x10804c7 (android:drawable/progress_horizontal_holo_dark) that varies with configuration!!
W/Resources( 3981): Preloaded drawable resource #0x10804db (android:drawable/progressbar_indeterminate_holo1) that varies with configuration!!
